[backblue.gif]
[fade.gif]
[index.html]
[lee-song-yi.pe.kr/js/jquery-1.12.4.min4fe0.js]
[lee-song-yi.pe.kr/js/jquery-migrate-1.4.1.min4fe0.js]
[lee-song-yi.pe.kr/js/jquery.menu4fe0.js]
[lee-song-yi.pe.kr/js/common4fe0.js]
[lee-song-yi.pe.kr/js/wrest4fe0.js]
[lee-song-yi.pe.kr/js/placeholders.min4fe0.js]
[cdn.jsdelivr.net/npm/swiper/swiper-bundle.min.css]
[ajax.googleapis.com/ajax/libs/jquery/1.11.3/jquery.min.js]
[kit.fontawesome.com/979b8c848e.js]
[lee-song-yi.pe.kr/js/jquery.vide.js]
[lee-song-yi.pe.kr/img/leaves1.png]
[lee-song-yi.pe.kr/img/leaves2.png]
[lee-song-yi.pe.kr/img/leaves3.png]
[lee-song-yi.pe.kr/img/circle-text.png]
[lee-song-yi.pe.kr/img/quick-leaves1.png]
[lee-song-yi.pe.kr/img/quick-leaves2.png]
[lee-song-yi.pe.kr/img/quick-leaves3.png]
[lee-song-yi.pe.kr/img/daegoo.png]
[lee-song-yi.pe.kr/img/nohyeong.png]
[lee-song-yi.pe.kr/img/mansung.png]
[lee-song-yi.pe.kr/data/file/notice/thumb-124ff4517aaeb5ce12c71ca6b4e78089_jMnHfGsY_68b17db379d3e88ab2c293f0be9fccf0dcf73391_210x150.jpg]
[lee-song-yi.pe.kr/data/file/notice/thumb-124ff4517aaeb5ce12c71ca6b4e78089_RMWzVOiq_d4c871c5d4ef27e27fb8e114b47876e9b768a2b1_210x150.jpg]
[lee-song-yi.pe.kr/data/file/notice/thumb-124ff4517aaeb5ce12c71ca6b4e78089_0KF5NZSW_1ca6b7c2215b036847d1ed962fa33b6d3ecce050_210x150.jpg]
[lee-song-yi.pe.kr/index.html]
[cdn.jsdelivr.net/npm/swiper/swiper-bundle.min.js]
[lee-song-yi.pe.kr/img/logo.png]
[lee-song-yi.pe.kr/img/sns.png]
[lee-song-yi.pe.kr/img/captcha2.png]
[lee-song-yi.pe.kr/img/require.png]
[lee-song-yi.pe.kr/img/btn_first.gif]
[lee-song-yi.pe.kr/img/btn_prev.gif]
[lee-song-yi.pe.kr/img/btn_end.gif]
[lee-song-yi.pe.kr/css/default7d54.css]
[lee-song-yi.pe.kr/img/btn_next.gif]
[lee-song-yi.pe.kr/js/font-awesome/fonts/fontawesome-webfont3e6e.eot]
[lee-song-yi.pe.kr/js/font-awesome/fonts/fontawesome-webfontd41d.eot]
[lee-song-yi.pe.kr/js/font-awesome/fonts/fontawesome-webfont3e6e.woff2]
[lee-song-yi.pe.kr/js/font-awesome/fonts/fontawesome-webfont3e6e.woff]
[lee-song-yi.pe.kr/js/font-awesome/fonts/fontawesome-webfont3e6e.ttf]
[lee-song-yi.pe.kr/js/font-awesome/css/font-awesome.min7d54.css]
[lee-song-yi.pe.kr/theme/basic/skin/latest/pic_block/style7d54.css]
[lee-song-yi.pe.kr/bbs/index.html]
[lee-song-yi.pe.kr/img/main-bg.png]
[lee-song-yi.pe.kr/img/menu-drink-season.png]
[lee-song-yi.pe.kr/img/menu-drink-season2.png]
[lee-song-yi.pe.kr/img/menu-drink-season3.png]
[lee-song-yi.pe.kr/img/menu-drink-season4.png]
[lee-song-yi.pe.kr/img/menu-drink.png]
[lee-song-yi.pe.kr/img/quick-ill.png]
[lee-song-yi.pe.kr/img/new-circle.png]
[lee-song-yi.pe.kr/img/new-leaves.png]
[lee-song-yi.pe.kr/css/index.css]
[cdn.jsdelivr.net/npm/swiper/swiper-bundle.min.css]
[fonts.googleapis.com/css230c1.css]
[lee-song-yi.pe.kr/index-2.html]
[lee-song-yi.pe.kr/img/sub1-circle.png]
[lee-song-yi.pe.kr/img/sub1-intro-img1.png]
[lee-song-yi.pe.kr/img/sub1-intro-img2.png]
[lee-song-yi.pe.kr/img/sub1-ci.png]
[lee-song-yi.pe.kr/img/sub1-ci2.png]
[lee-song-yi.pe.kr/sub/sub1-1.html]
[lee-song-yi.pe.kr/sub/sub1-2.html]
[ssl.daumcdn.net/dmaps/map_js_init/roughmapLoader.js]
[lee-song-yi.pe.kr/sub/sub1-3.html]
[lee-song-yi.pe.kr/sub/sub1-4.html]
[lee-song-yi.pe.kr/data/file/gallery/thumb-e3191db1632facf8d7ef05a9f7ac5d8a_Zg3FGO2c_7613c7e808d0109ce0b4543f7ed5fa4faba0179f_150x150.png]
[lee-song-yi.pe.kr/data/file/gallery/thumb-e3191db1632facf8d7ef05a9f7ac5d8a_liKhMTkd_ae99a141a9c81a10c7cdc2231a25ae75bdef01ba_150x150.png]
[lee-song-yi.pe.kr/data/file/gallery/thumb-e3191db1632facf8d7ef05a9f7ac5d8a_F5guOJ3C_04631833722bdef820e3b7927c68df17f1eb6222_150x150.png]
[lee-song-yi.pe.kr/data/file/gallery/thumb-e3191db1632facf8d7ef05a9f7ac5d8a_0Uips7nC_f5d0f1d7776748b04d04ceff4a6f68523c6c743a_150x150.png]
[lee-song-yi.pe.kr/data/file/gallery/thumb-e3191db1632facf8d7ef05a9f7ac5d8a_JO3nH9u4_9dbc7d6d10c4ed6f2df45723cd91ed067698e44d_150x150.png]
[lee-song-yi.pe.kr/data/file/gallery/thumb-e3191db1632facf8d7ef05a9f7ac5d8a_PEFDNiep_5c743dd69ca4650879a5382b4a408945001df22e_150x150.png]
[lee-song-yi.pe.kr/data/file/gallery/thumb-e3191db1632facf8d7ef05a9f7ac5d8a_MTBjq9Zh_a76710350bf1d227ad1fd31a3f7f0734a22fa262_150x150.png]
[lee-song-yi.pe.kr/data/file/gallery/thumb-e3191db1632facf8d7ef05a9f7ac5d8a_zd2uAPRY_317d04b8e192df1915a9fb29fd90468681c63052_150x150.png]
[lee-song-yi.pe.kr/bbs/board8dea.html]
[lee-song-yi.pe.kr/sub/sub2-1.html]
[lee-song-yi.pe.kr/img/gall_blacktea.png]
[lee-song-yi.pe.kr/img/gall_jasminetea.png]
[lee-song-yi.pe.kr/sub/sub2-2.html]
[lee-song-yi.pe.kr/data/file/Season/thumb-e3191db1632facf8d7ef05a9f7ac5d8a_QZ7lJBmT_5ba6b9fead8abb2c6ced35e4fba7d1cbe3066cfb_202x150.png]
[lee-song-yi.pe.kr/data/file/Season/thumb-e3191db1632facf8d7ef05a9f7ac5d8a_pEIesZwB_0b41e89279373b1dbed7ef51f9432dc8ca1843f5_202x150.png]
[lee-song-yi.pe.kr/data/file/Season/thumb-e3191db1632facf8d7ef05a9f7ac5d8a_fOylw05G_cf2be56a8daf8e23fb3e44fd0fe00d1ac69aaa6a_202x150.png]
[lee-song-yi.pe.kr/data/file/Season/thumb-e3191db1632facf8d7ef05a9f7ac5d8a_xKiApoOU_293632c5dd8b9b1a1ea2b09fc8aee5c3c63ea224_202x150.png]
[lee-song-yi.pe.kr/data/file/Season/thumb-e3191db1632facf8d7ef05a9f7ac5d8a_4r5ioyUd_17ead1a5585b23d813d6ed89714e91cb4293134e_202x150.png]
[lee-song-yi.pe.kr/data/file/Season/thumb-e3191db1632facf8d7ef05a9f7ac5d8a_VYNSKDEs_3a3e423bada8870f02d827ab60ae07d1430a02f8_202x150.png]
[lee-song-yi.pe.kr/data/file/Season/thumb-e3191db1632facf8d7ef05a9f7ac5d8a_pNhFrLnv_03e622062719c39ab8f69ee8eaaa2fc353fdc15b_202x150.png]
[lee-song-yi.pe.kr/data/file/Season/thumb-e3191db1632facf8d7ef05a9f7ac5d8a_q93YGoQP_17bab83b1a76cd21963a81a5534c6738d8e5d105_202x150.png]
[lee-song-yi.pe.kr/bbs/boarddd8f.html]
[lee-song-yi.pe.kr/data/file/dessert/thumb-124ff4517aaeb5ce12c71ca6b4e78089_JDSeYGXh_e7120ba2c32932e1f8b4c9d753b6dd75d14cf62c_202x150.png]
[lee-song-yi.pe.kr/data/file/dessert/thumb-124ff4517aaeb5ce12c71ca6b4e78089_ln4UAFEx_6a9d031bf946dd7e88e12a594af1061cf990f47e_202x150.png]
[lee-song-yi.pe.kr/data/file/dessert/thumb-124ff4517aaeb5ce12c71ca6b4e78089_yz52pofg_7ba8416d40373ffd430cc2e52d227753998a7b9d_202x150.png]
[lee-song-yi.pe.kr/data/file/dessert/thumb-124ff4517aaeb5ce12c71ca6b4e78089_xShaCcTX_244dd30feed378cfdd9f5b7193df5fd6ed981c12_202x150.png]
[lee-song-yi.pe.kr/data/file/dessert/thumb-124ff4517aaeb5ce12c71ca6b4e78089_txL3yhB8_5479c864071cd6db2b9fdddcc33c050e321e9e77_202x150.png]
[lee-song-yi.pe.kr/data/file/dessert/thumb-124ff4517aaeb5ce12c71ca6b4e78089_h60xqwHN_ddb5ecc5112f48b143ad2275f54d8bc76469eb07_202x150.png]
[lee-song-yi.pe.kr/data/file/dessert/thumb-124ff4517aaeb5ce12c71ca6b4e78089_b3MWG7AY_a77a698345eca32cc18f44aaa64ca1627d02d41e_202x150.png]
[lee-song-yi.pe.kr/data/file/dessert/thumb-124ff4517aaeb5ce12c71ca6b4e78089_CY817RFl_9f26c793a03c66c0e07409dc7ad152b436c042a2_202x150.png]
[lee-song-yi.pe.kr/bbs/board413b.html]
[lee-song-yi.pe.kr/sub/sub3-1.html]
[lee-song-yi.pe.kr/img/30-market.png]
[lee-song-yi.pe.kr/img/30-market2.png]
[lee-song-yi.pe.kr/img/30-market3.png]
[lee-song-yi.pe.kr/img/30-market4.png]
[lee-song-yi.pe.kr/img/30-market5.png]
[lee-song-yi.pe.kr/img/10-market.png]
[lee-song-yi.pe.kr/img/10-market2.png]
[lee-song-yi.pe.kr/img/kiosk-market.png]
[lee-song-yi.pe.kr/sub/sub3-2.html]
[lee-song-yi.pe.kr/sub/sub3-3.html]
[lee-song-yi.pe.kr/bbs/board11a5.html]
[lee-song-yi.pe.kr/skin/board/branches_on/d3.min4fe0.js]
[lee-song-yi.pe.kr/bbs/boardcaea.html]
[lee-song-yi.pe.kr/bbs/boardacb2.html]
[lee-song-yi.pe.kr/sub/sub5-1.html]
[lee-song-yi.pe.kr/img/member-iphone.png]
[lee-song-yi.pe.kr/sub/sub6-1.html]
[lee-song-yi.pe.kr/data/file/notice/thumb-124ff4517aaeb5ce12c71ca6b4e78089_jMnHfGsY_68b17db379d3e88ab2c293f0be9fccf0dcf73391_345x300.jpg]
[lee-song-yi.pe.kr/data/file/notice/thumb-124ff4517aaeb5ce12c71ca6b4e78089_RMWzVOiq_d4c871c5d4ef27e27fb8e114b47876e9b768a2b1_345x300.jpg]
[lee-song-yi.pe.kr/data/file/notice/thumb-124ff4517aaeb5ce12c71ca6b4e78089_0KF5NZSW_1ca6b7c2215b036847d1ed962fa33b6d3ecce050_345x300.jpg]
[lee-song-yi.pe.kr/data/file/notice/thumb-124ff4517aaeb5ce12c71ca6b4e78089_sO8jc6Em_b29d8f5965fb307685d54d74a6a13050e7728dc7_345x300.jpg]
[lee-song-yi.pe.kr/data/file/notice/thumb-124ff4517aaeb5ce12c71ca6b4e78089_sZ7yFgi5_9ecc932d1b7371411eafe949ce077044adecceb7_345x300.jpg]
[lee-song-yi.pe.kr/data/file/notice/thumb-124ff4517aaeb5ce12c71ca6b4e78089_r2mVEOx4_e4e6d3a106f50096537501e5baaeb4937d5f9e0d_345x300.jpg]
[lee-song-yi.pe.kr/data/file/notice/thumb-124ff4517aaeb5ce12c71ca6b4e78089_2KhEtgsA_59b8e745efd6a9010d0c45d8dae5d8f7a5d51313_345x300.jpg]
[lee-song-yi.pe.kr/data/file/notice/thumb-124ff4517aaeb5ce12c71ca6b4e78089_HVgofjYJ_e0f07b018e9e106a5bf496f3031c2a9d2c9ee946_345x300.jpg]
[lee-song-yi.pe.kr/data/file/notice/thumb-124ff4517aaeb5ce12c71ca6b4e78089_NKiFyhr1_83e31ab39c283dbffb04989d888caed71102f0ad_345x300.png]
[lee-song-yi.pe.kr/bbs/board8497.html]
[lee-song-yi.pe.kr/bbs/boardfe0e.html]
[lee-song-yi.pe.kr/data/file/news/thumb-124ff4517aaeb5ce12c71ca6b4e78089_7Y6ygZDh_c3b03d12d67dcd1c0ec01dbc0312aa651bf11b85_345x290.jpg]
[lee-song-yi.pe.kr/data/file/news/thumb-124ff4517aaeb5ce12c71ca6b4e78089_4ranKklV_e9eb4440f90904fbede300c285ad36672e011ad7_345x290.jpg]
[lee-song-yi.pe.kr/data/file/news/thumb-124ff4517aaeb5ce12c71ca6b4e78089_xBlhFz0c_af104cff6f7b33735780df32cf40402d460f2498_345x290.png]
[lee-song-yi.pe.kr/data/file/news/thumb-124ff4517aaeb5ce12c71ca6b4e78089_ZY1P3Hqu_1f3d7aed331487e10df3c1581e0c88a9b3e8f177_345x290.jpg]
[lee-song-yi.pe.kr/data/file/news/thumb-124ff4517aaeb5ce12c71ca6b4e78089_uiPaS72G_e1416343ac56f62629f8be06688db56619e2cd2d_345x290.png]
[lee-song-yi.pe.kr/data/file/news/thumb-124ff4517aaeb5ce12c71ca6b4e78089_TBWzxSDv_6266ddac1faec6531f4fb053c7f0f3936ffceee3_345x290.jpg]
[lee-song-yi.pe.kr/data/file/news/thumb-124ff4517aaeb5ce12c71ca6b4e78089_kmPNantQ_9259e4287b22959c3ff3dc3b6b66e9fc92c12cf6_345x290.jpg]
[lee-song-yi.pe.kr/data/file/news/thumb-124ff4517aaeb5ce12c71ca6b4e78089_LUTgFpje_d40e5fb4fad0ec5de899659418be2ffb4d025bd2_345x290.jpg]
[lee-song-yi.pe.kr/data/file/news/thumb-124ff4517aaeb5ce12c71ca6b4e78089_A7LQX0se_9581d50c254083153366454ab5e3402dc1b02cf3_345x290.jpg]
[lee-song-yi.pe.kr/bbs/board71db.html]
[lee-song-yi.pe.kr/bbs/board34e8.html]
[lee-song-yi.pe.kr/bbs/register.html]
[lee-song-yi.pe.kr/bbs/login.html]
[lee-song-yi.pe.kr/js/viewimageresize.js]
[lee-song-yi.pe.kr/data/file/gallery/thumb-e3191db1632facf8d7ef05a9f7ac5d8a_Zg3FGO2c_7613c7e808d0109ce0b4543f7ed5fa4faba0179f_835x835.png]
[lee-song-yi.pe.kr/js/md5.js]
[lee-song-yi.pe.kr/bbs/board8761.html]
[lee-song-yi.pe.kr/data/file/gallery/thumb-e3191db1632facf8d7ef05a9f7ac5d8a_liKhMTkd_ae99a141a9c81a10c7cdc2231a25ae75bdef01ba_835x835.png]
[lee-song-yi.pe.kr/bbs/board5f57.html]
[lee-song-yi.pe.kr/data/file/gallery/thumb-e3191db1632facf8d7ef05a9f7ac5d8a_F5guOJ3C_04631833722bdef820e3b7927c68df17f1eb6222_835x835.png]
[lee-song-yi.pe.kr/bbs/board4a80.html]
[lee-song-yi.pe.kr/data/file/gallery/thumb-e3191db1632facf8d7ef05a9f7ac5d8a_0Uips7nC_f5d0f1d7776748b04d04ceff4a6f68523c6c743a_835x835.png]
[lee-song-yi.pe.kr/bbs/board001c.html]
[lee-song-yi.pe.kr/data/file/gallery/thumb-e3191db1632facf8d7ef05a9f7ac5d8a_JO3nH9u4_9dbc7d6d10c4ed6f2df45723cd91ed067698e44d_835x835.png]
[lee-song-yi.pe.kr/bbs/board9ee2.html]
[lee-song-yi.pe.kr/bbs/board86de.html]
[lee-song-yi.pe.kr/data/file/gallery/thumb-e3191db1632facf8d7ef05a9f7ac5d8a_PEFDNiep_5c743dd69ca4650879a5382b4a408945001df22e_835x835.png]
[lee-song-yi.pe.kr/bbs/boardfcdf.html]
[lee-song-yi.pe.kr/data/file/gallery/thumb-e3191db1632facf8d7ef05a9f7ac5d8a_MTBjq9Zh_a76710350bf1d227ad1fd31a3f7f0734a22fa262_835x835.png]
[lee-song-yi.pe.kr/data/file/gallery/thumb-e3191db1632facf8d7ef05a9f7ac5d8a_zd2uAPRY_317d04b8e192df1915a9fb29fd90468681c63052_835x835.png]
[lee-song-yi.pe.kr/bbs/board6e93.html]
[lee-song-yi.pe.kr/data/file/gallery/thumb-e3191db1632facf8d7ef05a9f7ac5d8a_lXTSQFdP_989752d500ad00f53b1b94ac1984ef63c0a30807_835x835.png]
[lee-song-yi.pe.kr/bbs/boardc6f2.html]
[lee-song-yi.pe.kr/bbs/boardf358.html]
[lee-song-yi.pe.kr/data/file/gallery/thumb-e3191db1632facf8d7ef05a9f7ac5d8a_VNiZIeJM_17c4977b2546d810b178268501669b4ef334e40f_835x835.png]
[lee-song-yi.pe.kr/data/file/Season/thumb-e3191db1632facf8d7ef05a9f7ac5d8a_QZ7lJBmT_5ba6b9fead8abb2c6ced35e4fba7d1cbe3066cfb_600x600.png]
[lee-song-yi.pe.kr/bbs/board158d.html]
[lee-song-yi.pe.kr/data/file/Season/thumb-e3191db1632facf8d7ef05a9f7ac5d8a_pEIesZwB_0b41e89279373b1dbed7ef51f9432dc8ca1843f5_600x600.png]
[lee-song-yi.pe.kr/bbs/board1a9f.html]
[lee-song-yi.pe.kr/data/file/Season/thumb-e3191db1632facf8d7ef05a9f7ac5d8a_fOylw05G_cf2be56a8daf8e23fb3e44fd0fe00d1ac69aaa6a_600x600.png]
[lee-song-yi.pe.kr/bbs/boardd013.html]
[lee-song-yi.pe.kr/data/file/Season/thumb-e3191db1632facf8d7ef05a9f7ac5d8a_xKiApoOU_293632c5dd8b9b1a1ea2b09fc8aee5c3c63ea224_600x600.png]
[lee-song-yi.pe.kr/bbs/board813f.html]
[lee-song-yi.pe.kr/data/file/Season/thumb-e3191db1632facf8d7ef05a9f7ac5d8a_4r5ioyUd_17ead1a5585b23d813d6ed89714e91cb4293134e_600x600.png]
[lee-song-yi.pe.kr/bbs/board9c2d.html]
[lee-song-yi.pe.kr/data/file/Season/thumb-e3191db1632facf8d7ef05a9f7ac5d8a_VYNSKDEs_3a3e423bada8870f02d827ab60ae07d1430a02f8_600x600.png]
[lee-song-yi.pe.kr/bbs/board682c.html]
[lee-song-yi.pe.kr/data/file/Season/thumb-e3191db1632facf8d7ef05a9f7ac5d8a_pNhFrLnv_03e622062719c39ab8f69ee8eaaa2fc353fdc15b_600x600.png]
[lee-song-yi.pe.kr/bbs/board7cdb.html]
[lee-song-yi.pe.kr/bbs/board06c7.html]
[lee-song-yi.pe.kr/data/file/Season/thumb-e3191db1632facf8d7ef05a9f7ac5d8a_q93YGoQP_17bab83b1a76cd21963a81a5534c6738d8e5d105_600x600.png]
[lee-song-yi.pe.kr/bbs/board0cb1.html]
[lee-song-yi.pe.kr/bbs/board0e6f.html]
[lee-song-yi.pe.kr/bbs/board1001.html]
[dapi.kakao.com/v2/maps/sdk8c58.json]
[lee-song-yi.pe.kr/data/file/notice/thumb-124ff4517aaeb5ce12c71ca6b4e78089_jMnHfGsY_68b17db379d3e88ab2c293f0be9fccf0dcf73391_835x1179.jpg]
[lee-song-yi.pe.kr/bbs/boardcc61.html]
[lee-song-yi.pe.kr/bbs/board6572.html]
[lee-song-yi.pe.kr/data/file/notice/thumb-124ff4517aaeb5ce12c71ca6b4e78089_RMWzVOiq_d4c871c5d4ef27e27fb8e114b47876e9b768a2b1_835x1341.jpg]
[lee-song-yi.pe.kr/data/file/notice/thumb-124ff4517aaeb5ce12c71ca6b4e78089_0KF5NZSW_1ca6b7c2215b036847d1ed962fa33b6d3ecce050_835x835.jpg]
[lee-song-yi.pe.kr/data/file/notice/thumb-124ff4517aaeb5ce12c71ca6b4e78089_2lJ5wkoI_9af0c795b0d3490d47c7598ce604abfdd4b5d745_835x835.jpg]
[lee-song-yi.pe.kr/bbs/boardba2e.html]
[lee-song-yi.pe.kr/sub/sub-f-personal.html]
[lee-song-yi.pe.kr/sub/sub-f-terms.html]
[lee-song-yi.pe.kr/sub/sub-f-collection.html]
[lee-song-yi.pe.kr/js/font-awesome/fonts/fontawesome-webfont3e6e.svg]
[cdn.jsdelivr.net/gh/snz-hayden/toolo/fonts/nanum_squareround/nanum_squareround.css]
[lee-song-yi.pe.kr/img/sub1-visual.png]
[lee-song-yi.pe.kr/css/sub1-common.css]
[lee-song-yi.pe.kr/img/sub1-icon.png]
[lee-song-yi.pe.kr/img/sub1-icon-after.png]
[lee-song-yi.pe.kr/css/sub1-1-index.css]
[lee-song-yi.pe.kr/css/sub1-2-index.css]
[lee-song-yi.pe.kr/css/sub1-3-index.css]
[lee-song-yi.pe.kr/img/sub3-map.png]
[lee-song-yi.pe.kr/css/sub1-4-index.css]
[lee-song-yi.pe.kr/skin/board/gallery/img/chk.png]
[lee-song-yi.pe.kr/skin/board/gallery/img/close_btn.png]
[lee-song-yi.pe.kr/skin/board/gallery/img/btn_cmt.png]
[lee-song-yi.pe.kr/skin/board/gallery/style7d54.css]
[lee-song-yi.pe.kr/img/sub2-visual.png]
[lee-song-yi.pe.kr/css/sub2-common.css]
[lee-song-yi.pe.kr/img/tip-drink.png]
[lee-song-yi.pe.kr/img/menu-tip-icon.png]
[lee-song-yi.pe.kr/img/tip-topping.png]
[lee-song-yi.pe.kr/css/sub2-1-index.css]
[lee-song-yi.pe.kr/img/tea-collec-bg1.png]
[lee-song-yi.pe.kr/img/tea-collec-bg2.png]
[lee-song-yi.pe.kr/img/tea-collec-bg3.png]
[lee-song-yi.pe.kr/img/tea-collec-bg4.png]
[lee-song-yi.pe.kr/css/sub2-2-index.css]
[lee-song-yi.pe.kr/data/file/gallery/thumb-e3191db1632facf8d7ef05a9f7ac5d8a_lXTSQFdP_989752d500ad00f53b1b94ac1984ef63c0a30807_150x150.png]
[lee-song-yi.pe.kr/data/file/gallery/thumb-e3191db1632facf8d7ef05a9f7ac5d8a_VNiZIeJM_17c4977b2546d810b178268501669b4ef334e40f_150x150.png]
[lee-song-yi.pe.kr/data/file/gallery/thumb-e3191db1632facf8d7ef05a9f7ac5d8a_inaX5es9_7b28245406596c84126bc28854ce50ba56e48e8a_150x150.png]
[lee-song-yi.pe.kr/data/file/gallery/thumb-e3191db1632facf8d7ef05a9f7ac5d8a_nIRNFThq_487830b304474c48edac9a5a6d56fa4b8e641b23_150x150.png]
[lee-song-yi.pe.kr/data/file/gallery/thumb-e3191db1632facf8d7ef05a9f7ac5d8a_3XD8FHJW_3d1a450d6f7449e04ff93b5b18fe21218f2c8e0a_150x150.png]
[lee-song-yi.pe.kr/data/file/gallery/thumb-e3191db1632facf8d7ef05a9f7ac5d8a_kNS0ZqnK_c9ef1413de2cc70b49678bc09fc6c175203c0bbf_150x150.png]
[lee-song-yi.pe.kr/data/file/gallery/thumb-e3191db1632facf8d7ef05a9f7ac5d8a_xy0Spm4j_971c1853ebdb8d8a52de00703c55721b1befca80_150x150.png]
[lee-song-yi.pe.kr/data/file/gallery/thumb-e3191db1632facf8d7ef05a9f7ac5d8a_EZ2z1GLs_2035366ee15358d030513a3a2657e85a926f6cb6_150x150.png]
[lee-song-yi.pe.kr/bbs/board1f60.html]
[lee-song-yi.pe.kr/bbs/board20be.html]
[lee-song-yi.pe.kr/data/file/gallery/thumb-e3191db1632facf8d7ef05a9f7ac5d8a_3svtf28b_0ad25bb35ed3bb03005e21beb8b1ff5fbfcf7198_150x150.png]
[lee-song-yi.pe.kr/skin/board/gallery-season/img/chk.png]
[lee-song-yi.pe.kr/skin/board/gallery-season/img/close_btn.png]
[lee-song-yi.pe.kr/skin/board/gallery-season/img/btn_cmt.png]
[lee-song-yi.pe.kr/skin/board/gallery-season/style7d54.css]
[lee-song-yi.pe.kr/skin/board/gallery-dessert/img/chk.png]
[lee-song-yi.pe.kr/skin/board/gallery-dessert/img/close_btn.png]
[lee-song-yi.pe.kr/skin/board/gallery-dessert/img/btn_cmt.png]
[lee-song-yi.pe.kr/skin/board/gallery-dessert/style7d54.css]
[lee-song-yi.pe.kr/data/file/dessert/thumb-124ff4517aaeb5ce12c71ca6b4e78089_JDSeYGXh_e7120ba2c32932e1f8b4c9d753b6dd75d14cf62c_600x600.png]
[lee-song-yi.pe.kr/bbs/boardabd0.html]
[lee-song-yi.pe.kr/data/file/dessert/thumb-124ff4517aaeb5ce12c71ca6b4e78089_ln4UAFEx_6a9d031bf946dd7e88e12a594af1061cf990f47e_600x600.png]
[lee-song-yi.pe.kr/bbs/board04fa.html]
[lee-song-yi.pe.kr/bbs/board2752.html]
[lee-song-yi.pe.kr/data/file/dessert/thumb-124ff4517aaeb5ce12c71ca6b4e78089_yz52pofg_7ba8416d40373ffd430cc2e52d227753998a7b9d_600x600.png]
[lee-song-yi.pe.kr/data/file/dessert/thumb-124ff4517aaeb5ce12c71ca6b4e78089_xShaCcTX_244dd30feed378cfdd9f5b7193df5fd6ed981c12_600x600.png]
[lee-song-yi.pe.kr/bbs/boardf313.html]
[lee-song-yi.pe.kr/data/file/dessert/thumb-124ff4517aaeb5ce12c71ca6b4e78089_txL3yhB8_5479c864071cd6db2b9fdddcc33c050e321e9e77_600x600.png]
[lee-song-yi.pe.kr/bbs/board5561.html]
[lee-song-yi.pe.kr/data/file/dessert/thumb-124ff4517aaeb5ce12c71ca6b4e78089_h60xqwHN_ddb5ecc5112f48b143ad2275f54d8bc76469eb07_600x600.png]
[lee-song-yi.pe.kr/bbs/board57e7.html]
[lee-song-yi.pe.kr/data/file/dessert/thumb-124ff4517aaeb5ce12c71ca6b4e78089_b3MWG7AY_a77a698345eca32cc18f44aaa64ca1627d02d41e_600x600.png]
[lee-song-yi.pe.kr/bbs/board226f.html]
[lee-song-yi.pe.kr/data/file/dessert/thumb-124ff4517aaeb5ce12c71ca6b4e78089_CY817RFl_9f26c793a03c66c0e07409dc7ad152b436c042a2_600x600.png]
[lee-song-yi.pe.kr/bbs/boarde1e6.html]
[lee-song-yi.pe.kr/data/file/dessert/thumb-124ff4517aaeb5ce12c71ca6b4e78089_tMO2QejB_8a54fecfe01a80ff308576ab249590a9ed8b0e24_202x150.png]
[lee-song-yi.pe.kr/bbs/boardc63e.html]
[lee-song-yi.pe.kr/img/sub3-visual.png]
[lee-song-yi.pe.kr/css/sub3-common.css]
[lee-song-yi.pe.kr/img/founded-icon.png]
[lee-song-yi.pe.kr/css/sub3-1-index.css]
[lee-song-yi.pe.kr/css/sub3-2-index.css]
[lee-song-yi.pe.kr/css/sub3-3-index.css]
[lee-song-yi.pe.kr/skin/board/mandoo_150808/style7d54.css]
[ajax.googleapis.com/ajax/libs/jqueryui/1.8.4/jquery-ui.min.js]
[dmaps.daum.net/map_js_init/postcode.v2.js]
[lee-song-yi.pe.kr/plugin/kcaptcha/kcaptcha.js]
[lee-song-yi.pe.kr/plugin/kcaptcha/img/dot.gif]
[lee-song-yi.pe.kr/bbs/write11a5.html]
[lee-song-yi.pe.kr/bbs/board4fa7.html]
[lee-song-yi.pe.kr/bbs/boardac27.html]
[lee-song-yi.pe.kr/bbs/boardc8b5.html]
[lee-song-yi.pe.kr/bbs/boardb671.html]
[lee-song-yi.pe.kr/bbs/board7abf.html]
[lee-song-yi.pe.kr/bbs/board45ad.html]
[lee-song-yi.pe.kr/bbs/board9652.html]
[lee-song-yi.pe.kr/bbs/boardf2de.html]
[lee-song-yi.pe.kr/bbs/board6404.html]
[lee-song-yi.pe.kr/bbs/board8461.html]
[lee-song-yi.pe.kr/bbs/board0457.html]
[lee-song-yi.pe.kr/skin/board/branches_on/style7d54.css]
[lee-song-yi.pe.kr/img/sub4-visual.png]
[lee-song-yi.pe.kr/css/sub4-common.css]
[lee-song-yi.pe.kr/bbs/board276a.html]
[lee-song-yi.pe.kr/bbs/board5231.html]
[lee-song-yi.pe.kr/bbs/board354e.html]
[lee-song-yi.pe.kr/bbs/board66be.html]
[lee-song-yi.pe.kr/bbs/boarde036.html]
[lee-song-yi.pe.kr/bbs/boarddc9a.html]
[lee-song-yi.pe.kr/bbs/board6e95.html]
[lee-song-yi.pe.kr/bbs/board91fc.html]
[lee-song-yi.pe.kr/bbs/board90d4.html]
[lee-song-yi.pe.kr/bbs/board4103.html]
[lee-song-yi.pe.kr/bbs/board7ae5.html]
[lee-song-yi.pe.kr/bbs/board6152.html]
[lee-song-yi.pe.kr/bbs/board3ae6.html]
[lee-song-yi.pe.kr/bbs/board6c94.html]
[lee-song-yi.pe.kr/bbs/boardc03f.html]
[lee-song-yi.pe.kr/bbs/board9317.html]
[lee-song-yi.pe.kr/bbs/board28ac.html]
[lee-song-yi.pe.kr/bbs/boarda507.html]
[lee-song-yi.pe.kr/bbs/boardff09.html]
[lee-song-yi.pe.kr/bbs/boarde136.html]
[lee-song-yi.pe.kr/bbs/board8105.html]
[lee-song-yi.pe.kr/bbs/board2b16.html]
[lee-song-yi.pe.kr/bbs/board208a.html]
[lee-song-yi.pe.kr/bbs/boardf991.html]
[lee-song-yi.pe.kr/bbs/board6ead.html]
[lee-song-yi.pe.kr/bbs/board16c9.html]
[lee-song-yi.pe.kr/bbs/boardea11.html]
[lee-song-yi.pe.kr/skin/board/faq4/img/close_btn.png]
[lee-song-yi.pe.kr/skin/board/faq4/img/icon_view.png]
[lee-song-yi.pe.kr/skin/board/faq4/img/icon_comment.png]
[lee-song-yi.pe.kr/skin/board/faq4/img/icon_good.png]
[lee-song-yi.pe.kr/skin/board/faq4/img/icon_bad.png]
[lee-song-yi.pe.kr/skin/board/faq4/img/cmt_btn.png]
[lee-song-yi.pe.kr/img/sub4-2map.png]
[lee-song-yi.pe.kr/skin/board/faq4/style.css]
[lee-song-yi.pe.kr/bbs/board51d3.html]
[lee-song-yi.pe.kr/img/sub5-visual.png]
[lee-song-yi.pe.kr/css/sub5-common.css]
[lee-song-yi.pe.kr/img/member-icon.png]
[lee-song-yi.pe.kr/img/member-qr.png]
[lee-song-yi.pe.kr/img/member-list.png]
[lee-song-yi.pe.kr/css/sub5-1-index.css]
[lee-song-yi.pe.kr/skin/board/gallery-notice/img/chk.png]
[lee-song-yi.pe.kr/skin/board/gallery-notice/img/close_btn.png]
[lee-song-yi.pe.kr/skin/board/gallery-notice/img/btn_cmt.png]
[lee-song-yi.pe.kr/skin/board/gallery-notice/style7d54.css]
[lee-song-yi.pe.kr/img/sub6-visual.png]
[lee-song-yi.pe.kr/css/sub6-common.css]
[lee-song-yi.pe.kr/css/sub6-1-index.css]
[lee-song-yi.pe.kr/bbs/board2367.html]
[lee-song-yi.pe.kr/data/file/notice/thumb-124ff4517aaeb5ce12c71ca6b4e78089_sO8jc6Em_b29d8f5965fb307685d54d74a6a13050e7728dc7_835x835.jpg]
[lee-song-yi.pe.kr/data/file/notice/thumb-124ff4517aaeb5ce12c71ca6b4e78089_sZ7yFgi5_9ecc932d1b7371411eafe949ce077044adecceb7_835x835.jpg]
[lee-song-yi.pe.kr/data/file/notice/thumb-124ff4517aaeb5ce12c71ca6b4e78089_J6GvKA91_754bf033d467d6791a3b36d274620504be06e454_835x835.jpg]
[lee-song-yi.pe.kr/bbs/board5d1c.html]
[lee-song-yi.pe.kr/bbs/board6958.html]
[lee-song-yi.pe.kr/data/file/notice/thumb-124ff4517aaeb5ce12c71ca6b4e78089_r2mVEOx4_e4e6d3a106f50096537501e5baaeb4937d5f9e0d_835x1178.jpg]
[lee-song-yi.pe.kr/data/file/notice/thumb-124ff4517aaeb5ce12c71ca6b4e78089_2KhEtgsA_59b8e745efd6a9010d0c45d8dae5d8f7a5d51313_835x1670.jpg]
[lee-song-yi.pe.kr/bbs/boarde48d.html]
[lee-song-yi.pe.kr/data/file/notice/thumb-124ff4517aaeb5ce12c71ca6b4e78089_HVgofjYJ_e0f07b018e9e106a5bf496f3031c2a9d2c9ee946_835x1182.jpg]
[lee-song-yi.pe.kr/bbs/board30ae.html]
[lee-song-yi.pe.kr/data/file/notice/thumb-124ff4517aaeb5ce12c71ca6b4e78089_NKiFyhr1_83e31ab39c283dbffb04989d888caed71102f0ad_835x835.png]
[lee-song-yi.pe.kr/bbs/board6bb7.html]
[lee-song-yi.pe.kr/data/file/notice/thumb-124ff4517aaeb5ce12c71ca6b4e78089_u0E6RT41_e3f3a3159414985caec964a636fa492428cd944a_345x300.png]
[lee-song-yi.pe.kr/bbs/board35da.html]
[lee-song-yi.pe.kr/skin/board/basic/img/chk.png]
[lee-song-yi.pe.kr/skin/board/basic/img/close_btn.png]
[lee-song-yi.pe.kr/skin/board/basic/img/btn_cmt.png]
[lee-song-yi.pe.kr/skin/board/basic/style7d54.css]
[lee-song-yi.pe.kr/data/file/event/thumb-124ff4517aaeb5ce12c71ca6b4e78089_vVAQBEpP_f248cb45a2edb07133a6050e6ef03dbd7e1f7da2_600x600.png]
[lee-song-yi.pe.kr/data/file/event/thumb-124ff4517aaeb5ce12c71ca6b4e78089_4HtlN8Sf_97ca4f7e228ec8ed685b6e7c3bfecbcfc9ff7613_600x600.png]
[lee-song-yi.pe.kr/bbs/board289f.html]
[lee-song-yi.pe.kr/data/file/event/124ff4517aaeb5ce12c71ca6b4e78089_3jmkzFic_0223f67bb6c7c68d762bfc6c11cb7ceba8f41b2b.png]
[lee-song-yi.pe.kr/bbs/board5184.html]
[lee-song-yi.pe.kr/data/file/event/124ff4517aaeb5ce12c71ca6b4e78089_MgsR9BGV_a8dc808d0f3ae8ce94e38ce00a2163cec3907171.png]
[lee-song-yi.pe.kr/bbs/boardcb3a.html]
[lee-song-yi.pe.kr/data/file/event/124ff4517aaeb5ce12c71ca6b4e78089_VfnSGFZa_58a7725638827574786c87bd869290fc5029e80d.png]
[lee-song-yi.pe.kr/data/file/event/124ff4517aaeb5ce12c71ca6b4e78089_ZNDq4uR1_5e5581f936908efb6131c3da607103e01c2fcecd.jpg]
[lee-song-yi.pe.kr/bbs/boarde206.html]
[lee-song-yi.pe.kr/data/file/event/124ff4517aaeb5ce12c71ca6b4e78089_hB5CzXIb_bbe6f1f17025aaef80e67d5927065d082c77f8ee.jpg]
[lee-song-yi.pe.kr/data/file/event/124ff4517aaeb5ce12c71ca6b4e78089_bkAW6hcX_2eecef657ffa6951a93756b35a5eb1ce779f8c7e.jpg]
[lee-song-yi.pe.kr/data/file/event/124ff4517aaeb5ce12c71ca6b4e78089_bdAwfyNW_b53971a9a28a74daf5729b7ded7af335ae5ca410.jpg]
[lee-song-yi.pe.kr/bbs/boardd580.html]
[lee-song-yi.pe.kr/data/file/event/thumb-124ff4517aaeb5ce12c71ca6b4e78089_E9ecRZQJ_e1c4fa8b5082490dea0be24704ad9cb8b1661cd3_600x601.png]
[lee-song-yi.pe.kr/bbs/boardf619.html]
[lee-song-yi.pe.kr/data/file/event/thumb-124ff4517aaeb5ce12c71ca6b4e78089_Az6yOuik_4fb35ccdf65a3368ed1c62d389bc443bcdd6a6f4_600x600.jpg]
[lee-song-yi.pe.kr/bbs/board4396.html]
[lee-song-yi.pe.kr/data/file/event/thumb-124ff4517aaeb5ce12c71ca6b4e78089_pxKW31IN_1e9cc55a41c88643f0871ca28a21ec0e3d4b06d2_600x600.jpg]
[lee-song-yi.pe.kr/bbs/board8972.html]
[lee-song-yi.pe.kr/data/file/event/thumb-124ff4517aaeb5ce12c71ca6b4e78089_TyYexsMB_accf1c1d6d3ae81a393f5d0a8e4902a351504584_600x840.jpg]
[lee-song-yi.pe.kr/bbs/board53ee.html]
[lee-song-yi.pe.kr/data/file/event/thumb-124ff4517aaeb5ce12c71ca6b4e78089_kaL8tV39_8f7c81055691dbded65ab5a5582370ef69babb46_600x847.jpg]
[lee-song-yi.pe.kr/bbs/boarde3a3.html]
[lee-song-yi.pe.kr/bbs/board5d5e.html]
[lee-song-yi.pe.kr/skin/board/gallery-news/img/chk.png]
[lee-song-yi.pe.kr/skin/board/gallery-news/img/close_btn.png]
[lee-song-yi.pe.kr/skin/board/gallery-news/img/btn_cmt.png]
[lee-song-yi.pe.kr/skin/board/gallery-news/style7d54.css]
[lee-song-yi.pe.kr/bbs/board6f2a.html]
[lee-song-yi.pe.kr/data/file/news/thumb-124ff4517aaeb5ce12c71ca6b4e78089_7Y6ygZDh_c3b03d12d67dcd1c0ec01dbc0312aa651bf11b85_600x849.jpg]
[lee-song-yi.pe.kr/bbs/boardeea2.html]
[lee-song-yi.pe.kr/data/file/news/thumb-124ff4517aaeb5ce12c71ca6b4e78089_4ranKklV_e9eb4440f90904fbede300c285ad36672e011ad7_600x849.jpg]
[lee-song-yi.pe.kr/data/file/news/thumb-124ff4517aaeb5ce12c71ca6b4e78089_xBlhFz0c_af104cff6f7b33735780df32cf40402d460f2498_600x450.png]
[lee-song-yi.pe.kr/bbs/board929f.html]
[lee-song-yi.pe.kr/data/file/news/thumb-124ff4517aaeb5ce12c71ca6b4e78089_ZY1P3Hqu_1f3d7aed331487e10df3c1581e0c88a9b3e8f177_600x450.jpg]
[lee-song-yi.pe.kr/bbs/board6993.html]
[lee-song-yi.pe.kr/data/file/news/thumb-124ff4517aaeb5ce12c71ca6b4e78089_uiPaS72G_e1416343ac56f62629f8be06688db56619e2cd2d_600x450.png]
[lee-song-yi.pe.kr/bbs/board49de.html]
[lee-song-yi.pe.kr/data/file/news/thumb-124ff4517aaeb5ce12c71ca6b4e78089_TBWzxSDv_6266ddac1faec6531f4fb053c7f0f3936ffceee3_600x450.jpg]
[lee-song-yi.pe.kr/bbs/board4821.html]
[lee-song-yi.pe.kr/bbs/boardca89.html]
[lee-song-yi.pe.kr/data/file/news/thumb-124ff4517aaeb5ce12c71ca6b4e78089_kmPNantQ_9259e4287b22959c3ff3dc3b6b66e9fc92c12cf6_600x784.jpg]
[lee-song-yi.pe.kr/data/file/news/124ff4517aaeb5ce12c71ca6b4e78089_LUTgFpje_d40e5fb4fad0ec5de899659418be2ffb4d025bd2.jpg]
[lee-song-yi.pe.kr/bbs/board19db.html]
[lee-song-yi.pe.kr/data/file/news/thumb-124ff4517aaeb5ce12c71ca6b4e78089_A7LQX0se_9581d50c254083153366454ab5e3402dc1b02cf3_600x450.jpg]
[lee-song-yi.pe.kr/bbs/board9a60.html]
[lee-song-yi.pe.kr/data/file/news/thumb-124ff4517aaeb5ce12c71ca6b4e78089_JSxAWyN8_8544e4067c957b089f98b1e7db63efd3a300cbc1_345x290.jpg]
[lee-song-yi.pe.kr/bbs/board5e7e.html]
[lee-song-yi.pe.kr/skin/board/mandoo_br/style7d54.css]
[lee-song-yi.pe.kr/img/sub7-visual.png]
[lee-song-yi.pe.kr/css/sub7-common.css]
[lee-song-yi.pe.kr/bbs/write34e8.html]
[lee-song-yi.pe.kr/bbs/board721c.html]
[lee-song-yi.pe.kr/bbs/board9bab.html]
[lee-song-yi.pe.kr/bbs/board7e3e.html]
[lee-song-yi.pe.kr/bbs/board2120.html]
[lee-song-yi.pe.kr/bbs/boardab72.html]
[lee-song-yi.pe.kr/skin/member/basic/img/chk.png]
[lee-song-yi.pe.kr/skin/member/basic/style7d54.css]
[lee-song-yi.pe.kr/bbs/password_lost.html]
[lee-song-yi.pe.kr/data/file/gallery/e3191db1632facf8d7ef05a9f7ac5d8a_Zg3FGO2c_7613c7e808d0109ce0b4543f7ed5fa4faba0179f.png]
[lee-song-yi.pe.kr/bbs/view_image6713.html]
[lee-song-yi.pe.kr/data/file/gallery/e3191db1632facf8d7ef05a9f7ac5d8a_liKhMTkd_ae99a141a9c81a10c7cdc2231a25ae75bdef01ba.png]
[lee-song-yi.pe.kr/bbs/view_imagede8b.html]
[lee-song-yi.pe.kr/data/file/gallery/e3191db1632facf8d7ef05a9f7ac5d8a_F5guOJ3C_04631833722bdef820e3b7927c68df17f1eb6222.png]
[lee-song-yi.pe.kr/bbs/view_image5b35.html]
[lee-song-yi.pe.kr/data/file/gallery/e3191db1632facf8d7ef05a9f7ac5d8a_0Uips7nC_f5d0f1d7776748b04d04ceff4a6f68523c6c743a.png]
[lee-song-yi.pe.kr/bbs/view_imageaa1a.html]
[lee-song-yi.pe.kr/data/file/gallery/e3191db1632facf8d7ef05a9f7ac5d8a_JO3nH9u4_9dbc7d6d10c4ed6f2df45723cd91ed067698e44d.png]
[lee-song-yi.pe.kr/bbs/view_image041d.html]
[lee-song-yi.pe.kr/data/file/gallery/e3191db1632facf8d7ef05a9f7ac5d8a_PEFDNiep_5c743dd69ca4650879a5382b4a408945001df22e.png]
[lee-song-yi.pe.kr/bbs/view_image4176.html]
[lee-song-yi.pe.kr/data/file/gallery/e3191db1632facf8d7ef05a9f7ac5d8a_MTBjq9Zh_a76710350bf1d227ad1fd31a3f7f0734a22fa262.png]
[lee-song-yi.pe.kr/bbs/view_imagebc45.html]
[lee-song-yi.pe.kr/data/file/gallery/e3191db1632facf8d7ef05a9f7ac5d8a_zd2uAPRY_317d04b8e192df1915a9fb29fd90468681c63052.png]
[lee-song-yi.pe.kr/bbs/view_imagef93f.html]
[lee-song-yi.pe.kr/data/file/gallery/e3191db1632facf8d7ef05a9f7ac5d8a_lXTSQFdP_989752d500ad00f53b1b94ac1984ef63c0a30807.png]
[lee-song-yi.pe.kr/bbs/view_imageafd5.html]
[lee-song-yi.pe.kr/data/file/gallery/e3191db1632facf8d7ef05a9f7ac5d8a_VNiZIeJM_17c4977b2546d810b178268501669b4ef334e40f.png]
[lee-song-yi.pe.kr/bbs/view_image32cb.html]
[lee-song-yi.pe.kr/data/file/Season/e3191db1632facf8d7ef05a9f7ac5d8a_QZ7lJBmT_5ba6b9fead8abb2c6ced35e4fba7d1cbe3066cfb.png]
[lee-song-yi.pe.kr/bbs/view_image0896.html]
[lee-song-yi.pe.kr/data/file/Season/e3191db1632facf8d7ef05a9f7ac5d8a_pEIesZwB_0b41e89279373b1dbed7ef51f9432dc8ca1843f5.png]
[lee-song-yi.pe.kr/bbs/view_image6049.html]
[lee-song-yi.pe.kr/data/file/Season/e3191db1632facf8d7ef05a9f7ac5d8a_fOylw05G_cf2be56a8daf8e23fb3e44fd0fe00d1ac69aaa6a.png]
[lee-song-yi.pe.kr/bbs/view_imagedb93.html]
[lee-song-yi.pe.kr/data/file/Season/e3191db1632facf8d7ef05a9f7ac5d8a_xKiApoOU_293632c5dd8b9b1a1ea2b09fc8aee5c3c63ea224.png]
[lee-song-yi.pe.kr/bbs/view_image0b8c.html]
[lee-song-yi.pe.kr/data/file/Season/e3191db1632facf8d7ef05a9f7ac5d8a_4r5ioyUd_17ead1a5585b23d813d6ed89714e91cb4293134e.png]
[lee-song-yi.pe.kr/bbs/view_image518c.html]
[lee-song-yi.pe.kr/data/file/Season/e3191db1632facf8d7ef05a9f7ac5d8a_VYNSKDEs_3a3e423bada8870f02d827ab60ae07d1430a02f8.png]
[lee-song-yi.pe.kr/bbs/view_image6b83.html]
[lee-song-yi.pe.kr/data/file/Season/e3191db1632facf8d7ef05a9f7ac5d8a_pNhFrLnv_03e622062719c39ab8f69ee8eaaa2fc353fdc15b.png]
[lee-song-yi.pe.kr/bbs/view_image595d.html]
[lee-song-yi.pe.kr/data/file/Season/e3191db1632facf8d7ef05a9f7ac5d8a_q93YGoQP_17bab83b1a76cd21963a81a5534c6738d8e5d105.png]
[lee-song-yi.pe.kr/bbs/view_imagef97d.html]
[lee-song-yi.pe.kr/data/file/notice/124ff4517aaeb5ce12c71ca6b4e78089_jMnHfGsY_68b17db379d3e88ab2c293f0be9fccf0dcf73391.jpg]
[lee-song-yi.pe.kr/bbs/view_imagef7d9.html]
[lee-song-yi.pe.kr/data/file/notice/124ff4517aaeb5ce12c71ca6b4e78089_RMWzVOiq_d4c871c5d4ef27e27fb8e114b47876e9b768a2b1.jpg]
[lee-song-yi.pe.kr/bbs/view_imagea3d8.html]
[lee-song-yi.pe.kr/data/file/notice/124ff4517aaeb5ce12c71ca6b4e78089_0KF5NZSW_1ca6b7c2215b036847d1ed962fa33b6d3ecce050.jpg]
[lee-song-yi.pe.kr/bbs/view_image79af.html]
[lee-song-yi.pe.kr/data/file/notice/124ff4517aaeb5ce12c71ca6b4e78089_2lJ5wkoI_9af0c795b0d3490d47c7598ce604abfdd4b5d745.jpg]
[lee-song-yi.pe.kr/bbs/view_imagef612.html]
[lee-song-yi.pe.kr/css/sub-f-personal.css]
[lee-song-yi.pe.kr/css/sub-f-terms.css]
[lee-song-yi.pe.kr/css/sub-f-collection.css]
[lee-song-yi.pe.kr/bbs/board0b0d.html]
[cdn.jsdelivr.net/gh/snz-hayden/toolo/fonts/nanum_squareround/nanum_squareround.css]
[lee-song-yi.pe.kr/data/file/gallery/thumb-e3191db1632facf8d7ef05a9f7ac5d8a_inaX5es9_7b28245406596c84126bc28854ce50ba56e48e8a_835x835.png]
[lee-song-yi.pe.kr/bbs/board0234.html]
[lee-song-yi.pe.kr/data/file/gallery/thumb-e3191db1632facf8d7ef05a9f7ac5d8a_nIRNFThq_487830b304474c48edac9a5a6d56fa4b8e641b23_835x835.png]
[lee-song-yi.pe.kr/bbs/board6bb4.html]
[lee-song-yi.pe.kr/data/file/gallery/thumb-e3191db1632facf8d7ef05a9f7ac5d8a_3XD8FHJW_3d1a450d6f7449e04ff93b5b18fe21218f2c8e0a_835x835.png]
[lee-song-yi.pe.kr/bbs/board1082.html]
[lee-song-yi.pe.kr/bbs/boarda8dd.html]
[lee-song-yi.pe.kr/data/file/gallery/thumb-e3191db1632facf8d7ef05a9f7ac5d8a_kNS0ZqnK_c9ef1413de2cc70b49678bc09fc6c175203c0bbf_835x835.png]
[lee-song-yi.pe.kr/data/file/gallery/thumb-e3191db1632facf8d7ef05a9f7ac5d8a_xy0Spm4j_971c1853ebdb8d8a52de00703c55721b1befca80_835x835.png]
[lee-song-yi.pe.kr/bbs/boarded88.html]
[lee-song-yi.pe.kr/data/file/gallery/thumb-e3191db1632facf8d7ef05a9f7ac5d8a_EZ2z1GLs_2035366ee15358d030513a3a2657e85a926f6cb6_835x835.png]
[lee-song-yi.pe.kr/bbs/board3587.html]
[lee-song-yi.pe.kr/bbs/board856e.html]
[lee-song-yi.pe.kr/data/file/gallery/thumb-e3191db1632facf8d7ef05a9f7ac5d8a_3svtf28b_0ad25bb35ed3bb03005e21beb8b1ff5fbfcf7198_835x835.png]
[lee-song-yi.pe.kr/bbs/boardd7ff.html]
[lee-song-yi.pe.kr/data/file/dessert/124ff4517aaeb5ce12c71ca6b4e78089_JDSeYGXh_e7120ba2c32932e1f8b4c9d753b6dd75d14cf62c.png]
[lee-song-yi.pe.kr/bbs/view_imagee7cb.html]
[lee-song-yi.pe.kr/data/file/dessert/124ff4517aaeb5ce12c71ca6b4e78089_ln4UAFEx_6a9d031bf946dd7e88e12a594af1061cf990f47e.png]
[lee-song-yi.pe.kr/bbs/view_imagea1fd.html]
[lee-song-yi.pe.kr/data/file/dessert/124ff4517aaeb5ce12c71ca6b4e78089_yz52pofg_7ba8416d40373ffd430cc2e52d227753998a7b9d.png]
[lee-song-yi.pe.kr/bbs/view_image9e33.html]
[lee-song-yi.pe.kr/data/file/dessert/124ff4517aaeb5ce12c71ca6b4e78089_xShaCcTX_244dd30feed378cfdd9f5b7193df5fd6ed981c12.png]
[lee-song-yi.pe.kr/bbs/view_imageb4fc.html]
[lee-song-yi.pe.kr/data/file/dessert/124ff4517aaeb5ce12c71ca6b4e78089_txL3yhB8_5479c864071cd6db2b9fdddcc33c050e321e9e77.png]
[lee-song-yi.pe.kr/bbs/view_imageb26e.html]
[lee-song-yi.pe.kr/data/file/dessert/124ff4517aaeb5ce12c71ca6b4e78089_h60xqwHN_ddb5ecc5112f48b143ad2275f54d8bc76469eb07.png]
[lee-song-yi.pe.kr/bbs/view_image1d54.html]
[lee-song-yi.pe.kr/data/file/dessert/124ff4517aaeb5ce12c71ca6b4e78089_b3MWG7AY_a77a698345eca32cc18f44aaa64ca1627d02d41e.png]
[lee-song-yi.pe.kr/bbs/view_image81f6.html]
[lee-song-yi.pe.kr/data/file/dessert/124ff4517aaeb5ce12c71ca6b4e78089_CY817RFl_9f26c793a03c66c0e07409dc7ad152b436c042a2.png]
[lee-song-yi.pe.kr/bbs/view_imagee11a.html]
[lee-song-yi.pe.kr/bbs/board0d9e.html]
[lee-song-yi.pe.kr/data/file/dessert/thumb-124ff4517aaeb5ce12c71ca6b4e78089_tMO2QejB_8a54fecfe01a80ff308576ab249590a9ed8b0e24_600x600.png]
[lee-song-yi.pe.kr/bbs/boardf580.html]
[ajax.googleapis.com/ajax/libs/jqueryui/1.8.4/themes/base/images/ui-bg_flat_75_ffffff_40x100.png]
[ajax.googleapis.com/ajax/libs/jqueryui/1.8.4/themes/base/images/ui-bg_highlight-soft_75_cccccc_1x100.png]
[ajax.googleapis.com/ajax/libs/jqueryui/1.8.4/themes/base/images/ui-bg_glass_75_e6e6e6_1x400.png]
[ajax.googleapis.com/ajax/libs/jqueryui/1.8.4/themes/base/images/ui-bg_glass_75_dadada_1x400.png]
[ajax.googleapis.com/ajax/libs/jqueryui/1.8.4/themes/base/images/ui-bg_glass_65_ffffff_1x400.png]
[ajax.googleapis.com/ajax/libs/jqueryui/1.8.4/themes/base/images/ui-bg_glass_55_fbf9ee_1x400.png]
[ajax.googleapis.com/ajax/libs/jqueryui/1.8.4/themes/base/images/ui-bg_glass_95_fef1ec_1x400.png]
[ajax.googleapis.com/ajax/libs/jqueryui/1.8.4/themes/base/images/ui-icons_222222_256x240.png]
[ajax.googleapis.com/ajax/libs/jqueryui/1.8.4/themes/base/images/ui-icons_888888_256x240.png]
[ajax.googleapis.com/ajax/libs/jqueryui/1.8.4/themes/base/images/ui-icons_454545_256x240.png]
[ajax.googleapis.com/ajax/libs/jqueryui/1.8.4/themes/base/images/ui-icons_2e83ff_256x240.png]
[ajax.googleapis.com/ajax/libs/jqueryui/1.8.4/themes/base/images/ui-icons_cd0a0a_256x240.png]
[ajax.googleapis.com/ajax/libs/jqueryui/1.8.4/themes/base/images/ui-bg_flat_0_aaaaaa_40x100.png]
[ajax.googleapis.com/ajax/libs/jqueryui/1.8.4/themes/base/jquery-ui.css]
[lee-song-yi.pe.kr/plugin/kcaptcha/index.html]
[lee-song-yi.pe.kr/bbs/board14fe.html]
[lee-song-yi.pe.kr/bbs/board5a0f.html]
[lee-song-yi.pe.kr/bbs/board89a8.html]
[lee-song-yi.pe.kr/bbs/board44af.html]
[lee-song-yi.pe.kr/bbs/boardb550.html]
[lee-song-yi.pe.kr/bbs/board7775.html]
[lee-song-yi.pe.kr/bbs/boardb523.html]
[lee-song-yi.pe.kr/bbs/board5050.html]
[lee-song-yi.pe.kr/bbs/boardf5cd.html]
[lee-song-yi.pe.kr/bbs/boardb22e.html]
[lee-song-yi.pe.kr/bbs/board9355.html]
[lee-song-yi.pe.kr/bbs/boardd5d4.html]
[lee-song-yi.pe.kr/bbs/boardcd6d.html]
[lee-song-yi.pe.kr/bbs/boardd09b.html]
[lee-song-yi.pe.kr/bbs/boardd4b1.html]
[lee-song-yi.pe.kr/bbs/board5539.html]
[lee-song-yi.pe.kr/bbs/board69d6.html]
[lee-song-yi.pe.kr/bbs/boardea5f.html]
[lee-song-yi.pe.kr/bbs/boardcf02.html]
[lee-song-yi.pe.kr/bbs/boardbb35.html]
[lee-song-yi.pe.kr/bbs/login05ad.html]
[lee-song-yi.pe.kr/bbs/logina7c6.html]
[lee-song-yi.pe.kr/bbs/logine436.html]
[lee-song-yi.pe.kr/bbs/login3bec.html]
[lee-song-yi.pe.kr/bbs/loginff9c.html]
[lee-song-yi.pe.kr/bbs/logine95c.html]
[lee-song-yi.pe.kr/bbs/login094d.html]
[lee-song-yi.pe.kr/bbs/login91a8.html]
[lee-song-yi.pe.kr/bbs/login449b.html]
[lee-song-yi.pe.kr/bbs/board135b.html]
[lee-song-yi.pe.kr/bbs/board5bb1.html]
[lee-song-yi.pe.kr/bbs/boardf6dd.html]
[lee-song-yi.pe.kr/bbs/boardadda.html]
[lee-song-yi.pe.kr/bbs/board66bc.html]
[lee-song-yi.pe.kr/bbs/board34fb.html]
[lee-song-yi.pe.kr/bbs/board9d6f.html]
[lee-song-yi.pe.kr/bbs/board0d46.html]
[lee-song-yi.pe.kr/bbs/boardd5ad.html]
[lee-song-yi.pe.kr/bbs/board344d.html]
[lee-song-yi.pe.kr/bbs/board7b3e.html]
[lee-song-yi.pe.kr/bbs/board1cf0.html]
[lee-song-yi.pe.kr/bbs/board8cc8.html]
[lee-song-yi.pe.kr/bbs/board33a4.html]
[lee-song-yi.pe.kr/bbs/board018b.html]
[lee-song-yi.pe.kr/bbs/board1183.html]
[lee-song-yi.pe.kr/bbs/boardec76.html]
[lee-song-yi.pe.kr/bbs/board9252.html]
[lee-song-yi.pe.kr/bbs/board3aa3.html]
[lee-song-yi.pe.kr/bbs/board30cc.html]
[lee-song-yi.pe.kr/bbs/boarddff3.html]
[lee-song-yi.pe.kr/bbs/boardbc37.html]
[lee-song-yi.pe.kr/bbs/boardb90c.html]
[lee-song-yi.pe.kr/bbs/board03fa.html]
[lee-song-yi.pe.kr/bbs/board7b72.html]
[lee-song-yi.pe.kr/bbs/board575f.html]
[lee-song-yi.pe.kr/bbs/board7545.html]
[lee-song-yi.pe.kr/bbs/board780e.html]
[lee-song-yi.pe.kr/bbs/boardfaac.html]
[lee-song-yi.pe.kr/bbs/boardcd9b.html]
[lee-song-yi.pe.kr/bbs/board9506.html]
[lee-song-yi.pe.kr/bbs/boardcc46.html]
[lee-song-yi.pe.kr/bbs/board9a75.html]
[lee-song-yi.pe.kr/bbs/boarda430.html]
[lee-song-yi.pe.kr/bbs/board4b0a.html]
[lee-song-yi.pe.kr/bbs/board3ed7.html]
[lee-song-yi.pe.kr/bbs/board3a00.html]
[lee-song-yi.pe.kr/bbs/board5b20.html]
[lee-song-yi.pe.kr/bbs/board5cbd.html]
[lee-song-yi.pe.kr/bbs/boardb004.html]
[lee-song-yi.pe.kr/bbs/boardd496.html]
[lee-song-yi.pe.kr/bbs/board4626.html]
[lee-song-yi.pe.kr/bbs/boardee3a.html]
[lee-song-yi.pe.kr/bbs/boarda1a8.html]
[lee-song-yi.pe.kr/bbs/board7b76.html]
[lee-song-yi.pe.kr/bbs/board6175.html]
[lee-song-yi.pe.kr/bbs/boardb141.html]
[lee-song-yi.pe.kr/bbs/board2415.html]
[lee-song-yi.pe.kr/bbs/boardbdc0.html]
[lee-song-yi.pe.kr/bbs/board3981.html]
[lee-song-yi.pe.kr/bbs/boarda8fa.html]
[lee-song-yi.pe.kr/bbs/board370f.html]
[lee-song-yi.pe.kr/bbs/boardcab7.html]
[lee-song-yi.pe.kr/bbs/board8366.html]
[lee-song-yi.pe.kr/bbs/board8624.html]
[lee-song-yi.pe.kr/bbs/boarda920.html]
[lee-song-yi.pe.kr/bbs/board6c0a.html]
[lee-song-yi.pe.kr/bbs/board1626.html]
[lee-song-yi.pe.kr/bbs/board87d6.html]
[lee-song-yi.pe.kr/bbs/board9467.html]
[lee-song-yi.pe.kr/bbs/board6a8d.html]
[lee-song-yi.pe.kr/bbs/boardf4b1.html]
[lee-song-yi.pe.kr/bbs/board6fb0.html]
[lee-song-yi.pe.kr/bbs/boarde93a.html]
[lee-song-yi.pe.kr/bbs/boarddd8f-2.html]
[lee-song-yi.pe.kr/bbs/board332a.html]
[lee-song-yi.pe.kr/bbs/boarda96d.html]
[lee-song-yi.pe.kr/bbs/board8599.html]
[lee-song-yi.pe.kr/bbs/board2337.html]
[lee-song-yi.pe.kr/bbs/boardcccf.html]
[lee-song-yi.pe.kr/bbs/boardd2f7.html]
[lee-song-yi.pe.kr/data/file/notice/124ff4517aaeb5ce12c71ca6b4e78089_sO8jc6Em_b29d8f5965fb307685d54d74a6a13050e7728dc7.jpg]
[lee-song-yi.pe.kr/bbs/view_image4234.html]
[lee-song-yi.pe.kr/data/file/notice/124ff4517aaeb5ce12c71ca6b4e78089_sZ7yFgi5_9ecc932d1b7371411eafe949ce077044adecceb7.jpg]
[lee-song-yi.pe.kr/bbs/view_imagef9b9.html]
[lee-song-yi.pe.kr/data/file/notice/124ff4517aaeb5ce12c71ca6b4e78089_J6GvKA91_754bf033d467d6791a3b36d274620504be06e454.jpg]
[lee-song-yi.pe.kr/bbs/view_image407d.html]
[lee-song-yi.pe.kr/data/file/notice/124ff4517aaeb5ce12c71ca6b4e78089_r2mVEOx4_e4e6d3a106f50096537501e5baaeb4937d5f9e0d.jpg]
[lee-song-yi.pe.kr/bbs/view_imagead7a.html]
[lee-song-yi.pe.kr/data/file/notice/124ff4517aaeb5ce12c71ca6b4e78089_2KhEtgsA_59b8e745efd6a9010d0c45d8dae5d8f7a5d51313.jpg]
[lee-song-yi.pe.kr/bbs/view_imagebfd0.html]
[lee-song-yi.pe.kr/data/file/notice/124ff4517aaeb5ce12c71ca6b4e78089_HVgofjYJ_e0f07b018e9e106a5bf496f3031c2a9d2c9ee946.jpg]
[lee-song-yi.pe.kr/bbs/view_imageab92.html]
[lee-song-yi.pe.kr/data/file/notice/124ff4517aaeb5ce12c71ca6b4e78089_NKiFyhr1_83e31ab39c283dbffb04989d888caed71102f0ad.png]
[lee-song-yi.pe.kr/bbs/view_imageb963.html]
[lee-song-yi.pe.kr/data/file/notice/thumb-124ff4517aaeb5ce12c71ca6b4e78089_u0E6RT41_e3f3a3159414985caec964a636fa492428cd944a_835x835.png]
[lee-song-yi.pe.kr/bbs/board6b7a.html]
[lee-song-yi.pe.kr/bbs/board0bf4.html]
[lee-song-yi.pe.kr/bbs/board732e.html]
[lee-song-yi.pe.kr/data/file/event/124ff4517aaeb5ce12c71ca6b4e78089_vVAQBEpP_f248cb45a2edb07133a6050e6ef03dbd7e1f7da2.png]
[lee-song-yi.pe.kr/bbs/view_image2408.html]
[lee-song-yi.pe.kr/data/file/event/124ff4517aaeb5ce12c71ca6b4e78089_4HtlN8Sf_97ca4f7e228ec8ed685b6e7c3bfecbcfc9ff7613.png]
[lee-song-yi.pe.kr/bbs/view_image1bb3.html]
[lee-song-yi.pe.kr/bbs/view_image0081.html]
[lee-song-yi.pe.kr/bbs/view_image037e.html]
[lee-song-yi.pe.kr/bbs/view_image7190.html]
[lee-song-yi.pe.kr/bbs/view_imagedb3c.html]
[lee-song-yi.pe.kr/bbs/view_image98c8.html]
[lee-song-yi.pe.kr/bbs/view_image4fe2.html]
[lee-song-yi.pe.kr/bbs/view_image4b90.html]
[lee-song-yi.pe.kr/data/file/event/124ff4517aaeb5ce12c71ca6b4e78089_E9ecRZQJ_e1c4fa8b5082490dea0be24704ad9cb8b1661cd3.png]
[lee-song-yi.pe.kr/bbs/view_imageefe0.html]
[lee-song-yi.pe.kr/data/file/event/124ff4517aaeb5ce12c71ca6b4e78089_Az6yOuik_4fb35ccdf65a3368ed1c62d389bc443bcdd6a6f4.jpg]
[lee-song-yi.pe.kr/bbs/view_imaged515.html]
[lee-song-yi.pe.kr/data/file/event/124ff4517aaeb5ce12c71ca6b4e78089_pxKW31IN_1e9cc55a41c88643f0871ca28a21ec0e3d4b06d2.jpg]
[lee-song-yi.pe.kr/bbs/view_imagef1d8.html]
[lee-song-yi.pe.kr/data/file/event/124ff4517aaeb5ce12c71ca6b4e78089_TyYexsMB_accf1c1d6d3ae81a393f5d0a8e4902a351504584.jpg]
[lee-song-yi.pe.kr/bbs/view_image7226.html]
[lee-song-yi.pe.kr/data/file/event/124ff4517aaeb5ce12c71ca6b4e78089_kaL8tV39_8f7c81055691dbded65ab5a5582370ef69babb46.jpg]
[lee-song-yi.pe.kr/bbs/view_image1890.html]
[lee-song-yi.pe.kr/data/file/event/thumb-124ff4517aaeb5ce12c71ca6b4e78089_MFNgwHsU_b46f63ca78f72e15c585630942e2d46b7fa7c98d_600x963.jpg]
[lee-song-yi.pe.kr/bbs/board56a3.html]
[lee-song-yi.pe.kr/bbs/board91b9.html]
[lee-song-yi.pe.kr/bbs/boardf928.html]
[lee-song-yi.pe.kr/data/file/news/124ff4517aaeb5ce12c71ca6b4e78089_7Y6ygZDh_c3b03d12d67dcd1c0ec01dbc0312aa651bf11b85.jpg]
[lee-song-yi.pe.kr/bbs/view_imageba32.html]
[lee-song-yi.pe.kr/data/file/news/124ff4517aaeb5ce12c71ca6b4e78089_4ranKklV_e9eb4440f90904fbede300c285ad36672e011ad7.jpg]
[lee-song-yi.pe.kr/bbs/view_image5b28.html]
[lee-song-yi.pe.kr/data/file/news/124ff4517aaeb5ce12c71ca6b4e78089_xBlhFz0c_af104cff6f7b33735780df32cf40402d460f2498.jpg]
[lee-song-yi.pe.kr/bbs/view_image4138.html]
[lee-song-yi.pe.kr/data/file/news/124ff4517aaeb5ce12c71ca6b4e78089_ZY1P3Hqu_1f3d7aed331487e10df3c1581e0c88a9b3e8f177.jpg]
[lee-song-yi.pe.kr/bbs/view_imagec02a.html]
[lee-song-yi.pe.kr/data/file/news/124ff4517aaeb5ce12c71ca6b4e78089_uiPaS72G_e1416343ac56f62629f8be06688db56619e2cd2d.jpg]
[lee-song-yi.pe.kr/bbs/view_image2e1c.html]
[lee-song-yi.pe.kr/data/file/news/124ff4517aaeb5ce12c71ca6b4e78089_TBWzxSDv_6266ddac1faec6531f4fb053c7f0f3936ffceee3.jpg]
[lee-song-yi.pe.kr/bbs/view_image67be.html]
[lee-song-yi.pe.kr/data/file/news/124ff4517aaeb5ce12c71ca6b4e78089_kmPNantQ_9259e4287b22959c3ff3dc3b6b66e9fc92c12cf6.jpg]
[lee-song-yi.pe.kr/bbs/view_image9fed.html]
[lee-song-yi.pe.kr/bbs/view_image877f.html]
[lee-song-yi.pe.kr/data/file/news/124ff4517aaeb5ce12c71ca6b4e78089_A7LQX0se_9581d50c254083153366454ab5e3402dc1b02cf3.jpg]
[lee-song-yi.pe.kr/bbs/view_imagef183.html]
[lee-song-yi.pe.kr/data/file/news/thumb-124ff4517aaeb5ce12c71ca6b4e78089_JSxAWyN8_8544e4067c957b089f98b1e7db63efd3a300cbc1_600x849.jpg]
[lee-song-yi.pe.kr/bbs/board9a25.html]
[lee-song-yi.pe.kr/bbs/boardbbf2.html]
[lee-song-yi.pe.kr/bbs/board26c5.html]
[lee-song-yi.pe.kr/bbs/boarde1cf.html]
[lee-song-yi.pe.kr/bbs/boardb5e4.html]
[lee-song-yi.pe.kr/bbs/board4f55.html]
[lee-song-yi.pe.kr/bbs/board96cc.html]
[lee-song-yi.pe.kr/bbs/boarda447.html]
[lee-song-yi.pe.kr/bbs/board89d5.html]
[lee-song-yi.pe.kr/bbs/board9720.html]
[lee-song-yi.pe.kr/bbs/boardcba5.html]
[lee-song-yi.pe.kr/bbs/logind0c5.html]
[lee-song-yi.pe.kr/bbs/login8e89.html]
[lee-song-yi.pe.kr/bbs/login9689.html]
[lee-song-yi.pe.kr/data/file/gallery/e3191db1632facf8d7ef05a9f7ac5d8a_inaX5es9_7b28245406596c84126bc28854ce50ba56e48e8a.png]
[lee-song-yi.pe.kr/bbs/view_imaged0f6.html]
[lee-song-yi.pe.kr/data/file/gallery/e3191db1632facf8d7ef05a9f7ac5d8a_nIRNFThq_487830b304474c48edac9a5a6d56fa4b8e641b23.png]
[lee-song-yi.pe.kr/bbs/view_image3349.html]
[lee-song-yi.pe.kr/data/file/gallery/e3191db1632facf8d7ef05a9f7ac5d8a_3XD8FHJW_3d1a450d6f7449e04ff93b5b18fe21218f2c8e0a.png]
[lee-song-yi.pe.kr/bbs/view_image59af.html]
[lee-song-yi.pe.kr/data/file/gallery/e3191db1632facf8d7ef05a9f7ac5d8a_kNS0ZqnK_c9ef1413de2cc70b49678bc09fc6c175203c0bbf.png]
[lee-song-yi.pe.kr/bbs/view_image4a97.html]
[lee-song-yi.pe.kr/data/file/gallery/e3191db1632facf8d7ef05a9f7ac5d8a_xy0Spm4j_971c1853ebdb8d8a52de00703c55721b1befca80.png]
[lee-song-yi.pe.kr/bbs/view_imagea5d0.html]
[lee-song-yi.pe.kr/data/file/gallery/e3191db1632facf8d7ef05a9f7ac5d8a_EZ2z1GLs_2035366ee15358d030513a3a2657e85a926f6cb6.png]
[lee-song-yi.pe.kr/bbs/view_imagef866.html]
[lee-song-yi.pe.kr/bbs/boardb6ac.html]
[lee-song-yi.pe.kr/bbs/boardd0fb.html]
[lee-song-yi.pe.kr/bbs/board1cf0-2.html]
[lee-song-yi.pe.kr/bbs/board9a59.html]
[lee-song-yi.pe.kr/bbs/boarddb2f.html]
[lee-song-yi.pe.kr/bbs/boardbfbf.html]
[lee-song-yi.pe.kr/bbs/board7dcf.html]
[lee-song-yi.pe.kr/bbs/boardbd47.html]
[lee-song-yi.pe.kr/data/file/gallery/e3191db1632facf8d7ef05a9f7ac5d8a_3svtf28b_0ad25bb35ed3bb03005e21beb8b1ff5fbfcf7198.png]
[lee-song-yi.pe.kr/bbs/view_imagef2c7.html]
[lee-song-yi.pe.kr/data/file/dessert/124ff4517aaeb5ce12c71ca6b4e78089_tMO2QejB_8a54fecfe01a80ff308576ab249590a9ed8b0e24.png]
[lee-song-yi.pe.kr/bbs/view_image4f62.html]
[lee-song-yi.pe.kr/bbs/board41a7.html]
[lee-song-yi.pe.kr/bbs/boardfef6.html]
[lee-song-yi.pe.kr/bbs/boardd38c.html]
[lee-song-yi.pe.kr/bbs/board1f36.html]
[lee-song-yi.pe.kr/bbs/board9feb.html]
[lee-song-yi.pe.kr/bbs/board958e.html]
[lee-song-yi.pe.kr/bbs/board9956.html]
[lee-song-yi.pe.kr/bbs/board521c.html]
[lee-song-yi.pe.kr/bbs/boarda662.html]
[lee-song-yi.pe.kr/bbs/board0e6e.html]
[lee-song-yi.pe.kr/bbs/board80f9.html]
[lee-song-yi.pe.kr/bbs/boarda567.html]
[lee-song-yi.pe.kr/bbs/boarde202.html]
[lee-song-yi.pe.kr/bbs/board3278.html]
[lee-song-yi.pe.kr/bbs/board37df.html]
[lee-song-yi.pe.kr/bbs/board9436.html]
[lee-song-yi.pe.kr/bbs/boardff26.html]
[lee-song-yi.pe.kr/bbs/login02a0.html]
[lee-song-yi.pe.kr/bbs/login2fc2.html]
[lee-song-yi.pe.kr/bbs/login6a64.html]
[lee-song-yi.pe.kr/bbs/login938a.html]
[lee-song-yi.pe.kr/bbs/login7ac7.html]
[lee-song-yi.pe.kr/bbs/logine80e.html]
[lee-song-yi.pe.kr/bbs/login0372.html]
[lee-song-yi.pe.kr/bbs/login3a8c.html]
[lee-song-yi.pe.kr/bbs/loginde24.html]
[lee-song-yi.pe.kr/bbs/board58f4.html]
[lee-song-yi.pe.kr/bbs/board6ee5.html]
[lee-song-yi.pe.kr/bbs/board477c.html]
[lee-song-yi.pe.kr/bbs/boardbfcc.html]
[lee-song-yi.pe.kr/bbs/boarda130.html]
[lee-song-yi.pe.kr/bbs/board279c.html]
[lee-song-yi.pe.kr/bbs/boardf893.html]
[lee-song-yi.pe.kr/bbs/boarde3fb.html]
[lee-song-yi.pe.kr/bbs/board109c.html]
[lee-song-yi.pe.kr/bbs/logina774.html]
[lee-song-yi.pe.kr/bbs/logincb43.html]
[lee-song-yi.pe.kr/bbs/login32f7.html]
[lee-song-yi.pe.kr/bbs/logina87b.html]
[lee-song-yi.pe.kr/bbs/login2bbd.html]
[lee-song-yi.pe.kr/bbs/login2f99.html]
[lee-song-yi.pe.kr/bbs/login2a2d.html]
[lee-song-yi.pe.kr/bbs/loginc5b2.html]
[lee-song-yi.pe.kr/bbs/loginf48b.html]
[lee-song-yi.pe.kr/bbs/boardf0f4.html]
[lee-song-yi.pe.kr/bbs/boardcf16.html]
[lee-song-yi.pe.kr/bbs/board01eb.html]
[lee-song-yi.pe.kr/bbs/board75a7.html]
[lee-song-yi.pe.kr/bbs/board2760.html]
[lee-song-yi.pe.kr/bbs/board602b.html]
[lee-song-yi.pe.kr/bbs/boardf42f.html]
[lee-song-yi.pe.kr/bbs/board0238.html]
[lee-song-yi.pe.kr/bbs/board7169.html]
[lee-song-yi.pe.kr/bbs/board5f1f.html]
[lee-song-yi.pe.kr/bbs/board17c5.html]
[lee-song-yi.pe.kr/bbs/boardc584.html]
[lee-song-yi.pe.kr/bbs/boardbec2.html]
[lee-song-yi.pe.kr/bbs/board5728.html]
[lee-song-yi.pe.kr/bbs/board3a02.html]
[lee-song-yi.pe.kr/bbs/board2098.html]
[lee-song-yi.pe.kr/bbs/board62df.html]
[lee-song-yi.pe.kr/bbs/boarddc47.html]
[lee-song-yi.pe.kr/bbs/board101c.html]
[lee-song-yi.pe.kr/bbs/board7b23.html]
[lee-song-yi.pe.kr/bbs/board3416.html]
[lee-song-yi.pe.kr/bbs/board3ec6.html]
[lee-song-yi.pe.kr/bbs/boardf899.html]
[lee-song-yi.pe.kr/bbs/boarddf95.html]
[lee-song-yi.pe.kr/bbs/board2d2e.html]
[lee-song-yi.pe.kr/bbs/board38cd.html]
[lee-song-yi.pe.kr/bbs/board0e2c.html]
[lee-song-yi.pe.kr/bbs/boardddcf.html]
[lee-song-yi.pe.kr/bbs/boarda98f.html]
[lee-song-yi.pe.kr/bbs/board14a9.html]
[lee-song-yi.pe.kr/bbs/board8a66.html]
[lee-song-yi.pe.kr/data/file/notice/124ff4517aaeb5ce12c71ca6b4e78089_u0E6RT41_e3f3a3159414985caec964a636fa492428cd944a.png]
[lee-song-yi.pe.kr/bbs/view_image53f5.html]
[lee-song-yi.pe.kr/bbs/board878c.html]
[lee-song-yi.pe.kr/bbs/board157c.html]
[lee-song-yi.pe.kr/bbs/boardd578.html]
[lee-song-yi.pe.kr/bbs/board7b0a.html]
[lee-song-yi.pe.kr/bbs/board7d98.html]
[lee-song-yi.pe.kr/bbs/board1e9a.html]
[lee-song-yi.pe.kr/bbs/board68c2.html]
[lee-song-yi.pe.kr/bbs/boarde9bd.html]
[lee-song-yi.pe.kr/bbs/board02eb.html]
[lee-song-yi.pe.kr/bbs/board07c4.html]
[lee-song-yi.pe.kr/data/file/event/124ff4517aaeb5ce12c71ca6b4e78089_MFNgwHsU_b46f63ca78f72e15c585630942e2d46b7fa7c98d.jpg]
[lee-song-yi.pe.kr/bbs/view_image5acc.html]
[lee-song-yi.pe.kr/bbs/board49ff.html]
[lee-song-yi.pe.kr/bbs/boardb7d1.html]
[lee-song-yi.pe.kr/bbs/boarde345.html]
[lee-song-yi.pe.kr/bbs/board15fb.html]
[lee-song-yi.pe.kr/bbs/board9d17.html]
[lee-song-yi.pe.kr/bbs/board2c13.html]
[lee-song-yi.pe.kr/bbs/boardb3ac.html]
[lee-song-yi.pe.kr/bbs/boarda1a8-2.html]
[lee-song-yi.pe.kr/bbs/board61bc.html]
[lee-song-yi.pe.kr/bbs/boardf44a.html]
[lee-song-yi.pe.kr/bbs/boardb7c5.html]
[lee-song-yi.pe.kr/data/file/news/124ff4517aaeb5ce12c71ca6b4e78089_JSxAWyN8_8544e4067c957b089f98b1e7db63efd3a300cbc1.jpg]
[lee-song-yi.pe.kr/bbs/view_image5f59.html]
[lee-song-yi.pe.kr/bbs/boardca69.html]
[lee-song-yi.pe.kr/bbs/boardf0ed.html]
[lee-song-yi.pe.kr/bbs/board5572.html]
[lee-song-yi.pe.kr/bbs/board2e89.html]
[lee-song-yi.pe.kr/bbs/board1f5c.html]
[lee-song-yi.pe.kr/bbs/board4d9c.html]
[lee-song-yi.pe.kr/bbs/boarded17.html]
[lee-song-yi.pe.kr/bbs/boardc920.html]
[lee-song-yi.pe.kr/bbs/boardcb6b.html]
[lee-song-yi.pe.kr/bbs/boardbe41.html]
[lee-song-yi.pe.kr/bbs/boardee91.html]
[lee-song-yi.pe.kr/bbs/board4043.html]
[lee-song-yi.pe.kr/bbs/board2685.html]
[lee-song-yi.pe.kr/bbs/loginec27.html]
[lee-song-yi.pe.kr/bbs/loginbb1b.html]
[lee-song-yi.pe.kr/bbs/logina348.html]
[lee-song-yi.pe.kr/bbs/board328b.html]
[lee-song-yi.pe.kr/bbs/board2825.html]
[lee-song-yi.pe.kr/bbs/boardef79.html]
[lee-song-yi.pe.kr/bbs/loginea30.html]
[lee-song-yi.pe.kr/bbs/login4d29.html]
[lee-song-yi.pe.kr/bbs/logine859.html]
[lee-song-yi.pe.kr/bbs/loginb6d4.html]
[lee-song-yi.pe.kr/bbs/login04af.html]
[lee-song-yi.pe.kr/bbs/login5cce.html]
[lee-song-yi.pe.kr/bbs/login21a7.html]
[lee-song-yi.pe.kr/bbs/login37f7.html]
[lee-song-yi.pe.kr/bbs/loginc8fd.html]
[lee-song-yi.pe.kr/bbs/login456c.html]
[lee-song-yi.pe.kr/bbs/login8f1a.html]
[lee-song-yi.pe.kr/bbs/login08e6.html]
[lee-song-yi.pe.kr/bbs/login0381.html]
[lee-song-yi.pe.kr/bbs/loginc0b1.html]
[lee-song-yi.pe.kr/bbs/login296d.html]
[lee-song-yi.pe.kr/bbs/login3e81.html]
[lee-song-yi.pe.kr/bbs/loginc0b8.html]
[lee-song-yi.pe.kr/bbs/login5c3a.html]
[lee-song-yi.pe.kr/bbs/logina157.html]
[lee-song-yi.pe.kr/bbs/login02aa.html]
[lee-song-yi.pe.kr/bbs/login8a77.html]
[lee-song-yi.pe.kr/bbs/boardfe27.html]
[lee-song-yi.pe.kr/bbs/board7167.html]
[lee-song-yi.pe.kr/bbs/board0378.html]
[lee-song-yi.pe.kr/bbs/board42b7.html]
[lee-song-yi.pe.kr/bbs/boardcef8.html]
[lee-song-yi.pe.kr/bbs/boarde21e.html]
[lee-song-yi.pe.kr/bbs/boardf0da.html]
[lee-song-yi.pe.kr/bbs/board9ffa.html]
[lee-song-yi.pe.kr/bbs/boardd6ba.html]
[lee-song-yi.pe.kr/bbs/boardf3bc.html]
[lee-song-yi.pe.kr/bbs/board7148.html]
[lee-song-yi.pe.kr/bbs/boardc1d2.html]
[lee-song-yi.pe.kr/bbs/board955b.html]
[lee-song-yi.pe.kr/bbs/login3aec.html]
[lee-song-yi.pe.kr/bbs/logina2d5.html]
[lee-song-yi.pe.kr/bbs/login6c25.html]
[lee-song-yi.pe.kr/bbs/loginf236.html]
[lee-song-yi.pe.kr/bbs/loginb753.html]
[lee-song-yi.pe.kr/bbs/login4776.html]
[lee-song-yi.pe.kr/bbs/board8cf8.html]
[lee-song-yi.pe.kr/bbs/board6bba.html]
[lee-song-yi.pe.kr/bbs/board76f6.html]
[lee-song-yi.pe.kr/bbs/board7d82.html]
[lee-song-yi.pe.kr/bbs/board1eb6.html]
[lee-song-yi.pe.kr/bbs/board147c.html]
[lee-song-yi.pe.kr/bbs/board9a12.html]
[lee-song-yi.pe.kr/bbs/board53c1.html]
[lee-song-yi.pe.kr/bbs/board1e72.html]
[lee-song-yi.pe.kr/bbs/board3079.html]
[lee-song-yi.pe.kr/bbs/boarda3c2.html]
[lee-song-yi.pe.kr/bbs/board393b.html]
[lee-song-yi.pe.kr/bbs/boardff60.html]
[lee-song-yi.pe.kr/bbs/board8f01.html]
[lee-song-yi.pe.kr/bbs/board2a8f.html]
[lee-song-yi.pe.kr/bbs/board6053.html]
[lee-song-yi.pe.kr/bbs/board12d7.html]
[lee-song-yi.pe.kr/bbs/board40d8.html]
[lee-song-yi.pe.kr/bbs/board5360.html]
[lee-song-yi.pe.kr/bbs/board1e55.html]
[lee-song-yi.pe.kr/bbs/boardd324.html]
[lee-song-yi.pe.kr/bbs/boardf670.html]
[lee-song-yi.pe.kr/bbs/boarde99f.html]
[lee-song-yi.pe.kr/bbs/boardcf91.html]
[lee-song-yi.pe.kr/bbs/board48a8.html]
[lee-song-yi.pe.kr/bbs/board89ac.html]
[lee-song-yi.pe.kr/bbs/board8cbe.html]
[lee-song-yi.pe.kr/bbs/boardb58f.html]
[lee-song-yi.pe.kr/bbs/board9afd.html]
[lee-song-yi.pe.kr/bbs/board77b0.html]
[lee-song-yi.pe.kr/bbs/boardbeb4.html]
[lee-song-yi.pe.kr/bbs/board4f59.html]
[lee-song-yi.pe.kr/bbs/board7a85.html]
[lee-song-yi.pe.kr/bbs/boarde6bb.html]
[lee-song-yi.pe.kr/bbs/board1832.html]
[lee-song-yi.pe.kr/bbs/boardf025.html]
[lee-song-yi.pe.kr/bbs/board2e68.html]
[lee-song-yi.pe.kr/bbs/board79dc.html]
[lee-song-yi.pe.kr/bbs/board9ef0.html]
[lee-song-yi.pe.kr/bbs/board71fd.html]
[lee-song-yi.pe.kr/bbs/board055b.html]
[lee-song-yi.pe.kr/bbs/board4950.html]
[lee-song-yi.pe.kr/bbs/board9fa4.html]
[lee-song-yi.pe.kr/bbs/board43f1.html]
[lee-song-yi.pe.kr/bbs/board57b7.html]
[lee-song-yi.pe.kr/bbs/board4950-2.html]
[lee-song-yi.pe.kr/bbs/boardcfde.html]
[lee-song-yi.pe.kr/bbs/board7886.html]
[lee-song-yi.pe.kr/bbs/board9cb9.html]
[lee-song-yi.pe.kr/bbs/boardccc0.html]
[lee-song-yi.pe.kr/bbs/board29af.html]
[lee-song-yi.pe.kr/bbs/board9867.html]
[lee-song-yi.pe.kr/bbs/board41c2.html]
[lee-song-yi.pe.kr/bbs/board7590.html]
[lee-song-yi.pe.kr/bbs/board47f3.html]
[lee-song-yi.pe.kr/bbs/boarda4ef.html]
[lee-song-yi.pe.kr/bbs/board37d6.html]
[lee-song-yi.pe.kr/bbs/board82d3.html]
[lee-song-yi.pe.kr/bbs/boarda7ba.html]
[lee-song-yi.pe.kr/bbs/board44c0.html]
[lee-song-yi.pe.kr/bbs/boarda47b.html]
[lee-song-yi.pe.kr/bbs/board59c6.html]
[lee-song-yi.pe.kr/bbs/board9c09.html]
[lee-song-yi.pe.kr/bbs/boarde808.html]
[lee-song-yi.pe.kr/bbs/board21f8.html]
[lee-song-yi.pe.kr/bbs/board66df.html]
[lee-song-yi.pe.kr/bbs/board17bb.html]
[lee-song-yi.pe.kr/bbs/board208c.html]
[lee-song-yi.pe.kr/bbs/board34b0.html]
[lee-song-yi.pe.kr/bbs/board4366.html]
[lee-song-yi.pe.kr/bbs/board72ff.html]
[lee-song-yi.pe.kr/bbs/board8ec3.html]
[lee-song-yi.pe.kr/bbs/board3dc6.html]
[lee-song-yi.pe.kr/bbs/boardfe2e.html]
[lee-song-yi.pe.kr/bbs/board1eb7.html]
[lee-song-yi.pe.kr/bbs/board31b5.html]
[lee-song-yi.pe.kr/bbs/boardc1e7.html]
[lee-song-yi.pe.kr/bbs/board726c.html]
[lee-song-yi.pe.kr/bbs/boardecbd.html]
[lee-song-yi.pe.kr/bbs/board679b.html]
[lee-song-yi.pe.kr/bbs/board08f8.html]
[lee-song-yi.pe.kr/bbs/board197a.html]
[lee-song-yi.pe.kr/bbs/board66ae.html]
[lee-song-yi.pe.kr/bbs/board9fa4-2.html]
[lee-song-yi.pe.kr/bbs/boardae23.html]
[lee-song-yi.pe.kr/bbs/board9136.html]
[lee-song-yi.pe.kr/bbs/board5fdd.html]
[lee-song-yi.pe.kr/bbs/boardf86d.html]
[lee-song-yi.pe.kr/bbs/boarded69.html]
[lee-song-yi.pe.kr/bbs/board8f38.html]
[lee-song-yi.pe.kr/bbs/boardfd68.html]
[lee-song-yi.pe.kr/bbs/boardd054.html]
[lee-song-yi.pe.kr/bbs/boarddfe4.html]
[lee-song-yi.pe.kr/bbs/board8af8.html]
[lee-song-yi.pe.kr/bbs/boardfae3.html]
[lee-song-yi.pe.kr/bbs/board99cc.html]
[lee-song-yi.pe.kr/bbs/board8ef3.html]
[lee-song-yi.pe.kr/bbs/boarddad4.html]
[lee-song-yi.pe.kr/bbs/board7e8f.html]
[lee-song-yi.pe.kr/bbs/board432a.html]
[lee-song-yi.pe.kr/bbs/board628a.html]
[lee-song-yi.pe.kr/bbs/board46aa.html]
[lee-song-yi.pe.kr/bbs/boardcd60.html]
[lee-song-yi.pe.kr/bbs/boardc48a.html]
[lee-song-yi.pe.kr/bbs/boardafd7.html]
[lee-song-yi.pe.kr/bbs/boardaaef.html]
[lee-song-yi.pe.kr/bbs/board8ece.html]
[lee-song-yi.pe.kr/bbs/board7e6d.html]
[lee-song-yi.pe.kr/bbs/board460c.html]
[lee-song-yi.pe.kr/bbs/board689a.html]
[lee-song-yi.pe.kr/bbs/board76e1.html]
[lee-song-yi.pe.kr/bbs/boardb10b.html]
[lee-song-yi.pe.kr/bbs/board6434.html]
[lee-song-yi.pe.kr/bbs/board1f7a.html]
[lee-song-yi.pe.kr/bbs/board0d74.html]
[lee-song-yi.pe.kr/bbs/boarde048.html]
[lee-song-yi.pe.kr/bbs/boardbe93.html]
[lee-song-yi.pe.kr/bbs/boardd0ca.html]
[lee-song-yi.pe.kr/bbs/board2f5e.html]
[lee-song-yi.pe.kr/bbs/board65e4.html]
[lee-song-yi.pe.kr/bbs/boarddb53.html]
[lee-song-yi.pe.kr/bbs/board4536.html]
[lee-song-yi.pe.kr/bbs/board0d67.html]
[lee-song-yi.pe.kr/bbs/boardb348.html]
[lee-song-yi.pe.kr/bbs/board6a50.html]
[lee-song-yi.pe.kr/bbs/board717b.html]
[lee-song-yi.pe.kr/bbs/board92d3.html]
[lee-song-yi.pe.kr/bbs/board638e.html]
[lee-song-yi.pe.kr/bbs/board2984.html]
[lee-song-yi.pe.kr/bbs/board3569.html]
[lee-song-yi.pe.kr/bbs/board660f.html]
[lee-song-yi.pe.kr/bbs/board1b4b.html]
[lee-song-yi.pe.kr/bbs/board81db.html]
[lee-song-yi.pe.kr/bbs/board29ad.html]
[lee-song-yi.pe.kr/bbs/boardf2d4.html]
[lee-song-yi.pe.kr/bbs/boarddab1.html]
[lee-song-yi.pe.kr/bbs/boarddc76.html]
[lee-song-yi.pe.kr/bbs/board4970.html]
[lee-song-yi.pe.kr/bbs/board4e00.html]
[lee-song-yi.pe.kr/bbs/boardf67c.html]
[lee-song-yi.pe.kr/bbs/boarda702.html]
[lee-song-yi.pe.kr/bbs/board9144.html]
[lee-song-yi.pe.kr/bbs/board2f00.html]
[lee-song-yi.pe.kr/bbs/board2dd8.html]
[lee-song-yi.pe.kr/bbs/board4b78.html]
[lee-song-yi.pe.kr/bbs/board4588.html]
[lee-song-yi.pe.kr/bbs/board713e.html]
[lee-song-yi.pe.kr/bbs/board09f9.html]
[lee-song-yi.pe.kr/bbs/board129f.html]
[lee-song-yi.pe.kr/bbs/boardd68e.html]
[lee-song-yi.pe.kr/bbs/board8ea8.html]
[lee-song-yi.pe.kr/bbs/boardc8c0.html]
[lee-song-yi.pe.kr/bbs/board6633.html]
[lee-song-yi.pe.kr/bbs/board9b13.html]
