[backblue.gif]
[fade.gif]
[index.html]
[h-yeong.pe.kr/img/favicon.png]
[h-yeong.pe.kr/js/jquery-1.12.4.js]
[h-yeong.pe.kr/bootstrap/js/bootstrap.min.js]
[h-yeong.pe.kr/js/index.js]
[h-yeong.pe.kr/img/circle.png]
[h-yeong.pe.kr/img/frankburger.pdf]
[h-yeong.pe.kr/img/frank-concept.jpg]
[h-yeong.pe.kr/img/frank-mockup.png]
[h-yeong.pe.kr/img/frank-logo.png]
[h-yeong.pe.kr/img/frank-sub.png]
[h-yeong.pe.kr/img/kb-mockup.png]
[h-yeong.pe.kr/img/kb-img-desk.jpg]
[h-yeong.pe.kr/img/kb-img-tab.jpg]
[h-yeong.pe.kr/img/kb-img-mobile.jpg]
[h-yeong.pe.kr/img/merlot.pdf]
[h-yeong.pe.kr/img/merlot-concept.jpg]
[h-yeong.pe.kr/img/merlot-mockup.png]
[h-yeong.pe.kr/img/cheongju.pdf]
[h-yeong.pe.kr/img/cheongju-concept.png]
[h-yeong.pe.kr/img/biennale-mockup.png]
[h-yeong.pe.kr/img/biennale-logo.png]
[h-yeong.pe.kr/img/sabon.jpg]
[h-yeong.pe.kr/img/minions.jpg]
[h-yeong.pe.kr/img/figma1.png]
[h-yeong.pe.kr/img/figma2.png]
[h-yeong.pe.kr/figma/figma-concept.jpg]
[h-yeong.pe.kr/hover/img/hover01.jpg]
[h-yeong.pe.kr/hover/img/hover02.jpg]
[h-yeong.pe.kr/img/pi.jpg]
[h-yeong.pe.kr/img/ill.jpg]
[h-yeong.pe.kr/img/photo.jpg]
[h-yeong.pe.kr/pi/pi-concept.jpg]
[h-yeong.pe.kr/ill/isometric.jpg]
[h-yeong.pe.kr/photo/promotion-f.jpg]
[h-yeong.pe.kr/img/contact1.jpg]
[h-yeong.pe.kr/img/contact2.jpg]
[h-yeong.pe.kr/img/photo-icon.png]
[h-yeong.pe.kr/img/ill-icon.png]
[h-yeong.pe.kr/img/figma-icon.png]
[h-yeong.pe.kr/img/vscode-icon.png]
[h-yeong.pe.kr/img/html-icon.png]
[h-yeong.pe.kr/img/css-icon.png]
[h-yeong.pe.kr/img/js-icon.png]
[h-yeong.pe.kr/img/jquery-icon.png]
[cdnjs.cloudflare.com/ajax/libs/ScrollMagic/2.0.7/ScrollMagic.min.js]
[cdnjs.cloudflare.com/ajax/libs/ScrollMagic/2.0.5/plugins/animation.gsap.js]
[cdnjs.cloudflare.com/ajax/libs/ScrollMagic/2.0.7/plugins/debug.addIndicators.min.js]
[h-yeong.pe.kr/index.html]
[h-yeong.pe.kr/js/scroll.js]
[cdnjs.cloudflare.com/ajax/libs/gsap/2.1.3/TweenMax.min.js]
[h-yeong.pe.kr/css/reset.css]
[cdn.jsdelivr.net/gh/moonspam/NanumSquare@2.0/nanumsquare.css]
[h-yeong.pe.kr/css/index.css]
[h-yeong.pe.kr/img/follow-arrow.png]
[h-yeong.pe.kr/hover/css/hover01.css]
[h-yeong.pe.kr/bootstrap/fonts/glyphicons-halflings-regular.eot]
[h-yeong.pe.kr/bootstrap/fonts/glyphicons-halflings-regular.woff2]
[h-yeong.pe.kr/bootstrap/fonts/glyphicons-halflings-regulard41d.eot]
[h-yeong.pe.kr/bootstrap/fonts/glyphicons-halflings-regular.woff]
[h-yeong.pe.kr/bootstrap/fonts/glyphicons-halflings-regular.ttf]
[h-yeong.pe.kr/bootstrap/css/bootstrap.css]
[h-yeong.pe.kr/bootstrap/css/bootstrap-theme.min.css]
[h-yeong.pe.kr/web/kb/img/favicon.png]
[unpkg.com/aos@2.3.1/dist/aos.css]
[cdn.jsdelivr.net/npm/xeicon@2.3.3/xeicon.min.css]
[h-yeong.pe.kr/web/kb/js/jquery-1.12.4.js]
[h-yeong.pe.kr/web/kb/js/common.js]
[unpkg.com/aos@2.3.1/dist/aos.js]
[h-yeong.pe.kr/web/kb/img/visual-video01.mp4]
[h-yeong.pe.kr/web/kb/img/txt-rotate.png]
[h-yeong.pe.kr/web/kb/img/growth01.jpg]
[h-yeong.pe.kr/web/kb/img/growth02.jpg]
[h-yeong.pe.kr/web/kb/img/asset01.jpg]
[h-yeong.pe.kr/web/kb/img/asset02.jpg]
[code.jquery.com/jquery-migrate-1.2.1.min.js]
[h-yeong.pe.kr/web/kb/slick/slick.min.js]
[h-yeong.pe.kr/web/kb/js/main.js]
[h-yeong.pe.kr/web/kb/index.html]
[h-yeong.pe.kr/web/merlot/img/og-image.png]
[h-yeong.pe.kr/web/merlot/img/favicon.png]
[cdn.jsdelivr.net/npm/swiper/swiper-bundle.min.css]
[h-yeong.pe.kr/web/merlot/js/common.js]
[h-yeong.pe.kr/web/merlot/img/logo.png]
[h-yeong.pe.kr/web/merlot/img/logo-black.png]
[h-yeong.pe.kr/web/merlot/img/iot1.png]
[h-yeong.pe.kr/web/merlot/img/iot2.png]
[h-yeong.pe.kr/web/merlot/img/iot3.png]
[h-yeong.pe.kr/web/merlot/img/tech1.png]
[h-yeong.pe.kr/web/merlot/img/tech2.png]
[h-yeong.pe.kr/web/merlot/img/tech3.png]
[h-yeong.pe.kr/web/merlot/img/tech4.png]
[h-yeong.pe.kr/web/merlot/img/newsroom1.png]
[h-yeong.pe.kr/web/merlot/img/newsroom2.png]
[h-yeong.pe.kr/web/merlot/img/newsroom3.png]
[h-yeong.pe.kr/web/merlot/img/newsroom4.png]
[h-yeong.pe.kr/web/merlot/img/logo-footer.png]
[cdn.jsdelivr.net/npm/swiper/swiper-bundle.min.js]
[h-yeong.pe.kr/web/merlot/index.html]
[h-yeong.pe.kr/web/merlot/slick/slick.min.js]
[code.jquery.com/jquery-1.11.0.min.js]
[h-yeong.pe.kr/web/biennale/img/logo-color.png]
[h-yeong.pe.kr/web/biennale/img/favicon.png]
[kit.fontawesome.com/50dc02b2ac.js]
[h-yeong.pe.kr/web/biennale/js/common.js]
[h-yeong.pe.kr/web/biennale/js/main.js]
[h-yeong.pe.kr/web/biennale/img/now1.png]
[h-yeong.pe.kr/web/biennale/img/now2.jpg]
[h-yeong.pe.kr/web/biennale/img/now3.jpg]
[h-yeong.pe.kr/web/biennale/img/digital1.jpg]
[h-yeong.pe.kr/web/biennale/img/digital2.jpg]
[h-yeong.pe.kr/web/biennale/img/digital3.jpg]
[h-yeong.pe.kr/web/biennale/img/digital4.jpg]
[h-yeong.pe.kr/web/biennale/img/archieve-work1.png]
[h-yeong.pe.kr/web/biennale/img/archieve-work2.png]
[h-yeong.pe.kr/web/biennale/img/archieve-work3.png]
[h-yeong.pe.kr/web/biennale/img/archieve-artist1.png]
[h-yeong.pe.kr/web/biennale/img/archieve-artist2.png]
[h-yeong.pe.kr/web/biennale/img/archieve-artist3.png]
[h-yeong.pe.kr/web/biennale/img/archieve-publication1.jpg]
[h-yeong.pe.kr/web/biennale/img/archieve-publication2.jpg]
[h-yeong.pe.kr/web/biennale/img/archieve-publication3.jpg]
[h-yeong.pe.kr/web/biennale/img/newsletter1.jpg]
[h-yeong.pe.kr/web/biennale/img/newsletter2.jpg]
[h-yeong.pe.kr/web/biennale/img/newsletter3.jpg]
[ajax.googleapis.com/ajax/libs/jquery/1.12.4/jquery.min.js]
[h-yeong.pe.kr/web/biennale/index.html]
[ajax.googleapis.com/ajax/libs/jquery/1.11.3/jquery.min.js]
[h-yeong.pe.kr/web/sabon/css/jquery.vide.js]
[h-yeong.pe.kr/web/sabon/img/sns1.png]
[h-yeong.pe.kr/web/sabon/img/sns2.png]
[h-yeong.pe.kr/web/sabon/img/sns3.png]
[h-yeong.pe.kr/web/sabon/img/sns4.png]
[h-yeong.pe.kr/web/sabon/img/sns5.png]
[h-yeong.pe.kr/web/sabon/responsive-sabon.html]
[h-yeong.pe.kr/dy/css/jquery.vide.js]
[h-yeong.pe.kr/dy/img/pic1.png]
[h-yeong.pe.kr/dy/img/pic2.png]
[h-yeong.pe.kr/dy/img/pic3.png]
[h-yeong.pe.kr/dy/dynamic.html]
[cdn.jsdelivr.net/gh/moonspam/NanumSquare@2.0/NanumSquareR.woff2]
[cdn.jsdelivr.net/gh/moonspam/NanumSquare@2.0/NanumSquareR.woff]
[cdn.jsdelivr.net/gh/moonspam/NanumSquare@2.0/NanumSquareR.eot]
[cdn.jsdelivr.net/gh/moonspam/NanumSquare@2.0/NanumSquareB.woff2]
[cdn.jsdelivr.net/gh/moonspam/NanumSquare@2.0/NanumSquareRd41d.eot]
[cdn.jsdelivr.net/gh/moonspam/NanumSquare@2.0/NanumSquareB.woff]
[cdn.jsdelivr.net/gh/moonspam/NanumSquare@2.0/NanumSquareB.eot]
[cdn.jsdelivr.net/gh/moonspam/NanumSquare@2.0/NanumSquareBd41d.eot]
[cdn.jsdelivr.net/gh/moonspam/NanumSquare@2.0/NanumSquareEB.woff2]
[cdn.jsdelivr.net/gh/moonspam/NanumSquare@2.0/NanumSquareEB.woff]
[cdn.jsdelivr.net/gh/moonspam/NanumSquare@2.0/NanumSquareR.ttf]
[cdn.jsdelivr.net/gh/moonspam/NanumSquare@2.0/NanumSquareEB.eot]
[cdn.jsdelivr.net/gh/moonspam/NanumSquare@2.0/NanumSquareB.ttf]
[cdn.jsdelivr.net/gh/moonspam/NanumSquare@2.0/NanumSquareEBd41d.eot]
[cdn.jsdelivr.net/gh/moonspam/NanumSquare@2.0/NanumSquareL.woff2]
[cdn.jsdelivr.net/gh/moonspam/NanumSquare@2.0/NanumSquareL.woff]
[cdn.jsdelivr.net/gh/moonspam/NanumSquare@2.0/NanumSquareEB.ttf]
[cdn.jsdelivr.net/gh/moonspam/NanumSquare@2.0/NanumSquareL.eot]
[cdn.jsdelivr.net/gh/moonspam/NanumSquare@2.0/NanumSquareAcR.woff2]
[cdn.jsdelivr.net/gh/moonspam/NanumSquare@2.0/NanumSquareLd41d.eot]
[cdn.jsdelivr.net/gh/moonspam/NanumSquare@2.0/NanumSquareAcR.woff]
[cdn.jsdelivr.net/gh/moonspam/NanumSquare@2.0/NanumSquareL.ttf]
[cdn.jsdelivr.net/gh/moonspam/NanumSquare@2.0/NanumSquareAcR.eot]
[cdn.jsdelivr.net/gh/moonspam/NanumSquare@2.0/NanumSquareAcRd41d.eot]
[cdn.jsdelivr.net/gh/moonspam/NanumSquare@2.0/NanumSquareAcB.woff2]
[cdn.jsdelivr.net/gh/moonspam/NanumSquare@2.0/NanumSquareAcB.woff]
[cdn.jsdelivr.net/gh/moonspam/NanumSquare@2.0/NanumSquareAcR.ttf]
[cdn.jsdelivr.net/gh/moonspam/NanumSquare@2.0/NanumSquareAcB.eot]
[cdn.jsdelivr.net/gh/moonspam/NanumSquare@2.0/NanumSquareAcBd41d.eot]
[cdn.jsdelivr.net/gh/moonspam/NanumSquare@2.0/NanumSquareAcEB.woff2]
[cdn.jsdelivr.net/gh/moonspam/NanumSquare@2.0/NanumSquareAcEB.woff]
[cdn.jsdelivr.net/gh/moonspam/NanumSquare@2.0/NanumSquareAcEB.eot]
[cdn.jsdelivr.net/gh/moonspam/NanumSquare@2.0/NanumSquareAcEBd41d.eot]
[cdn.jsdelivr.net/gh/moonspam/NanumSquare@2.0/NanumSquareAcB.ttf]
[cdn.jsdelivr.net/gh/moonspam/NanumSquare@2.0/NanumSquareAcL.woff2]
[cdn.jsdelivr.net/gh/moonspam/NanumSquare@2.0/NanumSquareAcL.woff]
[cdn.jsdelivr.net/gh/moonspam/NanumSquare@2.0/NanumSquareAcEB.ttf]
[cdn.jsdelivr.net/gh/moonspam/NanumSquare@2.0/nanumsquare.css]
[h-yeong.pe.kr/bootstrap/fonts/glyphicons-halflings-regular.svg]
[h-yeong.pe.kr/web/kb/css/reset.css]
[h-yeong.pe.kr/web/kb/img/logo-w.png]
[cdn.jsdelivr.net/gh/moonspam/NanumSquare@2.0/NanumSquareAcL.eot]
[h-yeong.pe.kr/web/kb/img/logo-b.png]
[h-yeong.pe.kr/web/kb/img/all-menu-bg.png]
[h-yeong.pe.kr/web/kb/img/all-menu-icon.png]
[h-yeong.pe.kr/web/kb/css/common.css]
[h-yeong.pe.kr/web/kb/img/arrow-bg-b.png]
[cdn.jsdelivr.net/gh/moonspam/NanumSquare@2.0/NanumSquareAcLd41d.eot]
[h-yeong.pe.kr/web/kb/img/bg-highlights.jpg]
[h-yeong.pe.kr/web/kb/img/icon-hilights01.png]
[h-yeong.pe.kr/web/kb/img/icon-hilights02.png]
[h-yeong.pe.kr/web/kb/img/icon-hilights03.png]
[h-yeong.pe.kr/web/kb/img/arrow-bg-y.png]
[h-yeong.pe.kr/web/kb/img/arrow-w.png]
[h-yeong.pe.kr/web/kb/img/news-bg.png]
[h-yeong.pe.kr/web/kb/img/news-link-icon01.png]
[h-yeong.pe.kr/web/kb/img/news-link-icon02.png]
[h-yeong.pe.kr/web/kb/css/main.css]
[h-yeong.pe.kr/web/kb/slick/slick.css]
[h-yeong.pe.kr/web/kb/slick/ajax-loader.gif]
[h-yeong.pe.kr/web/kb/slick/fonts/slick.eot]
[cdn.jsdelivr.net/gh/moonspam/NanumSquare@2.0/NanumSquareAcL.ttf]
[h-yeong.pe.kr/web/kb/slick/fonts/slickd41d.eot]
[h-yeong.pe.kr/web/kb/slick/fonts/slick.woff]
[h-yeong.pe.kr/web/kb/slick/fonts/slick.ttf]
[h-yeong.pe.kr/web/kb/slick/slick-theme.css]
[unpkg.com/aos@2.3.1/dist/aos.css]
[cdn.jsdelivr.net/npm/xeicon@2.3.3/fonts/xeicon75d5.woff2]
[cdn.jsdelivr.net/npm/xeicon@2.3.3/fonts/xeicon75d5.woff]
[cdn.jsdelivr.net/npm/xeicon@2.3.3/fonts/xeicon75d5.eot]
[cdn.jsdelivr.net/npm/xeicon@2.3.3/xeicon.min.css]
[cdn.jsdelivr.net/npm/xeicon@2.3.3/fonts/xeicon75d5.ttf]
[h-yeong.pe.kr/web/kb/img/reliability-icon01.png]
[h-yeong.pe.kr/web/kb/img/reliability-icon02.png]
[h-yeong.pe.kr/web/kb/img/reliability-icon03.png]
[h-yeong.pe.kr/web/kb/img/reliability.png]
[cdn.jsdelivr.net/npm/xeicon@2.3.3/fonts/xeicon75d5.svg]
[h-yeong.pe.kr/web/kb/img/belgium.png]
[h-yeong.pe.kr/web/kb/img/samsung02.png]
[h-yeong.pe.kr/web/kb/img/profitability.png]
[h-yeong.pe.kr/web/kb/sub/sub01-01.html]
[h-yeong.pe.kr/web/kb/img/B-Building01.png]
[h-yeong.pe.kr/web/kb/img/bp-icon01.png]
[h-yeong.pe.kr/web/kb/img/bp-icon02.png]
[h-yeong.pe.kr/web/kb/img/bp-icon03.png]
[h-yeong.pe.kr/web/kb/img/bp-icon04.png]
[h-yeong.pe.kr/web/kb/img/BelgiumB-img01.jpg]
[h-yeong.pe.kr/web/kb/img/BelgiumB-img04.jpg]
[h-yeong.pe.kr/web/kb/img/BelgiumB-img02.jpg]
[h-yeong.pe.kr/web/kb/img/BelgiumB-img05.jpg]
[h-yeong.pe.kr/web/kb/img/BelgiumB-img03.jpg]
[h-yeong.pe.kr/web/kb/img/BelgiumB-img06.jpg]
[h-yeong.pe.kr/web/kb/sub/sub02-01.html]
[www.kbstarreit.com/resources/images/mps/layout/logo-active02.svg]
[h-yeong.pe.kr/web/merlot/css/reset.css]
[h-yeong.pe.kr/web/merlot/img/tnb-lang-arrow.png]
[h-yeong.pe.kr/web/merlot/img/footer-sns.png]
[h-yeong.pe.kr/web/merlot/css/common.css]
[h-yeong.pe.kr/web/merlot/img/visual1.png]
[h-yeong.pe.kr/web/merlot/img/visual2.png]
[h-yeong.pe.kr/web/merlot/img/visual3.png]
[h-yeong.pe.kr/web/merlot/img/tech-icon.png]
[h-yeong.pe.kr/web/merlot/css/index.css]
[cdn.jsdelivr.net/npm/swiper/swiper-bundle.min.css]
[h-yeong.pe.kr/web/merlot/slick/slick.css]
[h-yeong.pe.kr/web/merlot/slick/ajax-loader.gif]
[h-yeong.pe.kr/web/merlot/slick/fonts/slick.eot]
[h-yeong.pe.kr/web/merlot/slick/fonts/slickd41d.eot]
[h-yeong.pe.kr/web/merlot/slick/fonts/slick.woff]
[h-yeong.pe.kr/web/merlot/slick/fonts/slick.ttf]
[h-yeong.pe.kr/web/merlot/slick/slick-theme.css]
[h-yeong.pe.kr/web/merlot/img/summary-bg.png]
[h-yeong.pe.kr/web/merlot/img/summary-icon1.png]
[h-yeong.pe.kr/web/merlot/img/summary-icon2.png]
[h-yeong.pe.kr/web/merlot/img/summary-icon3.png]
[h-yeong.pe.kr/web/merlot/img/summary-icon4.png]
[h-yeong.pe.kr/web/merlot/img/summary-icon5.png]
[h-yeong.pe.kr/web/merlot/img/summary-icon6.png]
[h-yeong.pe.kr/web/merlot/img/vision-bg.png]
[h-yeong.pe.kr/web/merlot/sub/sub1-1.html]
[h-yeong.pe.kr/web/biennale/css/reset.css]
[h-yeong.pe.kr/web/biennale/img/logo.png]
[h-yeong.pe.kr/web/biennale/img/gnb-introduce.png]
[h-yeong.pe.kr/web/biennale/img/icon-expand-more.png]
[h-yeong.pe.kr/web/biennale/img/sns.png]
[h-yeong.pe.kr/web/biennale/css/common.css]
[h-yeong.pe.kr/web/biennale/img/icon-arrow-gray.png]
[h-yeong.pe.kr/web/biennale/img/visual1.png]
[h-yeong.pe.kr/web/biennale/img/visual2.png]
[h-yeong.pe.kr/web/biennale/img/visual3.png]
[h-yeong.pe.kr/web/biennale/img/icon-arrow-white.png]
[h-yeong.pe.kr/web/biennale/img/play-btn.png]
[h-yeong.pe.kr/web/biennale/img/event.png]
[h-yeong.pe.kr/web/biennale/css/main.css]
[fonts.googleapis.com/css230c1.css]
[h-yeong.pe.kr/web/biennale/img/sub-story1.jpg]
[h-yeong.pe.kr/web/biennale/img/sub-story2.jpg]
[h-yeong.pe.kr/web/biennale/img/sub-logo.png]
[h-yeong.pe.kr/web/biennale/sub/sub1-1.html]
[h-yeong.pe.kr/web/biennale/img/sub-traditional-poster.png]
[h-yeong.pe.kr/web/biennale/img/sub-traditional-band1.jpg]
[h-yeong.pe.kr/web/biennale/img/sub-traditional-band2.jpg]
[h-yeong.pe.kr/web/biennale/img/sub-traditional-band3.jpg]
[h-yeong.pe.kr/web/biennale/img/sub-traditional-band4.jpg]
[h-yeong.pe.kr/web/biennale/sub/sub2-1.html]
[h-yeong.pe.kr/web/biennale/img/sub-info-map.jpg]
[h-yeong.pe.kr/web/biennale/sub/sub3-1.html]
[h-yeong.pe.kr/web/biennale/img/sub-chairman.jpg]
[h-yeong.pe.kr/web/biennale/img/sub-sponsor.jpg]
[h-yeong.pe.kr/web/biennale/img/sub-sponsor2.jpg]
[h-yeong.pe.kr/web/biennale/img/sub-program.jpg]
[h-yeong.pe.kr/web/biennale/sub/sub4-1.html]
[h-yeong.pe.kr/web/biennale/sub/sub5-1.html]
[h-yeong.pe.kr/web/sabon/css/reset.css]
[h-yeong.pe.kr/web/sabon/img/logo.png]
[h-yeong.pe.kr/web/sabon/img/arrow.png]
[h-yeong.pe.kr/web/sabon/img/pic2.jpg]
[h-yeong.pe.kr/web/sabon/img/pic3.jpg]
[h-yeong.pe.kr/web/sabon/img/pic4.png]
[h-yeong.pe.kr/web/sabon/img/pic5.jpg]
[h-yeong.pe.kr/web/sabon/img/pic6.jpg]
[h-yeong.pe.kr/web/sabon/img/pic7.jpg]
[h-yeong.pe.kr/web/sabon/img/sec1.jpg]
[h-yeong.pe.kr/web/sabon/css/responsive-sabon.css]
[h-yeong.pe.kr/dy/img/logo.png]
[h-yeong.pe.kr/dy/css/dy01.css]
[h-yeong.pe.kr/web/kb/slick/fonts/slick.svg]
[cdn.jsdelivr.net/npm/xeicon@2.3.3/fonts/xeicon75d5.svg]
[h-yeong.pe.kr/web/kb/img/sub-visual01.jpg]
[h-yeong.pe.kr/web/kb/css/sub-common.css]
[h-yeong.pe.kr/web/kb/css/sub01.css]
[www.kbstarreit.com/resources/images/mps/content/img-highlightKB.svg]
[h-yeong.pe.kr/web/kb/img/Belgium-Building-bg.jpg]
[h-yeong.pe.kr/web/kb/img/bg-ab-Belgium.jpg]
[h-yeong.pe.kr/web/kb/css/sub02.css]
[h-yeong.pe.kr/web/merlot/slick/fonts/slick.svg]
[h-yeong.pe.kr/web/merlot/img/visual-sub1.png]
[h-yeong.pe.kr/web/merlot/img/innovation-bg.png]
[h-yeong.pe.kr/web/merlot/img/innovation-icon.png]
[h-yeong.pe.kr/web/merlot/img/vision-arrow.png]
[h-yeong.pe.kr/web/merlot/css/sub01.css]
[h-yeong.pe.kr/web/biennale/css/sub-common.css]
[h-yeong.pe.kr/web/biennale/img/sub-visual1.png]
[h-yeong.pe.kr/web/biennale/css/sub1.css]
[h-yeong.pe.kr/web/biennale/img/vision.png]
[h-yeong.pe.kr/web/biennale/img/sub-visual2.png]
[h-yeong.pe.kr/web/biennale/img/sub-traditional-illust.png]
[h-yeong.pe.kr/web/biennale/img/sub-traditional-show.png]
[h-yeong.pe.kr/web/biennale/img/sub-traditional-experience2.jpg]
[h-yeong.pe.kr/web/biennale/img/sub-traditional-experience1..jpg]
[h-yeong.pe.kr/web/biennale/css/sub2.css]
[h-yeong.pe.kr/web/biennale/img/sub-visual3.png]
[h-yeong.pe.kr/web/biennale/img/sub-exhibition-icon.png]
[h-yeong.pe.kr/web/biennale/img/sub-phone-icon.png]
[h-yeong.pe.kr/web/biennale/img/sub-notice.png]
[h-yeong.pe.kr/web/biennale/css/sub3.css]
[fonts.googleapis.com/css2c822.css]
[h-yeong.pe.kr/web/biennale/img/sub-visual4.png]
[h-yeong.pe.kr/web/biennale/img/sub-support-icon.png]
[h-yeong.pe.kr/web/biennale/css/sub4.css]
[h-yeong.pe.kr/web/biennale/img/sub-visual5.png]
[h-yeong.pe.kr/web/biennale/css/sub5.css]
