[backblue.gif]
[fade.gif]
[index.html]
[khy2.dothome.co.kr/img/favicon.png]
[khy2.dothome.co.kr/js/jquery-1.12.4.min4fe0.js]
[khy2.dothome.co.kr/js/jquery-migrate-1.4.1.min4fe0.js]
[khy2.dothome.co.kr/js/jquery.menu4fe0.js]
[khy2.dothome.co.kr/js/common4fe0.js]
[khy2.dothome.co.kr/js/wrest4fe0.js]
[khy2.dothome.co.kr/js/placeholders.min4fe0.js]
[cdn.jsdelivr.net/npm/swiper/swiper-bundle.min.css]
[ajax.googleapis.com/ajax/libs/jquery/1.11.3/jquery.min.js]
[ajax.googleapis.com/ajax/libs/jquery/1.12.4/jquery.min.js]
[khy2.dothome.co.kr/js/jquery.vide.js]
[khy2.dothome.co.kr/js/header.js]
[kit.fontawesome.com/50dc02b2ac.js]
[khy2.dothome.co.kr/img/tnb-icon.png]
[khy2.dothome.co.kr/img/distinction1.png]
[khy2.dothome.co.kr/img/distinction2.png]
[khy2.dothome.co.kr/img/distinction3.png]
[khy2.dothome.co.kr/img/menu4.png]
[khy2.dothome.co.kr/img/menu2.png]
[khy2.dothome.co.kr/img/menu6.png]
[khy2.dothome.co.kr/img/menu9.png]
[khy2.dothome.co.kr/img/menu1.png]
[khy2.dothome.co.kr/img/menu5.png]
[khy2.dothome.co.kr/img/menu3.png]
[khy2.dothome.co.kr/img/menu7.png]
[khy2.dothome.co.kr/img/menu8.png]
[khy2.dothome.co.kr/data/file/notice/thumb-124ff4517aaeb5ce12c71ca6b4e78089_hz5U4wFa_05e5419496b69d8df0d4847d151197fca23bc3c9_104x70.jpg]
[khy2.dothome.co.kr/data/file/notice/thumb-124ff4517aaeb5ce12c71ca6b4e78089_8XFyP0en_bed3cdfb5250083145eb70a718af72fb09d04200_104x70.jpg]
[khy2.dothome.co.kr/data/file/event/thumb-e6f5a6be039e0e1e100f05253a97d0a7_T8s1OpS9_e066b64f44fe0e560898ec280e767a23389b0796_104x70.jpg]
[khy2.dothome.co.kr/data/file/event/thumb-124ff4517aaeb5ce12c71ca6b4e78089_yMvZTikd_30fd3893dec6b852834194595da48825866d4b4d_104x70.jpg]
[khy2.dothome.co.kr/index.html]
[khy2.dothome.co.kr/js/font-awesome/fonts/fontawesome-webfont3e6e.eot]
[khy2.dothome.co.kr/js/font-awesome/fonts/fontawesome-webfontd41d.eot]
[cdn.jsdelivr.net/npm/swiper/swiper-bundle.min.js]
[khy2.dothome.co.kr/js/font-awesome/fonts/fontawesome-webfont3e6e.woff]
[khy2.dothome.co.kr/js/font-awesome/fonts/fontawesome-webfont3e6e.ttf]
[khy2.dothome.co.kr/js/font-awesome/css/font-awesome.min7d54.css]
[khy2.dothome.co.kr/img/news-icon.png]
[khy2.dothome.co.kr/skin/latest/gnuboard_latest_webzine_list/style0886.css]
[khy2.dothome.co.kr/skin/latest/gnuboard_latest_webzine_list2/style0886.css]
[khy2.dothome.co.kr/img/logo.png]
[khy2.dothome.co.kr/img/logo-b.png]
[khy2.dothome.co.kr/img/gnb-start1.png]
[khy2.dothome.co.kr/img/gnb-start2.png]
[khy2.dothome.co.kr/img/gnb-start3.png]
[khy2.dothome.co.kr/img/gnb-start4.png]
[khy2.dothome.co.kr/img/gnb-start5.png]
[khy2.dothome.co.kr/img/gnb-start6.png]
[khy2.dothome.co.kr/img/f-logo.png]
[khy2.dothome.co.kr/img/f-sns.png]
[khy2.dothome.co.kr/img/f-brand.png]
[khy2.dothome.co.kr/css/default7d54.css]
[khy2.dothome.co.kr/bbs/index.html]
[cdn.jsdelivr.net/npm/swiper/swiper-bundle.min.css]
[khy2.dothome.co.kr/font/GmarketSansTTFBold.woff]
[khy2.dothome.co.kr/font/GmarketSansTTFMedium.woff]
[khy2.dothome.co.kr/font/GmarketSansTTFLight.woff]
[khy2.dothome.co.kr/css/font.css]
[khy2.dothome.co.kr/img/heart-icon.png]
[khy2.dothome.co.kr/img/search-bg.jpg]
[khy2.dothome.co.kr/css/main.css]
[khy2.dothome.co.kr/img/search-bg-store.png]
[khy2.dothome.co.kr/img/sub/frank1.jpg]
[khy2.dothome.co.kr/img/sub/frank2.jpg]
[khy2.dothome.co.kr/img/sub/frank3.jpg]
[khy2.dothome.co.kr/img/sub/logo-main.png]
[khy2.dothome.co.kr/img/sub/logo-type1.jpg]
[khy2.dothome.co.kr/img/sub/logo-type2.jpg]
[khy2.dothome.co.kr/img/sub/logo-type3.jpg]
[khy2.dothome.co.kr/sub/sub1-1.html]
[khy2.dothome.co.kr/img/sub/special1.png]
[khy2.dothome.co.kr/img/sub/special2.png]
[khy2.dothome.co.kr/img/sub/special3.png]
[khy2.dothome.co.kr/img/sub/special4.png]
[khy2.dothome.co.kr/img/sub/special5.png]
[khy2.dothome.co.kr/img/sub/special6.png]
[khy2.dothome.co.kr/img/sub/special7.png]
[khy2.dothome.co.kr/sub/sub1-2.html]
[khy2.dothome.co.kr/img/sub/interior1.jpg]
[khy2.dothome.co.kr/img/sub/interior2.jpg]
[khy2.dothome.co.kr/img/sub/interior3.jpg]
[khy2.dothome.co.kr/sub/sub1-3.html]
[khy2.dothome.co.kr/data/file/gallery/thumb-124ff4517aaeb5ce12c71ca6b4e78089_eio4QVAw_0b8a7828a2e0bafa6585ede73404fc195fd6275b_380x380.jpg]
[khy2.dothome.co.kr/data/file/gallery/thumb-124ff4517aaeb5ce12c71ca6b4e78089_MqV8Gxsh_4a60f4a9fe6e3545ead514d4d2b43341881ca97e_380x380.jpg]
[khy2.dothome.co.kr/data/file/gallery/thumb-124ff4517aaeb5ce12c71ca6b4e78089_TqCfBEJr_426181ca325cd35c3bac3667b840fd94fa4c697d_380x380.jpg]
[khy2.dothome.co.kr/data/file/gallery/thumb-124ff4517aaeb5ce12c71ca6b4e78089_0LvxZdS7_9c350ff18081d6b134189667fc553fbc20b5a9ec_380x380.jpg]
[khy2.dothome.co.kr/data/file/gallery/thumb-124ff4517aaeb5ce12c71ca6b4e78089_vrDKcYz2_77c80c71223462a34e0d5b87fafc277a6bb49e5f_380x380.jpg]
[khy2.dothome.co.kr/data/file/gallery/thumb-124ff4517aaeb5ce12c71ca6b4e78089_MF694Sm3_6d14e9bcafd18a790ebbb9c9daa6ef9b731372a1_380x380.jpg]
[khy2.dothome.co.kr/data/file/gallery/thumb-124ff4517aaeb5ce12c71ca6b4e78089_iMZnSz0t_286a459f69fe0b7f09b15e823808559188b0b1ab_380x380.jpg]
[khy2.dothome.co.kr/data/file/gallery/thumb-124ff4517aaeb5ce12c71ca6b4e78089_MgH7oCSL_0ea4f287f0ea904e858055f887dfc03e504b10f9_380x380.jpg]
[khy2.dothome.co.kr/data/file/gallery/thumb-124ff4517aaeb5ce12c71ca6b4e78089_RWnaQflg_ef9bcff638e895775cf38ee42e30b62f7aa1bebe_380x380.jpg]
[khy2.dothome.co.kr/bbs/board8dea.html]
[khy2.dothome.co.kr/data/file/gallery/thumb-124ff4517aaeb5ce12c71ca6b4e78089_M0Bt5sc4_c006316c71bfd6d63340aa45e7f4af213526f5ef_380x380.jpg]
[khy2.dothome.co.kr/data/file/gallery2/thumb-124ff4517aaeb5ce12c71ca6b4e78089_Rk3AHwzE_629cdb57ab676427ecb47e4cd5d328ef5c11f2a6_380x380.jpg]
[khy2.dothome.co.kr/data/file/gallery2/thumb-124ff4517aaeb5ce12c71ca6b4e78089_NujwVtxU_40ee0950293d939feb6c487399b9a195aa7a1d0f_380x380.jpg]
[khy2.dothome.co.kr/data/file/gallery2/thumb-124ff4517aaeb5ce12c71ca6b4e78089_YoQxPshg_9c56a76743fcf9da60693aa6decac0e19ffd2682_380x380.jpg]
[khy2.dothome.co.kr/data/file/gallery2/thumb-124ff4517aaeb5ce12c71ca6b4e78089_mcHAhvdK_4c85b5cac3c28e4725872cb8fa120eee8bba8d3c_380x380.jpg]
[khy2.dothome.co.kr/data/file/gallery2/thumb-124ff4517aaeb5ce12c71ca6b4e78089_k0NBhnfz_fcd6ec09b26f7ba5c12655e39402a0ca129b0af9_380x380.jpg]
[khy2.dothome.co.kr/data/file/gallery2/thumb-124ff4517aaeb5ce12c71ca6b4e78089_MUg8DIPT_b7ebe2ed7eaa3b8fdc12c1a9050eddcc71091219_380x380.jpg]
[khy2.dothome.co.kr/data/file/gallery2/thumb-124ff4517aaeb5ce12c71ca6b4e78089_x3pHIK9z_b89539339f79c8815557a168e13f5c9718cf881e_380x380.jpg]
[khy2.dothome.co.kr/data/file/gallery2/thumb-124ff4517aaeb5ce12c71ca6b4e78089_DEZotXNr_0126550e9587e9af81802ae3e4b3bb8636c42dec_380x380.jpg]
[khy2.dothome.co.kr/data/file/gallery2/thumb-124ff4517aaeb5ce12c71ca6b4e78089_szwWghMP_81a269047e841b7e4144749de4b5107871f0d0a2_380x380.jpg]
[khy2.dothome.co.kr/data/file/gallery2/thumb-124ff4517aaeb5ce12c71ca6b4e78089_JSz0Hyf8_9112f1440c125b8f16dd2a9aa14913d101002865_380x380.jpg]
[khy2.dothome.co.kr/data/file/gallery2/thumb-124ff4517aaeb5ce12c71ca6b4e78089_N8wAEDqX_d368d1ac896a0ec83308547f3c61e62897fd4d73_380x380.jpg]
[khy2.dothome.co.kr/data/file/gallery2/thumb-124ff4517aaeb5ce12c71ca6b4e78089_IeMO75Q0_ce2747051d700071ad8caac75230de9033dac5ce_380x380.jpg]
[khy2.dothome.co.kr/data/file/gallery2/thumb-124ff4517aaeb5ce12c71ca6b4e78089_qTGAjmOn_74eb3c4388168dc78ff8c1c9efd550e2f86e045e_380x380.jpg]
[khy2.dothome.co.kr/data/file/gallery2/thumb-124ff4517aaeb5ce12c71ca6b4e78089_hbCpwkgI_40c6c13675523bbf07acc4f3eb341d63f7349139_380x380.jpg]
[khy2.dothome.co.kr/bbs/board2018.html]
[khy2.dothome.co.kr/data/file/gallery2/thumb-124ff4517aaeb5ce12c71ca6b4e78089_nEvidIUD_d8eacfddb536d8e5920c9a6510bd88e5d7a5301f_380x380.jpg]
[khy2.dothome.co.kr/data/file/gallery3/thumb-124ff4517aaeb5ce12c71ca6b4e78089_o6ZKODEM_67aa37ac3b4c9a6c7fa92b75977158bb6a02290f_380x380.jpg]
[khy2.dothome.co.kr/data/file/gallery3/thumb-124ff4517aaeb5ce12c71ca6b4e78089_2mh1Njyg_3bc198877d837bdd2bfba2b20bf9b194fd9f1570_380x380.jpg]
[khy2.dothome.co.kr/data/file/gallery3/thumb-124ff4517aaeb5ce12c71ca6b4e78089_j5lFbSh9_2dccba2050138a7d82e5e3460ae5da0cc9a184d2_380x380.jpg]
[khy2.dothome.co.kr/data/file/gallery3/thumb-124ff4517aaeb5ce12c71ca6b4e78089_6HWXKDlm_4073a201f15531f72f3295359584b6b8a9c02b79_380x380.jpg]
[khy2.dothome.co.kr/data/file/gallery3/thumb-124ff4517aaeb5ce12c71ca6b4e78089_3D4LAhtv_e0888670fc1360979dfc3ed54c07204263804f4b_380x380.jpg]
[khy2.dothome.co.kr/data/file/gallery3/thumb-124ff4517aaeb5ce12c71ca6b4e78089_PEOfbe1Q_074b8ff460adb40f1835c24e50d7f768810b9c0c_380x380.jpg]
[khy2.dothome.co.kr/data/file/gallery3/thumb-124ff4517aaeb5ce12c71ca6b4e78089_BOQCMbZp_9aaf066478a4bc1be92496f1023001f727f03e13_380x380.jpg]
[khy2.dothome.co.kr/data/file/gallery3/thumb-124ff4517aaeb5ce12c71ca6b4e78089_cjxYeJv7_1b8e8fad15e269f8472ef47c4afe96bcfb093380_380x380.jpg]
[khy2.dothome.co.kr/data/file/gallery3/thumb-124ff4517aaeb5ce12c71ca6b4e78089_wKPCI7Uy_4be027ba638a5f7f6f6aa0cd024ad21a90a484d2_380x380.jpg]
[khy2.dothome.co.kr/data/file/gallery3/thumb-124ff4517aaeb5ce12c71ca6b4e78089_EDHFZAxh_3d504ed16aa04065c88eb42adfd380b63669309b_380x380.jpg]
[khy2.dothome.co.kr/bbs/board73af.html]
[dapi.kakao.com/v2/maps/sdkd551.json]
[khy2.dothome.co.kr/skin/board/mapV2/img/markerStar1.png]
[khy2.dothome.co.kr/skin/board/mapV2/img/markerStar2.png]
[khy2.dothome.co.kr/skin/board/mapV2/img/markerStar3.png]
[khy2.dothome.co.kr/skin/board/mapV2/img/markerStar4.png]
[khy2.dothome.co.kr/skin/board/mapV2/img/markerStar5.png]
[khy2.dothome.co.kr/bbs/board647e.html]
[khy2.dothome.co.kr/skin/board/mapV2-1/img/markerStar1.png]
[khy2.dothome.co.kr/skin/board/mapV2-1/img/markerStar2.png]
[khy2.dothome.co.kr/skin/board/mapV2-1/img/markerStar3.png]
[khy2.dothome.co.kr/skin/board/mapV2-1/img/markerStar4.png]
[khy2.dothome.co.kr/skin/board/mapV2-1/img/markerStar5.png]
[khy2.dothome.co.kr/bbs/board762f.html]
[khy2.dothome.co.kr/bbs/boardbafc.html]
[khy2.dothome.co.kr/data/file/excellent/thumb-124ff4517aaeb5ce12c71ca6b4e78089_8QMWYVF3_99fe2ee8ed955ea2daf61f45be0131d31ed6a460_400x250.jpg]
[khy2.dothome.co.kr/data/file/excellent/thumb-124ff4517aaeb5ce12c71ca6b4e78089_AxIQvjDU_4f7f4947ec1358c3b9a3b285a3bc626a0fd38e13_400x250.jpg]
[khy2.dothome.co.kr/data/file/excellent/thumb-124ff4517aaeb5ce12c71ca6b4e78089_wLmMbtsf_721f8efd5eb7d5d4d8dc416c43a172812d63b88e_400x250.jpg]
[khy2.dothome.co.kr/data/file/excellent/thumb-124ff4517aaeb5ce12c71ca6b4e78089_JtfSLOWm_537b24a8e5e7b3ada5b095cedb711ff4918b9405_400x250.jpg]
[khy2.dothome.co.kr/data/file/excellent/thumb-124ff4517aaeb5ce12c71ca6b4e78089_Y2KGb9BW_3c198611c79a738f285403a82dadd8dd213631aa_400x250.jpg]
[khy2.dothome.co.kr/data/file/excellent/thumb-124ff4517aaeb5ce12c71ca6b4e78089_TOC4Pzec_7442749440ae027785671399fb08c447841fb139_400x250.jpg]
[khy2.dothome.co.kr/data/file/excellent/thumb-124ff4517aaeb5ce12c71ca6b4e78089_C6E1bAh8_d058060f954e2d7656ca2059b2705dd05e293ae7_400x250.jpg]
[khy2.dothome.co.kr/data/file/excellent/thumb-124ff4517aaeb5ce12c71ca6b4e78089_X9K6nQhw_89b987389a1c232f6c39b60cae6cbec92d7e7e0f_400x250.jpg]
[khy2.dothome.co.kr/data/file/excellent/thumb-124ff4517aaeb5ce12c71ca6b4e78089_Sv2IBxe9_5885dba9976f465fe15a48785dd42ddc3cb1e351_400x250.jpg]
[khy2.dothome.co.kr/bbs/boarde231.html]
[khy2.dothome.co.kr/bbs/board8497.html]
[khy2.dothome.co.kr/data/file/event/thumb-e6f5a6be039e0e1e100f05253a97d0a7_T8s1OpS9_e066b64f44fe0e560898ec280e767a23389b0796_202x150.jpg]
[khy2.dothome.co.kr/data/file/event/thumb-124ff4517aaeb5ce12c71ca6b4e78089_yMvZTikd_30fd3893dec6b852834194595da48825866d4b4d_202x150.jpg]
[khy2.dothome.co.kr/data/file/event/thumb-124ff4517aaeb5ce12c71ca6b4e78089_G9KF358J_8157464fed6574bb873df32ccf81ecabeb3f89e4_202x150.jpg]
[khy2.dothome.co.kr/data/file/event/thumb-124ff4517aaeb5ce12c71ca6b4e78089_og7wadPi_27dba3bd983604d452b1a6ae5664b566c3f00603_202x150.jpg]
[khy2.dothome.co.kr/data/file/event/thumb-e6f5a6be039e0e1e100f05253a97d0a7_PQaDtkZL_ba93f230c2a15af294013eee9bb15debe04c2b5d_202x150.jpg]
[khy2.dothome.co.kr/data/file/event/thumb-e6f5a6be039e0e1e100f05253a97d0a7_cb5kKR23_61af717351c16c0ec4c44875b7326aedfbb680c5_202x150.jpg]
[khy2.dothome.co.kr/data/file/event/thumb-e6f5a6be039e0e1e100f05253a97d0a7_bQgp1rN3_510ce17b15cbcc6c7e31deb97db4e03f5cdc4a67_202x150.jpg]
[khy2.dothome.co.kr/bbs/boardfe0e.html]
[khy2.dothome.co.kr/skin/board/gallery_responsive/swiper/swiper.js]
[img.youtube.com/vi/Kg0qtDM7B_M/0.jpg]
[khy2.dothome.co.kr/skin/board/gallery_responsive/img/favicon_144-vfliLAfaB.png]
[img.youtube.com/vi/HLUK4faoVsE/0.jpg]
[img.youtube.com/vi/fk0isUS19Xs/0.jpg]
[img.youtube.com/vi/IlGtrezYCZA/0.jpg]
[img.youtube.com/vi/RMhKH1Z95As/0.jpg]
[img.youtube.com/vi/dmlqjsK4qy8/0.jpg]
[img.youtube.com/vi/XxGE-oQD8WU/0.jpg]
[img.youtube.com/vi/IUeK2ylHMjg/0.jpg]
[khy2.dothome.co.kr/bbs/board4696.html]
[khy2.dothome.co.kr/data/file/instagram/thumb-124ff4517aaeb5ce12c71ca6b4e78089_SPYJeQ3T_2860fe5de292ee9314c1557fd2c24c9714c2a9ed_390x390.jpg]
[khy2.dothome.co.kr/data/file/instagram/thumb-124ff4517aaeb5ce12c71ca6b4e78089_7OSlKeiI_5a9dbc82d37896fd17764f98e9062a8f2d8615dc_390x390.jpg]
[khy2.dothome.co.kr/data/file/instagram/thumb-124ff4517aaeb5ce12c71ca6b4e78089_HdyVYwc7_e1fdd5591563f2cc33e5e97a0278666dae5cf59d_390x390.jpg]
[khy2.dothome.co.kr/data/file/instagram/thumb-124ff4517aaeb5ce12c71ca6b4e78089_buj2CVqH_e1a561b0e9cb32c92dd4e5fcb4fa7ad614a1b4ab_390x390.jpg]
[khy2.dothome.co.kr/data/file/instagram/thumb-124ff4517aaeb5ce12c71ca6b4e78089_MbIeV48E_11fa4abbb8334556a52efcb1090374566afa9ee6_390x390.jpg]
[khy2.dothome.co.kr/data/file/instagram/thumb-124ff4517aaeb5ce12c71ca6b4e78089_AYhgm2zv_f06d0bff0c94d7c3c26cc9d7388e68873f868b51_390x390.jpg]
[khy2.dothome.co.kr/data/file/instagram/thumb-124ff4517aaeb5ce12c71ca6b4e78089_ZW0dA5k1_754963832378208b328be611ed89ffb68f43f584_390x390.jpg]
[khy2.dothome.co.kr/data/file/instagram/thumb-124ff4517aaeb5ce12c71ca6b4e78089_ghYsVLGu_d7f6d01a61736b2226ac22db12e6641a7f5c3039_390x390.jpg]
[khy2.dothome.co.kr/data/file/instagram/thumb-124ff4517aaeb5ce12c71ca6b4e78089_Zd5yR2ta_c830ccc34bd8de69a15b88ad3bebcd9e2574a7b2_390x390.jpg]
[khy2.dothome.co.kr/bbs/board9781.html]
[khy2.dothome.co.kr/skin/board/gallery_responsive2/swiper/swiper.js]
[img.youtube.com/vi/rjOrGRXAAc8/0.jpg]
[khy2.dothome.co.kr/skin/board/gallery_responsive2/img/favicon_144-vfliLAfaB.png]
[img.youtube.com/vi/gUXUcfQfLOk/0.jpg]
[img.youtube.com/vi/8poYzDQUUAw/0.jpg]
[img.youtube.com/vi/oRSK9_JxEmE/0.jpg]
[img.youtube.com/vi/T5HnF3wPii0/0.jpg]
[img.youtube.com/vi/4rwtvIpRtRQ/0.jpg]
[img.youtube.com/vi/hArv3jvZkQs/0.jpg]
[img.youtube.com/vi/KFv6od_haxM/0.jpg]
[khy2.dothome.co.kr/bbs/board52a5.html]
[khy2.dothome.co.kr/img/sub/company-intro.jpg]
[khy2.dothome.co.kr/sub/sub5-1.html]
[khy2.dothome.co.kr/img/sub/system-intro.jpg]
[khy2.dothome.co.kr/img/sub/distribution-system1.jpg]
[khy2.dothome.co.kr/img/sub/distribution-system2.jpg]
[khy2.dothome.co.kr/sub/sub5-2.html]
[khy2.dothome.co.kr/img/sub/distribution-system3.jpg]
[khy2.dothome.co.kr/img/sub/history-2022.jpg]
[khy2.dothome.co.kr/img/sub/history-2021.jpg]
[khy2.dothome.co.kr/img/sub/history-2020.jpg]
[khy2.dothome.co.kr/img/sub/history-2015.jpg]
[khy2.dothome.co.kr/img/sub/history-2014.jpg]
[khy2.dothome.co.kr/img/sub/history-2013.jpg]
[khy2.dothome.co.kr/sub/sub5-3.html]
[khy2.dothome.co.kr/img/sub/success1.jpg]
[khy2.dothome.co.kr/img/sub/success2.jpg]
[khy2.dothome.co.kr/img/sub/success3.jpg]
[khy2.dothome.co.kr/sub/sub6-1.html]
[khy2.dothome.co.kr/img/sub/success4.jpg]
[khy2.dothome.co.kr/img/sub/academy-intro.jpg]
[khy2.dothome.co.kr/img/sub/academy-first1.jpg]
[khy2.dothome.co.kr/img/sub/academy-first2.jpg]
[khy2.dothome.co.kr/img/sub/academy-second1.jpg]
[khy2.dothome.co.kr/img/sub/academy-second2.jpg]
[khy2.dothome.co.kr/sub/sub6-2.html]
[khy2.dothome.co.kr/img/sub/foundation-condition.jpg]
[khy2.dothome.co.kr/sub/sub6-3.html]
[khy2.dothome.co.kr/sub/sub6-4.html]
[khy2.dothome.co.kr/bbs/board6b3d.html]
[khy2.dothome.co.kr/js/viewimageresize.js]
[khy2.dothome.co.kr/bbs/qawrite.html]
[khy2.dothome.co.kr/bbs/register.html]
[khy2.dothome.co.kr/bbs/login.html]
[khy2.dothome.co.kr/data/file/notice/124ff4517aaeb5ce12c71ca6b4e78089_hz5U4wFa_05e5419496b69d8df0d4847d151197fca23bc3c9.jpg]
[khy2.dothome.co.kr/js/md5.js]
[khy2.dothome.co.kr/bbs/board33b9.html]
[khy2.dothome.co.kr/bbs/boardeacc.html]
[khy2.dothome.co.kr/data/file/notice/124ff4517aaeb5ce12c71ca6b4e78089_8XFyP0en_bed3cdfb5250083145eb70a718af72fb09d04200.jpg]
[khy2.dothome.co.kr/data/file/event/e6f5a6be039e0e1e100f05253a97d0a7_T8s1OpS9_e066b64f44fe0e560898ec280e767a23389b0796.jpg]
[khy2.dothome.co.kr/bbs/board53ee.html]
[khy2.dothome.co.kr/bbs/boarde3a3.html]
[khy2.dothome.co.kr/data/file/event/124ff4517aaeb5ce12c71ca6b4e78089_yMvZTikd_30fd3893dec6b852834194595da48825866d4b4d.jpg]
[khy2.dothome.co.kr/bbs/content02b1.html]
[khy2.dothome.co.kr/bbs/content200d.html]
[khy2.dothome.co.kr/bbs/content8afb.html]
[khy2.dothome.co.kr/js/font-awesome/fonts/fontawesome-webfont3e6e.html]
[khy2.dothome.co.kr/js/font-awesome/fonts/fontawesome-webfont3e6e.svg]
[khy2.dothome.co.kr/img/sub/lnb-hover.png]
[khy2.dothome.co.kr/css/sub-common.css]
[khy2.dothome.co.kr/img/sub/visual1.png]
[khy2.dothome.co.kr/img/sub/vision-icon.png]
[khy2.dothome.co.kr/img/sub/real-burger-icon.png]
[khy2.dothome.co.kr/css/sub1.css]
[khy2.dothome.co.kr/skin/board/gallery/img/chk.png]
[khy2.dothome.co.kr/skin/board/gallery/img/close_btn.png]
[khy2.dothome.co.kr/skin/board/gallery/img/btn_cmt.png]
[khy2.dothome.co.kr/skin/board/gallery/style7d54.css]
[khy2.dothome.co.kr/img/sub/visual2.png]
[khy2.dothome.co.kr/css/sub2.css]
[khy2.dothome.co.kr/data/file/gallery/124ff4517aaeb5ce12c71ca6b4e78089_eio4QVAw_0b8a7828a2e0bafa6585ede73404fc195fd6275b.jpg]
[khy2.dothome.co.kr/bbs/board6e93.html]
[khy2.dothome.co.kr/data/file/gallery/124ff4517aaeb5ce12c71ca6b4e78089_MqV8Gxsh_4a60f4a9fe6e3545ead514d4d2b43341881ca97e.jpg]
[khy2.dothome.co.kr/bbs/board9b1a.html]
[khy2.dothome.co.kr/data/file/gallery/124ff4517aaeb5ce12c71ca6b4e78089_TqCfBEJr_426181ca325cd35c3bac3667b840fd94fa4c697d.jpg]
[khy2.dothome.co.kr/bbs/board388e.html]
[khy2.dothome.co.kr/data/file/gallery/124ff4517aaeb5ce12c71ca6b4e78089_0LvxZdS7_9c350ff18081d6b134189667fc553fbc20b5a9ec.jpg]
[khy2.dothome.co.kr/bbs/board21d5.html]
[khy2.dothome.co.kr/data/file/gallery/124ff4517aaeb5ce12c71ca6b4e78089_vrDKcYz2_77c80c71223462a34e0d5b87fafc277a6bb49e5f.jpg]
[khy2.dothome.co.kr/bbs/boardbd7d.html]
[khy2.dothome.co.kr/data/file/gallery/124ff4517aaeb5ce12c71ca6b4e78089_MF694Sm3_6d14e9bcafd18a790ebbb9c9daa6ef9b731372a1.jpg]
[khy2.dothome.co.kr/bbs/board94c8.html]
[khy2.dothome.co.kr/data/file/gallery/124ff4517aaeb5ce12c71ca6b4e78089_iMZnSz0t_286a459f69fe0b7f09b15e823808559188b0b1ab.jpg]
[khy2.dothome.co.kr/bbs/board064d.html]
[khy2.dothome.co.kr/data/file/gallery/124ff4517aaeb5ce12c71ca6b4e78089_MgH7oCSL_0ea4f287f0ea904e858055f887dfc03e504b10f9.jpg]
[khy2.dothome.co.kr/bbs/boardc14e.html]
[khy2.dothome.co.kr/data/file/gallery/124ff4517aaeb5ce12c71ca6b4e78089_RWnaQflg_ef9bcff638e895775cf38ee42e30b62f7aa1bebe.jpg]
[khy2.dothome.co.kr/bbs/boardb368.html]
[khy2.dothome.co.kr/data/file/gallery/124ff4517aaeb5ce12c71ca6b4e78089_M0Bt5sc4_c006316c71bfd6d63340aa45e7f4af213526f5ef.jpg]
[khy2.dothome.co.kr/bbs/board3561.html]
[khy2.dothome.co.kr/skin/board/gallery2/img/chk.png]
[khy2.dothome.co.kr/skin/board/gallery2/img/close_btn.png]
[khy2.dothome.co.kr/skin/board/gallery2/img/btn_cmt.png]
[khy2.dothome.co.kr/skin/board/gallery2/style7d54.css]
[khy2.dothome.co.kr/data/file/gallery2/124ff4517aaeb5ce12c71ca6b4e78089_Rk3AHwzE_629cdb57ab676427ecb47e4cd5d328ef5c11f2a6.jpg]
[khy2.dothome.co.kr/bbs/boarda1ec.html]
[khy2.dothome.co.kr/data/file/gallery2/124ff4517aaeb5ce12c71ca6b4e78089_NujwVtxU_40ee0950293d939feb6c487399b9a195aa7a1d0f.jpg]
[khy2.dothome.co.kr/bbs/board5596.html]
[khy2.dothome.co.kr/data/file/gallery2/124ff4517aaeb5ce12c71ca6b4e78089_YoQxPshg_9c56a76743fcf9da60693aa6decac0e19ffd2682.jpg]
[khy2.dothome.co.kr/bbs/board109d.html]
[khy2.dothome.co.kr/data/file/gallery2/124ff4517aaeb5ce12c71ca6b4e78089_mcHAhvdK_4c85b5cac3c28e4725872cb8fa120eee8bba8d3c.jpg]
[khy2.dothome.co.kr/bbs/boardb5f1.html]
[khy2.dothome.co.kr/data/file/gallery2/124ff4517aaeb5ce12c71ca6b4e78089_k0NBhnfz_fcd6ec09b26f7ba5c12655e39402a0ca129b0af9.jpg]
[khy2.dothome.co.kr/bbs/boardfb90.html]
[khy2.dothome.co.kr/data/file/gallery2/124ff4517aaeb5ce12c71ca6b4e78089_MUg8DIPT_b7ebe2ed7eaa3b8fdc12c1a9050eddcc71091219.jpg]
[khy2.dothome.co.kr/bbs/boarddc80.html]
[khy2.dothome.co.kr/bbs/board101c.html]
[khy2.dothome.co.kr/data/file/gallery2/124ff4517aaeb5ce12c71ca6b4e78089_x3pHIK9z_b89539339f79c8815557a168e13f5c9718cf881e.jpg]
[khy2.dothome.co.kr/data/file/gallery2/124ff4517aaeb5ce12c71ca6b4e78089_DEZotXNr_0126550e9587e9af81802ae3e4b3bb8636c42dec.jpg]
[khy2.dothome.co.kr/bbs/board26d7.html]
[khy2.dothome.co.kr/bbs/boardfb8e.html]
[khy2.dothome.co.kr/data/file/gallery2/124ff4517aaeb5ce12c71ca6b4e78089_szwWghMP_81a269047e841b7e4144749de4b5107871f0d0a2.jpg]
[khy2.dothome.co.kr/data/file/gallery2/124ff4517aaeb5ce12c71ca6b4e78089_JSz0Hyf8_9112f1440c125b8f16dd2a9aa14913d101002865.jpg]
[khy2.dothome.co.kr/bbs/board32e9.html]
[khy2.dothome.co.kr/bbs/board2ae9.html]
[khy2.dothome.co.kr/data/file/gallery2/124ff4517aaeb5ce12c71ca6b4e78089_N8wAEDqX_d368d1ac896a0ec83308547f3c61e62897fd4d73.jpg]
[khy2.dothome.co.kr/data/file/gallery2/124ff4517aaeb5ce12c71ca6b4e78089_IeMO75Q0_ce2747051d700071ad8caac75230de9033dac5ce.jpg]
[khy2.dothome.co.kr/bbs/board2e9d.html]
[khy2.dothome.co.kr/bbs/board6f68.html]
[khy2.dothome.co.kr/data/file/gallery2/124ff4517aaeb5ce12c71ca6b4e78089_qTGAjmOn_74eb3c4388168dc78ff8c1c9efd550e2f86e045e.jpg]
[khy2.dothome.co.kr/data/file/gallery2/124ff4517aaeb5ce12c71ca6b4e78089_hbCpwkgI_40c6c13675523bbf07acc4f3eb341d63f7349139.jpg]
[khy2.dothome.co.kr/bbs/board0e27.html]
[khy2.dothome.co.kr/data/file/gallery2/124ff4517aaeb5ce12c71ca6b4e78089_nEvidIUD_d8eacfddb536d8e5920c9a6510bd88e5d7a5301f.jpg]
[khy2.dothome.co.kr/bbs/board2f3f.html]
[khy2.dothome.co.kr/skin/board/gallery3/img/chk.png]
[khy2.dothome.co.kr/skin/board/gallery3/img/close_btn.png]
[khy2.dothome.co.kr/skin/board/gallery3/img/btn_cmt.png]
[khy2.dothome.co.kr/skin/board/gallery3/style7d54.css]
[khy2.dothome.co.kr/data/file/gallery3/124ff4517aaeb5ce12c71ca6b4e78089_o6ZKODEM_67aa37ac3b4c9a6c7fa92b75977158bb6a02290f.jpg]
[khy2.dothome.co.kr/bbs/boardb40f.html]
[khy2.dothome.co.kr/data/file/gallery3/124ff4517aaeb5ce12c71ca6b4e78089_2mh1Njyg_3bc198877d837bdd2bfba2b20bf9b194fd9f1570.jpg]
[khy2.dothome.co.kr/bbs/boarddda1.html]
[khy2.dothome.co.kr/data/file/gallery3/124ff4517aaeb5ce12c71ca6b4e78089_j5lFbSh9_2dccba2050138a7d82e5e3460ae5da0cc9a184d2.jpg]
[khy2.dothome.co.kr/bbs/board115f.html]
[khy2.dothome.co.kr/data/file/gallery3/124ff4517aaeb5ce12c71ca6b4e78089_6HWXKDlm_4073a201f15531f72f3295359584b6b8a9c02b79.jpg]
[khy2.dothome.co.kr/bbs/board66a3.html]
[khy2.dothome.co.kr/data/file/gallery3/124ff4517aaeb5ce12c71ca6b4e78089_3D4LAhtv_e0888670fc1360979dfc3ed54c07204263804f4b.jpg]
[khy2.dothome.co.kr/bbs/boardc897.html]
[khy2.dothome.co.kr/data/file/gallery3/124ff4517aaeb5ce12c71ca6b4e78089_PEOfbe1Q_074b8ff460adb40f1835c24e50d7f768810b9c0c.jpg]
[khy2.dothome.co.kr/bbs/boardf4d8.html]
[khy2.dothome.co.kr/data/file/gallery3/124ff4517aaeb5ce12c71ca6b4e78089_BOQCMbZp_9aaf066478a4bc1be92496f1023001f727f03e13.jpg]
[khy2.dothome.co.kr/bbs/board68ba.html]
[khy2.dothome.co.kr/data/file/gallery3/124ff4517aaeb5ce12c71ca6b4e78089_cjxYeJv7_1b8e8fad15e269f8472ef47c4afe96bcfb093380.jpg]
[khy2.dothome.co.kr/bbs/boarded03.html]
[khy2.dothome.co.kr/bbs/board9c72.html]
[khy2.dothome.co.kr/data/file/gallery3/124ff4517aaeb5ce12c71ca6b4e78089_wKPCI7Uy_4be027ba638a5f7f6f6aa0cd024ad21a90a484d2.jpg]
[khy2.dothome.co.kr/data/file/gallery3/124ff4517aaeb5ce12c71ca6b4e78089_EDHFZAxh_3d504ed16aa04065c88eb42adfd380b63669309b.jpg]
[khy2.dothome.co.kr/bbs/board8d60.html]
[khy2.dothome.co.kr/skin/board/mapV2/img/chk.png]
[khy2.dothome.co.kr/skin/board/mapV2/img/baseline_keyboard_arrow_down_black_18dp.png]
[khy2.dothome.co.kr/skin/board/mapV2/img/close_btn.png]
[khy2.dothome.co.kr/skin/board/mapV2/img/btn_cmt.png]
[khy2.dothome.co.kr/skin/board/mapV2/style7d54.css]
[khy2.dothome.co.kr/img/sub/visual3.png]
[khy2.dothome.co.kr/css/sub3.css]
[khy2.dothome.co.kr/bbs/board519e.html]
[khy2.dothome.co.kr/data/file/branches_on/thumb-e6f5a6be039e0e1e100f05253a97d0a7_JyhlpFsK_84b7d012ecb5d803e7807b1e51e4cea0cb361cb1_600x324.jpg]
[khy2.dothome.co.kr/bbs/boardc023.html]
[khy2.dothome.co.kr/data/file/branches_on/thumb-e6f5a6be039e0e1e100f05253a97d0a7_ou7qKDOJ_2f78a6cd0b7aef1a4d1f91ba04ee46b46232a6ef_600x324.jpg]
[khy2.dothome.co.kr/data/file/branches_on/thumb-e6f5a6be039e0e1e100f05253a97d0a7_l3PKqdU0_94282f7b636d406f9bf0263647faa12cb399a094_600x324.jpg]
[khy2.dothome.co.kr/bbs/board7eba.html]
[khy2.dothome.co.kr/data/file/branches_on/thumb-e6f5a6be039e0e1e100f05253a97d0a7_8GPK4koz_7e0b66bf29b20705b16f234f72378f9c60e51d2e_600x324.jpg]
[khy2.dothome.co.kr/bbs/board17f6.html]
[khy2.dothome.co.kr/data/file/branches_on/thumb-e6f5a6be039e0e1e100f05253a97d0a7_Mz1dcyXa_0ec890c31984fabd5177e9e936d535d46ced8a14_600x324.jpg]
[khy2.dothome.co.kr/bbs/boardf037.html]
[khy2.dothome.co.kr/data/file/branches_on/thumb-e6f5a6be039e0e1e100f05253a97d0a7_gTEV0tBI_b547dda230cc670f4d5d8dbff95f7b9c60d1c9a2_600x324.jpg]
[khy2.dothome.co.kr/bbs/boarde774.html]
[khy2.dothome.co.kr/data/file/branches_on/thumb-124ff4517aaeb5ce12c71ca6b4e78089_u76RvQKU_1ad318ab7dccecaa44ff81a11460e82fa01d2442_600x450.jpg]
[khy2.dothome.co.kr/bbs/board970e.html]
[khy2.dothome.co.kr/data/file/branches_on/thumb-124ff4517aaeb5ce12c71ca6b4e78089_jNWnAIGv_fd4c1a646d27968f797747669741a7739abe871c_600x450.jpg]
[khy2.dothome.co.kr/bbs/board832d.html]
[khy2.dothome.co.kr/bbs/boardfca4.html]
[khy2.dothome.co.kr/bbs/board6448.html]
[khy2.dothome.co.kr/skin/board/mapV2-1/img/chk.png]
[khy2.dothome.co.kr/skin/board/mapV2-1/img/baseline_keyboard_arrow_down_black_18dp.png]
[khy2.dothome.co.kr/skin/board/mapV2-1/img/close_btn.png]
[khy2.dothome.co.kr/skin/board/mapV2-1/style7d54.css]
[khy2.dothome.co.kr/skin/board/mapV2-1/img/btn_cmt.png]
[khy2.dothome.co.kr/bbs/boarda709.html]
[khy2.dothome.co.kr/data/file/newstore/thumb-124ff4517aaeb5ce12c71ca6b4e78089_0hHEOT6U_66ac86ba8e349f68aa3ad17cb715c95bc1085527_600x450.jpg]
[khy2.dothome.co.kr/bbs/boardfc01.html]
[khy2.dothome.co.kr/data/file/newstore/thumb-124ff4517aaeb5ce12c71ca6b4e78089_0WY1PIHr_a644077ef7c0d2b381723249f7bd58f676b762bf_600x450.jpg]
[khy2.dothome.co.kr/bbs/board4117.html]
[khy2.dothome.co.kr/data/file/newstore/thumb-124ff4517aaeb5ce12c71ca6b4e78089_UTX54lhb_50693d3b68b1454728c38252dd8883e7964cee4d_600x450.jpg]
[khy2.dothome.co.kr/data/file/newstore/thumb-124ff4517aaeb5ce12c71ca6b4e78089_4rqIu8Yo_d0ecea791a3b408468763aa5b6f4d27363ef0101_600x450.jpg]
[khy2.dothome.co.kr/bbs/board3c54.html]
[khy2.dothome.co.kr/data/file/newstore/thumb-124ff4517aaeb5ce12c71ca6b4e78089_LI4BdSYQ_fa0ee163dfd7aaa8e193cedc5707d79598f4044e_600x450.jpg]
[khy2.dothome.co.kr/bbs/boarde3ad.html]
[khy2.dothome.co.kr/bbs/board3551.html]
[khy2.dothome.co.kr/data/file/newstore/thumb-124ff4517aaeb5ce12c71ca6b4e78089_pZmDwVsU_8138c87979f9a8982b6d3bf1ea4065959cd5ee1a_600x300.jpg]
[khy2.dothome.co.kr/data/file/newstore/thumb-124ff4517aaeb5ce12c71ca6b4e78089_8f7XxmiI_48c8e21a2212a7785a31fbe56dc76758255ecbf7_600x450.jpg]
[khy2.dothome.co.kr/bbs/board38a6.html]
[khy2.dothome.co.kr/data/file/newstore/thumb-124ff4517aaeb5ce12c71ca6b4e78089_79XZgiAQ_2edebf1d7dbed60a79213bb270074cc6cd96aa93_600x300.jpg]
[khy2.dothome.co.kr/bbs/board258a.html]
[khy2.dothome.co.kr/bbs/boardd4ed.html]
[khy2.dothome.co.kr/skin/board/partner/img/chk.png]
[khy2.dothome.co.kr/skin/board/partner/img/baseline_keyboard_arrow_down_black_18dp.png]
[khy2.dothome.co.kr/skin/board/partner/img/close_btn.png]
[khy2.dothome.co.kr/skin/board/partner/img/btn_cmt.png]
[khy2.dothome.co.kr/skin/board/partner/style7d54.css]
[khy2.dothome.co.kr/bbs/boarde145.html]
[khy2.dothome.co.kr/skin/board/gallery_box2/img/close_btn.png]
[khy2.dothome.co.kr/skin/board/gallery_box2/style7d54.css]
[khy2.dothome.co.kr/data/file/excellent/thumb-124ff4517aaeb5ce12c71ca6b4e78089_8QMWYVF3_99fe2ee8ed955ea2daf61f45be0131d31ed6a460_600x324.jpg]
[khy2.dothome.co.kr/bbs/boardeae3.html]
[khy2.dothome.co.kr/data/file/excellent/thumb-124ff4517aaeb5ce12c71ca6b4e78089_AxIQvjDU_4f7f4947ec1358c3b9a3b285a3bc626a0fd38e13_600x324.jpg]
[khy2.dothome.co.kr/bbs/boardf389.html]
[khy2.dothome.co.kr/data/file/excellent/thumb-124ff4517aaeb5ce12c71ca6b4e78089_wLmMbtsf_721f8efd5eb7d5d4d8dc416c43a172812d63b88e_600x324.jpg]
[khy2.dothome.co.kr/bbs/board3c65.html]
[khy2.dothome.co.kr/data/file/excellent/thumb-124ff4517aaeb5ce12c71ca6b4e78089_JtfSLOWm_537b24a8e5e7b3ada5b095cedb711ff4918b9405_600x324.jpg]
[khy2.dothome.co.kr/bbs/boardf749.html]
[khy2.dothome.co.kr/data/file/excellent/thumb-124ff4517aaeb5ce12c71ca6b4e78089_Y2KGb9BW_3c198611c79a738f285403a82dadd8dd213631aa_600x324.jpg]
[khy2.dothome.co.kr/bbs/boardc665.html]
[khy2.dothome.co.kr/data/file/excellent/thumb-124ff4517aaeb5ce12c71ca6b4e78089_TOC4Pzec_7442749440ae027785671399fb08c447841fb139_600x324.jpg]
[khy2.dothome.co.kr/bbs/board3a26.html]
[khy2.dothome.co.kr/data/file/excellent/thumb-124ff4517aaeb5ce12c71ca6b4e78089_C6E1bAh8_d058060f954e2d7656ca2059b2705dd05e293ae7_600x324.jpg]
[khy2.dothome.co.kr/bbs/board8242.html]
[khy2.dothome.co.kr/data/file/excellent/thumb-124ff4517aaeb5ce12c71ca6b4e78089_X9K6nQhw_89b987389a1c232f6c39b60cae6cbec92d7e7e0f_600x324.jpg]
[khy2.dothome.co.kr/bbs/board6ffb.html]
[khy2.dothome.co.kr/data/file/excellent/thumb-124ff4517aaeb5ce12c71ca6b4e78089_Sv2IBxe9_5885dba9976f465fe15a48785dd42ddc3cb1e351_600x324.jpg]
[khy2.dothome.co.kr/bbs/boardbec5.html]
[khy2.dothome.co.kr/data/file/excellent/thumb-124ff4517aaeb5ce12c71ca6b4e78089_0vlG53C1_a2fe46d460d70a980dcf626bdac1ab3b283a28df_400x250.jpg]
[khy2.dothome.co.kr/data/file/excellent/thumb-124ff4517aaeb5ce12c71ca6b4e78089_y9HbfLQp_4405037459cea6e59e5e6c9d38bc62ec0717ab03_400x250.jpg]
[khy2.dothome.co.kr/data/file/excellent/thumb-124ff4517aaeb5ce12c71ca6b4e78089_Yh1NBvlX_3c20cb7e1801f2248328f7b517f22137fb99ed09_400x250.jpg]
[khy2.dothome.co.kr/data/file/excellent/thumb-124ff4517aaeb5ce12c71ca6b4e78089_SzbDvM5l_4bbc3ac143c3142beb70eaaae7e3fa3b586fb066_400x250.jpg]
[khy2.dothome.co.kr/data/file/excellent/thumb-124ff4517aaeb5ce12c71ca6b4e78089_2mcKDrR9_a4ffa474740a6b5fb92fb0b1925682296ac5c1bd_400x250.jpg]
[khy2.dothome.co.kr/data/file/excellent/thumb-124ff4517aaeb5ce12c71ca6b4e78089_hzPfXgWw_506f9c453c278da453330f4b52d34457aeac6f10_400x250.jpg]
[khy2.dothome.co.kr/data/file/excellent/thumb-124ff4517aaeb5ce12c71ca6b4e78089_J87RPAnl_d549c2c64b576256d2c5133930f627e0537cd70d_400x250.jpg]
[khy2.dothome.co.kr/bbs/board55c9.html]
[khy2.dothome.co.kr/skin/board/basic/img/chk.png]
[khy2.dothome.co.kr/skin/board/basic/img/close_btn.png]
[khy2.dothome.co.kr/skin/board/basic/img/btn_cmt.png]
[khy2.dothome.co.kr/skin/board/basic/style7d54.css]
[khy2.dothome.co.kr/img/sub/visual4.png]
[khy2.dothome.co.kr/css/sub4.css]
[khy2.dothome.co.kr/bbs/board0c74.html]
[khy2.dothome.co.kr/bbs/boarda46b.html]
[khy2.dothome.co.kr/bbs/boardcc61.html]
[khy2.dothome.co.kr/data/file/notice/e6f5a6be039e0e1e100f05253a97d0a7_G71dg0oL_73cfafd797fa4600e989dde64f474b80d0997dc2.jpg]
[khy2.dothome.co.kr/data/file/notice/e6f5a6be039e0e1e100f05253a97d0a7_5e3JsFTK_e3472e3a80b49a9238097042250e59249be969c4.jpg]
[khy2.dothome.co.kr/bbs/board6572.html]
[khy2.dothome.co.kr/data/file/notice/e6f5a6be039e0e1e100f05253a97d0a7_ROi1gpw8_07b631b327e1dbd1cd798e8f94e019f5a6781689.jpg]
[khy2.dothome.co.kr/bbs/boardba2e.html]
[khy2.dothome.co.kr/data/file/notice/e6f5a6be039e0e1e100f05253a97d0a7_MOazwEe0_6bd6bc0386e50da111bf5e8210ce4c23471a8a27.jpg]
[khy2.dothome.co.kr/bbs/board2367.html]
[khy2.dothome.co.kr/data/file/notice/e6f5a6be039e0e1e100f05253a97d0a7_H930lzir_08a0ce6f83a3bf6f8436d24e462c93aa2e23c06d.jpg]
[khy2.dothome.co.kr/bbs/board5d1c.html]
[khy2.dothome.co.kr/data/file/notice/e6f5a6be039e0e1e100f05253a97d0a7_xTmhABqi_90a56b2e80792b9c85b968ff0a423fe332737066.jpg]
[khy2.dothome.co.kr/bbs/board6958.html]
[khy2.dothome.co.kr/data/file/notice/e6f5a6be039e0e1e100f05253a97d0a7_xpeNr75C_e769dd137782dbc5ca92cb01e4bad05819d93a1b.jpg]
[khy2.dothome.co.kr/bbs/boarde48d.html]
[khy2.dothome.co.kr/data/file/notice/e6f5a6be039e0e1e100f05253a97d0a7_wi7jhN03_cd88f8b43eb0a53bcf85553d02d0e9182a4f97b4.jpg]
[khy2.dothome.co.kr/bbs/board30ae.html]
[khy2.dothome.co.kr/bbs/board35da.html]
[khy2.dothome.co.kr/skin/board/event_basic/img/chk.png]
[khy2.dothome.co.kr/skin/board/event_basic/img/baseline_keyboard_arrow_down_black_18dp.png]
[khy2.dothome.co.kr/skin/board/event_basic/img/close_btn.png]
[khy2.dothome.co.kr/skin/board/event_basic/img/btn_cmt.png]
[khy2.dothome.co.kr/skin/board/event_basic/style7d54.css]
[khy2.dothome.co.kr/bbs/board56a3.html]
[khy2.dothome.co.kr/data/file/event/124ff4517aaeb5ce12c71ca6b4e78089_G9KF358J_8157464fed6574bb873df32ccf81ecabeb3f89e4.jpg]
[khy2.dothome.co.kr/data/file/event/124ff4517aaeb5ce12c71ca6b4e78089_og7wadPi_27dba3bd983604d452b1a6ae5664b566c3f00603.jpg]
[khy2.dothome.co.kr/bbs/board9f2f.html]
[khy2.dothome.co.kr/data/file/event/thumb-e6f5a6be039e0e1e100f05253a97d0a7_PQaDtkZL_ba93f230c2a15af294013eee9bb15debe04c2b5d_500x1030.jpg]
[khy2.dothome.co.kr/bbs/boardb415.html]
[khy2.dothome.co.kr/bbs/board3dfe.html]
[khy2.dothome.co.kr/data/file/event/thumb-e6f5a6be039e0e1e100f05253a97d0a7_cb5kKR23_61af717351c16c0ec4c44875b7326aedfbb680c5_500x963.jpg]
[khy2.dothome.co.kr/data/file/event/thumb-e6f5a6be039e0e1e100f05253a97d0a7_bQgp1rN3_510ce17b15cbcc6c7e31deb97db4e03f5cdc4a67_500x882.jpg]
[khy2.dothome.co.kr/bbs/boardc6b0.html]
[khy2.dothome.co.kr/skin/board/gallery_responsive/img/close_btn.png]
[khy2.dothome.co.kr/skin/board/gallery_responsive/img/btn_cmt.png]
[khy2.dothome.co.kr/skin/board/gallery_responsive/style7d54.css]
[khy2.dothome.co.kr/skin/board/gallery_responsive/swiper/swiper.css]
[khy2.dothome.co.kr/skin/board/gallery_responsive/css/magic-check.css]
[khy2.dothome.co.kr/bbs/boarda823.html]
[khy2.dothome.co.kr/bbs/board7db7.html]
[khy2.dothome.co.kr/bbs/board7a41.html]
[khy2.dothome.co.kr/bbs/boardc1f2.html]
[khy2.dothome.co.kr/bbs/board6df8.html]
[khy2.dothome.co.kr/bbs/board5561.html]
[khy2.dothome.co.kr/bbs/board6832.html]
[khy2.dothome.co.kr/bbs/board858f.html]
[img.youtube.com/vi/ZFoCkU_BxLc/0.jpg]
[img.youtube.com/vi/e8Afn4p2nvY/0.jpg]
[khy2.dothome.co.kr/bbs/board8f6f.html]
[khy2.dothome.co.kr/skin/board/gallery_box/img/close_btn.png]
[khy2.dothome.co.kr/skin/board/gallery_box/style7d54.css]
[khy2.dothome.co.kr/data/file/instagram/thumb-124ff4517aaeb5ce12c71ca6b4e78089_SPYJeQ3T_2860fe5de292ee9314c1557fd2c24c9714c2a9ed_600x600.jpg]
[khy2.dothome.co.kr/bbs/board8b79.html]
[khy2.dothome.co.kr/data/file/instagram/thumb-124ff4517aaeb5ce12c71ca6b4e78089_7OSlKeiI_5a9dbc82d37896fd17764f98e9062a8f2d8615dc_600x600.jpg]
[khy2.dothome.co.kr/bbs/board34e3.html]
[khy2.dothome.co.kr/data/file/instagram/thumb-124ff4517aaeb5ce12c71ca6b4e78089_HdyVYwc7_e1fdd5591563f2cc33e5e97a0278666dae5cf59d_600x600.jpg]
[khy2.dothome.co.kr/bbs/boarda3da.html]
[khy2.dothome.co.kr/data/file/instagram/thumb-124ff4517aaeb5ce12c71ca6b4e78089_buj2CVqH_e1a561b0e9cb32c92dd4e5fcb4fa7ad614a1b4ab_600x600.jpg]
[khy2.dothome.co.kr/bbs/board77a7.html]
[khy2.dothome.co.kr/data/file/instagram/thumb-124ff4517aaeb5ce12c71ca6b4e78089_MbIeV48E_11fa4abbb8334556a52efcb1090374566afa9ee6_600x600.jpg]
[khy2.dothome.co.kr/bbs/boardf1fe.html]
[khy2.dothome.co.kr/data/file/instagram/thumb-124ff4517aaeb5ce12c71ca6b4e78089_AYhgm2zv_f06d0bff0c94d7c3c26cc9d7388e68873f868b51_600x600.jpg]
[khy2.dothome.co.kr/bbs/board3a30.html]
[khy2.dothome.co.kr/data/file/instagram/thumb-124ff4517aaeb5ce12c71ca6b4e78089_ZW0dA5k1_754963832378208b328be611ed89ffb68f43f584_600x600.jpg]
[khy2.dothome.co.kr/bbs/boardfebd.html]
[khy2.dothome.co.kr/data/file/instagram/thumb-124ff4517aaeb5ce12c71ca6b4e78089_ghYsVLGu_d7f6d01a61736b2226ac22db12e6641a7f5c3039_600x600.jpg]
[khy2.dothome.co.kr/bbs/board6246.html]
[khy2.dothome.co.kr/data/file/instagram/thumb-124ff4517aaeb5ce12c71ca6b4e78089_Zd5yR2ta_c830ccc34bd8de69a15b88ad3bebcd9e2574a7b2_600x600.jpg]
[khy2.dothome.co.kr/bbs/board5458.html]
[khy2.dothome.co.kr/skin/board/gallery_responsive2/img/close_btn.png]
[khy2.dothome.co.kr/skin/board/gallery_responsive2/img/btn_cmt.png]
[khy2.dothome.co.kr/skin/board/gallery_responsive2/style7d54.css]
[khy2.dothome.co.kr/skin/board/gallery_responsive2/swiper/swiper.css]
[khy2.dothome.co.kr/skin/board/gallery_responsive2/css/magic-check.css]
[khy2.dothome.co.kr/bbs/board1899.html]
[khy2.dothome.co.kr/bbs/boardf861.html]
[khy2.dothome.co.kr/bbs/boarda99a.html]
[khy2.dothome.co.kr/bbs/board2f7a.html]
[khy2.dothome.co.kr/bbs/board5ca6.html]
[khy2.dothome.co.kr/bbs/boardbbc4.html]
[khy2.dothome.co.kr/bbs/boardd57d.html]
[khy2.dothome.co.kr/bbs/board2556.html]
[img.youtube.com/vi/VDbKyOu9YXE/0.jpg]
[img.youtube.com/vi/mrlNgtZPKoY/0.jpg]
[khy2.dothome.co.kr/bbs/board1d04.html]
[fonts.googleapis.com/css230c1.css]
[khy2.dothome.co.kr/img/sub/visual5.png]
[khy2.dothome.co.kr/img/sub/company-intro-logo.png]
[khy2.dothome.co.kr/img/sub/company-road.png]
[khy2.dothome.co.kr/css/sub5.css]
[khy2.dothome.co.kr/img/sub/visual6.png]
[khy2.dothome.co.kr/img/sub/success-icon.png]
[khy2.dothome.co.kr/img/sub/academy-icon.png]
[khy2.dothome.co.kr/img/sub/foundation-process.png]
[khy2.dothome.co.kr/img/sub/fund-bank-tit.png]
[khy2.dothome.co.kr/img/sub/fund-bank-logo.png]
[khy2.dothome.co.kr/css/sub6.css]
[khy2.dothome.co.kr/skin/board/faq/img/close_btn.png]
[khy2.dothome.co.kr/skin/board/faq/img/icon_view.png]
[khy2.dothome.co.kr/skin/board/faq/img/icon_comment.png]
[khy2.dothome.co.kr/skin/board/faq/img/icon_good.png]
[khy2.dothome.co.kr/skin/board/faq/img/icon_bad.png]
[khy2.dothome.co.kr/skin/board/faq/img/cmt_btn.png]
[khy2.dothome.co.kr/skin/board/faq/style7d54.css]
[khy2.dothome.co.kr/bbs/login524f.html]
[khy2.dothome.co.kr/skin/member/basic/img/chk.png]
[khy2.dothome.co.kr/skin/member/basic/style7d54.css]
[khy2.dothome.co.kr/img/common-visual.jpg]
[khy2.dothome.co.kr/css/common.css]
[khy2.dothome.co.kr/plugin/kcaptcha/kcaptcha.js]
[khy2.dothome.co.kr/plugin/kcaptcha/img/dot.gif]
[khy2.dothome.co.kr/bbs/password_lost.html]
[khy2.dothome.co.kr/bbs/view_imagee6a9.html]
[khy2.dothome.co.kr/bbs/view_imageb197.html]
[khy2.dothome.co.kr/bbs/view_image4a18.html]
[khy2.dothome.co.kr/bbs/view_image020b.html]
[khy2.dothome.co.kr/skin/content/basic/style7d54.css]
[khy2.dothome.co.kr/bbs/view_image4954.html]
[khy2.dothome.co.kr/bbs/view_imaged0e4.html]
[khy2.dothome.co.kr/bbs/view_image5c3e.html]
[khy2.dothome.co.kr/bbs/view_image5db1.html]
[khy2.dothome.co.kr/bbs/view_imagedb80.html]
[khy2.dothome.co.kr/bbs/view_image69ae.html]
[khy2.dothome.co.kr/bbs/view_imaged710.html]
[khy2.dothome.co.kr/bbs/view_image5bf6.html]
[khy2.dothome.co.kr/bbs/view_image3bc7.html]
[khy2.dothome.co.kr/bbs/view_image6f2f.html]
[khy2.dothome.co.kr/bbs/view_imageb427.html]
[khy2.dothome.co.kr/bbs/view_imaged4d5.html]
[khy2.dothome.co.kr/bbs/view_imageb9c6.html]
[khy2.dothome.co.kr/bbs/view_imagefc81.html]
[khy2.dothome.co.kr/bbs/view_imageadf1.html]
[khy2.dothome.co.kr/bbs/view_imagebd95.html]
[khy2.dothome.co.kr/bbs/view_imagee378.html]
[khy2.dothome.co.kr/bbs/view_image0352.html]
[khy2.dothome.co.kr/bbs/view_imagee07c.html]
[khy2.dothome.co.kr/bbs/view_imagefe3b.html]
[khy2.dothome.co.kr/bbs/view_imagec167.html]
[khy2.dothome.co.kr/bbs/view_image38a3.html]
[khy2.dothome.co.kr/bbs/view_image3799.html]
[khy2.dothome.co.kr/bbs/view_image324d.html]
[khy2.dothome.co.kr/bbs/view_image74ef.html]
[khy2.dothome.co.kr/bbs/view_imagea407.html]
[khy2.dothome.co.kr/bbs/view_image4e9b.html]
[khy2.dothome.co.kr/bbs/view_image2862.html]
[khy2.dothome.co.kr/bbs/view_imagebaf9.html]
[khy2.dothome.co.kr/bbs/view_image0a85.html]
[khy2.dothome.co.kr/bbs/view_imageafb0.html]
[khy2.dothome.co.kr/bbs/view_imagebbbb.html]
[khy2.dothome.co.kr/bbs/view_image981c.html]
[khy2.dothome.co.kr/bbs/view_imagedcef.html]
[khy2.dothome.co.kr/bbs/view_image5e41.html]
[khy2.dothome.co.kr/data/file/branches_on/e6f5a6be039e0e1e100f05253a97d0a7_JyhlpFsK_84b7d012ecb5d803e7807b1e51e4cea0cb361cb1.jpg]
[khy2.dothome.co.kr/bbs/view_image4e3e.html]
[khy2.dothome.co.kr/data/file/branches_on/e6f5a6be039e0e1e100f05253a97d0a7_ou7qKDOJ_2f78a6cd0b7aef1a4d1f91ba04ee46b46232a6ef.jpg]
[khy2.dothome.co.kr/bbs/view_image3044.html]
[khy2.dothome.co.kr/data/file/branches_on/e6f5a6be039e0e1e100f05253a97d0a7_l3PKqdU0_94282f7b636d406f9bf0263647faa12cb399a094.jpg]
[khy2.dothome.co.kr/bbs/view_imageb7e7.html]
[khy2.dothome.co.kr/data/file/branches_on/e6f5a6be039e0e1e100f05253a97d0a7_8GPK4koz_7e0b66bf29b20705b16f234f72378f9c60e51d2e.jpg]
[khy2.dothome.co.kr/bbs/view_imagefc34.html]
[khy2.dothome.co.kr/data/file/branches_on/e6f5a6be039e0e1e100f05253a97d0a7_Mz1dcyXa_0ec890c31984fabd5177e9e936d535d46ced8a14.jpg]
[khy2.dothome.co.kr/bbs/view_image7bf5.html]
[khy2.dothome.co.kr/data/file/branches_on/e6f5a6be039e0e1e100f05253a97d0a7_gTEV0tBI_b547dda230cc670f4d5d8dbff95f7b9c60d1c9a2.jpg]
[khy2.dothome.co.kr/bbs/view_image0f5e.html]
[khy2.dothome.co.kr/data/file/branches_on/124ff4517aaeb5ce12c71ca6b4e78089_u76RvQKU_1ad318ab7dccecaa44ff81a11460e82fa01d2442.jpg]
[khy2.dothome.co.kr/bbs/view_image96c1.html]
[khy2.dothome.co.kr/data/file/branches_on/124ff4517aaeb5ce12c71ca6b4e78089_jNWnAIGv_fd4c1a646d27968f797747669741a7739abe871c.jpg]
[khy2.dothome.co.kr/bbs/view_image225b.html]
[khy2.dothome.co.kr/data/file/branches_on/thumb-124ff4517aaeb5ce12c71ca6b4e78089_aoNi5bvk_e5a9937177f59665144a42db0be77e8ad250fb05_600x450.jpg]
[khy2.dothome.co.kr/bbs/boarddc7a.html]
[khy2.dothome.co.kr/bbs/board30f2.html]
[khy2.dothome.co.kr/bbs/boardf96f.html]
[khy2.dothome.co.kr/data/file/branches_on/thumb-124ff4517aaeb5ce12c71ca6b4e78089_AQiZc4jd_d0bcfbe43bb509997fef0d612e26342a343f6fc0_600x300.jpg]
[khy2.dothome.co.kr/data/file/branches_on/thumb-124ff4517aaeb5ce12c71ca6b4e78089_4ldYqIQU_8707fd0f7d333f615ef816cecb8d7f0344a54638_600x450.jpg]
[khy2.dothome.co.kr/bbs/board535d.html]
[khy2.dothome.co.kr/data/file/branches_on/thumb-124ff4517aaeb5ce12c71ca6b4e78089_xZaHuNRO_ebf231ac80cc67b3d12970e45b87b820a5f983fe_600x450.jpg]
[khy2.dothome.co.kr/bbs/boardfe84.html]
[khy2.dothome.co.kr/bbs/board5f23.html]
[khy2.dothome.co.kr/data/file/branches_on/thumb-124ff4517aaeb5ce12c71ca6b4e78089_oPzYLZxa_406ce49cde88c6da1dace6d3d468bb32b4d44d55_600x450.jpg]
[khy2.dothome.co.kr/data/file/branches_on/thumb-124ff4517aaeb5ce12c71ca6b4e78089_DjJ5bT6i_714f490ac6837b359861da70252b3ad04699fc27_600x450.jpg]
[khy2.dothome.co.kr/bbs/board60e7.html]
[khy2.dothome.co.kr/bbs/board7fc7.html]
[khy2.dothome.co.kr/data/file/branches_on/thumb-124ff4517aaeb5ce12c71ca6b4e78089_0Qw3hmWn_5984aa32a6ed71ee9fb98a49d989742788cec193_600x450.jpg]
[khy2.dothome.co.kr/data/file/branches_on/thumb-124ff4517aaeb5ce12c71ca6b4e78089_kB20Erl9_4888055a25644dc6c1403bc747feddf7c7d88701_600x450.jpg]
[khy2.dothome.co.kr/bbs/board1404.html]
[khy2.dothome.co.kr/bbs/board07ce.html]
[khy2.dothome.co.kr/data/file/branches_on/thumb-124ff4517aaeb5ce12c71ca6b4e78089_JesjZgV5_05c86e2c15b73b465a70f7cde742ebb1d2fc6a95_600x450.jpg]
[khy2.dothome.co.kr/bbs/board2cd4.html]
[khy2.dothome.co.kr/bbs/board1c75.html]
[khy2.dothome.co.kr/data/file/branches_on/thumb-124ff4517aaeb5ce12c71ca6b4e78089_8ptbk3cu_57c0306035f7a1f8b719d7bf403c02878271ef89_600x450.jpg]
[khy2.dothome.co.kr/data/file/branches_on/thumb-124ff4517aaeb5ce12c71ca6b4e78089_g1GTtz4e_3b2bc6545c66d8c532a04880c36b210834f5e03d_600x300.jpg]
[khy2.dothome.co.kr/bbs/board869a.html]
[khy2.dothome.co.kr/bbs/boardc2d7.html]
[khy2.dothome.co.kr/data/file/branches_on/thumb-124ff4517aaeb5ce12c71ca6b4e78089_tMd6G5cS_82a423dffadca1a21a6ee3a2fa8bfc13c88f2f5b_600x300.jpg]
[khy2.dothome.co.kr/data/file/branches_on/thumb-124ff4517aaeb5ce12c71ca6b4e78089_e3XO9ijy_582f6fd67d6d5a1bbec9f54b5de66b165ca2d568_600x450.jpg]
[khy2.dothome.co.kr/bbs/board2752.html]
[khy2.dothome.co.kr/data/file/newstore/124ff4517aaeb5ce12c71ca6b4e78089_0hHEOT6U_66ac86ba8e349f68aa3ad17cb715c95bc1085527.jpg]
[khy2.dothome.co.kr/bbs/view_imageee22.html]
[khy2.dothome.co.kr/data/file/newstore/124ff4517aaeb5ce12c71ca6b4e78089_0WY1PIHr_a644077ef7c0d2b381723249f7bd58f676b762bf.jpg]
[khy2.dothome.co.kr/bbs/view_image0809.html]
[khy2.dothome.co.kr/data/file/newstore/124ff4517aaeb5ce12c71ca6b4e78089_UTX54lhb_50693d3b68b1454728c38252dd8883e7964cee4d.jpg]
[khy2.dothome.co.kr/bbs/view_imagebd33.html]
[khy2.dothome.co.kr/data/file/newstore/124ff4517aaeb5ce12c71ca6b4e78089_4rqIu8Yo_d0ecea791a3b408468763aa5b6f4d27363ef0101.jpg]
[khy2.dothome.co.kr/bbs/view_imagec31a.html]
[khy2.dothome.co.kr/data/file/newstore/124ff4517aaeb5ce12c71ca6b4e78089_LI4BdSYQ_fa0ee163dfd7aaa8e193cedc5707d79598f4044e.jpg]
[khy2.dothome.co.kr/bbs/view_image2ed5.html]
[khy2.dothome.co.kr/data/file/newstore/124ff4517aaeb5ce12c71ca6b4e78089_pZmDwVsU_8138c87979f9a8982b6d3bf1ea4065959cd5ee1a.jpg]
[khy2.dothome.co.kr/bbs/view_image0de3.html]
[khy2.dothome.co.kr/data/file/newstore/124ff4517aaeb5ce12c71ca6b4e78089_8f7XxmiI_48c8e21a2212a7785a31fbe56dc76758255ecbf7.jpg]
[khy2.dothome.co.kr/bbs/view_imagedcfe.html]
[khy2.dothome.co.kr/data/file/newstore/124ff4517aaeb5ce12c71ca6b4e78089_79XZgiAQ_2edebf1d7dbed60a79213bb270074cc6cd96aa93.jpg]
[khy2.dothome.co.kr/bbs/view_image3946.html]
[khy2.dothome.co.kr/data/file/newstore/thumb-124ff4517aaeb5ce12c71ca6b4e78089_cE0tNWi5_fb73501b8199ff8c53b745d4e5fbb0e5fb98c1b7_600x450.jpg]
[khy2.dothome.co.kr/bbs/board3f38.html]
[khy2.dothome.co.kr/bbs/board3e24.html]
[khy2.dothome.co.kr/bbs/board7721.html]
[khy2.dothome.co.kr/data/file/newstore/thumb-124ff4517aaeb5ce12c71ca6b4e78089_kcJH3xtb_afe9914f11dc3d2bd2f881cad2aced3a01829e33_600x450.jpg]
[khy2.dothome.co.kr/bbs/board4de9.html]
[khy2.dothome.co.kr/data/file/newstore/thumb-124ff4517aaeb5ce12c71ca6b4e78089_aUdZyq7p_83b1e6b479762c98b9f9c3722e9624bd16def9a6_600x450.jpg]
[khy2.dothome.co.kr/bbs/boardf8fe.html]
[khy2.dothome.co.kr/data/file/newstore/thumb-124ff4517aaeb5ce12c71ca6b4e78089_ChlsBxzU_79fa827424552833298f1287bbc34d02939564b9_600x450.jpg]
[khy2.dothome.co.kr/bbs/board5a94.html]
[khy2.dothome.co.kr/data/file/newstore/thumb-124ff4517aaeb5ce12c71ca6b4e78089_7XwENfQF_69f4e9f8fcf6e6afd45b8f10e32056510f785e6e_600x450.jpg]
[khy2.dothome.co.kr/bbs/board2346.html]
[khy2.dothome.co.kr/data/file/newstore/thumb-124ff4517aaeb5ce12c71ca6b4e78089_I6kOJxty_4f5890cfb39c9fbdf5d9ba0ed44e8e816dd3bfb5_600x300.jpg]
[khy2.dothome.co.kr/data/file/newstore/thumb-124ff4517aaeb5ce12c71ca6b4e78089_VgI8RTZl_803a8c2b55ada4ec3273ebfbcf4871874aff4c53_600x300.jpg]
[khy2.dothome.co.kr/bbs/board72e7.html]
[khy2.dothome.co.kr/bbs/boardf6c8.html]
[khy2.dothome.co.kr/data/file/newstore/thumb-124ff4517aaeb5ce12c71ca6b4e78089_I3XeuZDV_f0f7a505ecb10302293927c579980d279fb8be2d_600x450.jpg]
[khy2.dothome.co.kr/bbs/board227d.html]
[khy2.dothome.co.kr/bbs/boardaad7.html]
[khy2.dothome.co.kr/data/file/excellent/124ff4517aaeb5ce12c71ca6b4e78089_8QMWYVF3_99fe2ee8ed955ea2daf61f45be0131d31ed6a460.jpg]
[khy2.dothome.co.kr/bbs/view_image1a32.html]
[khy2.dothome.co.kr/data/file/excellent/124ff4517aaeb5ce12c71ca6b4e78089_AxIQvjDU_4f7f4947ec1358c3b9a3b285a3bc626a0fd38e13.jpg]
[khy2.dothome.co.kr/bbs/view_imageb27b.html]
[khy2.dothome.co.kr/data/file/excellent/124ff4517aaeb5ce12c71ca6b4e78089_wLmMbtsf_721f8efd5eb7d5d4d8dc416c43a172812d63b88e.jpg]
[khy2.dothome.co.kr/bbs/view_image094c.html]
[khy2.dothome.co.kr/data/file/excellent/124ff4517aaeb5ce12c71ca6b4e78089_JtfSLOWm_537b24a8e5e7b3ada5b095cedb711ff4918b9405.jpg]
[khy2.dothome.co.kr/bbs/view_imagef5e5.html]
[khy2.dothome.co.kr/data/file/excellent/124ff4517aaeb5ce12c71ca6b4e78089_Y2KGb9BW_3c198611c79a738f285403a82dadd8dd213631aa.jpg]
[khy2.dothome.co.kr/bbs/view_imagec0f6.html]
[khy2.dothome.co.kr/data/file/excellent/124ff4517aaeb5ce12c71ca6b4e78089_TOC4Pzec_7442749440ae027785671399fb08c447841fb139.jpg]
[khy2.dothome.co.kr/bbs/view_imagede97.html]
[khy2.dothome.co.kr/data/file/excellent/124ff4517aaeb5ce12c71ca6b4e78089_C6E1bAh8_d058060f954e2d7656ca2059b2705dd05e293ae7.jpg]
[khy2.dothome.co.kr/bbs/view_imageae43.html]
[khy2.dothome.co.kr/data/file/excellent/124ff4517aaeb5ce12c71ca6b4e78089_X9K6nQhw_89b987389a1c232f6c39b60cae6cbec92d7e7e0f.jpg]
[khy2.dothome.co.kr/bbs/view_image9427.html]
[khy2.dothome.co.kr/data/file/excellent/124ff4517aaeb5ce12c71ca6b4e78089_Sv2IBxe9_5885dba9976f465fe15a48785dd42ddc3cb1e351.jpg]
[khy2.dothome.co.kr/bbs/view_image4329.html]
[khy2.dothome.co.kr/data/file/excellent/thumb-124ff4517aaeb5ce12c71ca6b4e78089_0vlG53C1_a2fe46d460d70a980dcf626bdac1ab3b283a28df_600x324.jpg]
[khy2.dothome.co.kr/bbs/boardae28.html]
[khy2.dothome.co.kr/bbs/board64c6.html]
[khy2.dothome.co.kr/data/file/excellent/thumb-124ff4517aaeb5ce12c71ca6b4e78089_y9HbfLQp_4405037459cea6e59e5e6c9d38bc62ec0717ab03_600x324.jpg]
[khy2.dothome.co.kr/bbs/board764a.html]
[khy2.dothome.co.kr/data/file/excellent/thumb-124ff4517aaeb5ce12c71ca6b4e78089_Yh1NBvlX_3c20cb7e1801f2248328f7b517f22137fb99ed09_600x324.jpg]
[khy2.dothome.co.kr/bbs/boardaa85.html]
[khy2.dothome.co.kr/data/file/excellent/thumb-124ff4517aaeb5ce12c71ca6b4e78089_SzbDvM5l_4bbc3ac143c3142beb70eaaae7e3fa3b586fb066_600x324.jpg]
[khy2.dothome.co.kr/bbs/boardba99.html]
[khy2.dothome.co.kr/data/file/excellent/thumb-124ff4517aaeb5ce12c71ca6b4e78089_2mcKDrR9_a4ffa474740a6b5fb92fb0b1925682296ac5c1bd_600x324.jpg]
[khy2.dothome.co.kr/bbs/board86c7.html]
[khy2.dothome.co.kr/data/file/excellent/thumb-124ff4517aaeb5ce12c71ca6b4e78089_hzPfXgWw_506f9c453c278da453330f4b52d34457aeac6f10_600x324.jpg]
[khy2.dothome.co.kr/bbs/boardfbee.html]
[khy2.dothome.co.kr/data/file/excellent/thumb-124ff4517aaeb5ce12c71ca6b4e78089_J87RPAnl_d549c2c64b576256d2c5133930f627e0537cd70d_600x324.jpg]
[khy2.dothome.co.kr/bbs/boardba95.html]
[khy2.dothome.co.kr/bbs/boardf225.html]
[khy2.dothome.co.kr/bbs/board64bd.html]
[khy2.dothome.co.kr/bbs/boarded70.html]
[khy2.dothome.co.kr/bbs/board1812.html]
[khy2.dothome.co.kr/bbs/board3a52.html]
[khy2.dothome.co.kr/bbs/board51dd.html]
[khy2.dothome.co.kr/bbs/boardbdfe.html]
[khy2.dothome.co.kr/bbs/board0a1d.html]
[khy2.dothome.co.kr/bbs/boarda3c5.html]
[khy2.dothome.co.kr/bbs/board125b.html]
[khy2.dothome.co.kr/bbs/board8a4c.html]
[khy2.dothome.co.kr/bbs/boardfd13.html]
[khy2.dothome.co.kr/bbs/board00c2.html]
[khy2.dothome.co.kr/bbs/boardb542.html]
[khy2.dothome.co.kr/bbs/boardb352.html]
[khy2.dothome.co.kr/bbs/boardc3a7.html]
[khy2.dothome.co.kr/bbs/boardd977.html]
[khy2.dothome.co.kr/bbs/boardd919.html]
[khy2.dothome.co.kr/bbs/board5796.html]
[khy2.dothome.co.kr/bbs/board9e2d.html]
[khy2.dothome.co.kr/bbs/board49e7.html]
[khy2.dothome.co.kr/bbs/boardc72c.html]
[khy2.dothome.co.kr/bbs/boarde6d9.html]
[khy2.dothome.co.kr/bbs/board70b1.html]
[khy2.dothome.co.kr/bbs/boardfe2b.html]
[khy2.dothome.co.kr/bbs/view_image807e.html]
[khy2.dothome.co.kr/bbs/view_imagef3cc.html]
[khy2.dothome.co.kr/bbs/view_image9a41.html]
[khy2.dothome.co.kr/bbs/view_imageb7bd.html]
[khy2.dothome.co.kr/bbs/view_imaged8d3.html]
[khy2.dothome.co.kr/bbs/view_image9d80.html]
[khy2.dothome.co.kr/bbs/view_imagedf1f.html]
[khy2.dothome.co.kr/bbs/view_image1ea5.html]
[khy2.dothome.co.kr/data/file/notice/e6f5a6be039e0e1e100f05253a97d0a7_SDJcOeKQ_8a2b0db4106a6e10f0daa420cb83625d3ef20947.jpg]
[khy2.dothome.co.kr/bbs/board6bb7.html]
[khy2.dothome.co.kr/bbs/board33b9-2.html]
[khy2.dothome.co.kr/bbs/board9558.html]
[khy2.dothome.co.kr/bbs/board878c.html]
[khy2.dothome.co.kr/data/file/notice/e6f5a6be039e0e1e100f05253a97d0a7_ldfL831h_60e6f141fba8f129b0421dbfe8e22deedf5e5831.jpg]
[khy2.dothome.co.kr/bbs/board0bf4.html]
[khy2.dothome.co.kr/data/file/notice/e6f5a6be039e0e1e100f05253a97d0a7_dGZxS945_230394cce284e200a238beb372b7f157e9df7231.jpg]
[khy2.dothome.co.kr/bbs/boarda11f.html]
[khy2.dothome.co.kr/data/file/notice/e6f5a6be039e0e1e100f05253a97d0a7_3r9jFL5W_1156de4ccf2b125a907ed6ba0eeb98314c749b56.jpg]
[khy2.dothome.co.kr/bbs/board22e6.html]
[khy2.dothome.co.kr/data/file/notice/e6f5a6be039e0e1e100f05253a97d0a7_9SWxMALg_ae592f0ed1b9f4efb4f182acb4005bccc9610103.jpg]
[khy2.dothome.co.kr/bbs/boardcff7.html]
[khy2.dothome.co.kr/data/file/notice/e6f5a6be039e0e1e100f05253a97d0a7_vaRqMG4S_e3c344cf0fe972557688ea7afb36012f416e5cb0.png]
[khy2.dothome.co.kr/bbs/boarda60b.html]
[khy2.dothome.co.kr/bbs/board732e.html]
[khy2.dothome.co.kr/bbs/view_imageeed0.html]
[khy2.dothome.co.kr/bbs/view_image7384.html]
[khy2.dothome.co.kr/data/file/event/e6f5a6be039e0e1e100f05253a97d0a7_PQaDtkZL_ba93f230c2a15af294013eee9bb15debe04c2b5d.jpg]
[khy2.dothome.co.kr/bbs/view_image661e.html]
[khy2.dothome.co.kr/data/file/event/e6f5a6be039e0e1e100f05253a97d0a7_cb5kKR23_61af717351c16c0ec4c44875b7326aedfbb680c5.jpg]
[khy2.dothome.co.kr/bbs/view_image154c.html]
[khy2.dothome.co.kr/data/file/event/e6f5a6be039e0e1e100f05253a97d0a7_bQgp1rN3_510ce17b15cbcc6c7e31deb97db4e03f5cdc4a67.jpg]
[khy2.dothome.co.kr/bbs/view_image38b4.html]
[khy2.dothome.co.kr/skin/board/gallery_responsive/img/video.svg]
[khy2.dothome.co.kr/skin/board/gallery_responsive/img/tag.svg]
[khy2.dothome.co.kr/skin/board/gallery_responsive/img/edit.svg]
[khy2.dothome.co.kr/skin/board/gallery_responsive/img/calendar.svg]
[khy2.dothome.co.kr/skin/board/gallery_responsive/img/eye.svg]
[khy2.dothome.co.kr/skin/board/gallery_responsive/img/menu.svg]
[khy2.dothome.co.kr/bbs/boarda05d.html]
[khy2.dothome.co.kr/bbs/board467a.html]
[khy2.dothome.co.kr/bbs/board9473.html]
[khy2.dothome.co.kr/data/file/instagram/124ff4517aaeb5ce12c71ca6b4e78089_SPYJeQ3T_2860fe5de292ee9314c1557fd2c24c9714c2a9ed.jpg]
[khy2.dothome.co.kr/bbs/view_image107f.html]
[khy2.dothome.co.kr/data/file/instagram/124ff4517aaeb5ce12c71ca6b4e78089_7OSlKeiI_5a9dbc82d37896fd17764f98e9062a8f2d8615dc.jpg]
[khy2.dothome.co.kr/bbs/view_image7288.html]
[khy2.dothome.co.kr/data/file/instagram/124ff4517aaeb5ce12c71ca6b4e78089_HdyVYwc7_e1fdd5591563f2cc33e5e97a0278666dae5cf59d.jpg]
[khy2.dothome.co.kr/bbs/view_imageceeb.html]
[khy2.dothome.co.kr/data/file/instagram/124ff4517aaeb5ce12c71ca6b4e78089_buj2CVqH_e1a561b0e9cb32c92dd4e5fcb4fa7ad614a1b4ab.jpg]
[khy2.dothome.co.kr/bbs/view_imagea125.html]
[khy2.dothome.co.kr/data/file/instagram/124ff4517aaeb5ce12c71ca6b4e78089_MbIeV48E_11fa4abbb8334556a52efcb1090374566afa9ee6.jpg]
[khy2.dothome.co.kr/bbs/view_image0775.html]
[khy2.dothome.co.kr/data/file/instagram/124ff4517aaeb5ce12c71ca6b4e78089_AYhgm2zv_f06d0bff0c94d7c3c26cc9d7388e68873f868b51.jpg]
[khy2.dothome.co.kr/bbs/view_imageab4f.html]
[khy2.dothome.co.kr/data/file/instagram/124ff4517aaeb5ce12c71ca6b4e78089_ZW0dA5k1_754963832378208b328be611ed89ffb68f43f584.jpg]
[khy2.dothome.co.kr/bbs/view_imagef41f.html]
[khy2.dothome.co.kr/data/file/instagram/124ff4517aaeb5ce12c71ca6b4e78089_ghYsVLGu_d7f6d01a61736b2226ac22db12e6641a7f5c3039.jpg]
[khy2.dothome.co.kr/bbs/view_image8960.html]
[khy2.dothome.co.kr/data/file/instagram/124ff4517aaeb5ce12c71ca6b4e78089_Zd5yR2ta_c830ccc34bd8de69a15b88ad3bebcd9e2574a7b2.jpg]
[khy2.dothome.co.kr/bbs/view_image9c7b.html]
[khy2.dothome.co.kr/skin/board/gallery_responsive2/img/video.svg]
[khy2.dothome.co.kr/skin/board/gallery_responsive2/img/tag.svg]
[khy2.dothome.co.kr/skin/board/gallery_responsive2/img/edit.svg]
[khy2.dothome.co.kr/skin/board/gallery_responsive2/img/calendar.svg]
[khy2.dothome.co.kr/skin/board/gallery_responsive2/img/eye.svg]
[khy2.dothome.co.kr/skin/board/gallery_responsive2/img/menu.svg]
[khy2.dothome.co.kr/bbs/board2510.html]
[khy2.dothome.co.kr/bbs/board2fc6.html]
[khy2.dothome.co.kr/bbs/board73f9.html]
[khy2.dothome.co.kr/plugin/kcaptcha/index.html]
[khy2.dothome.co.kr/data/file/branches_on/124ff4517aaeb5ce12c71ca6b4e78089_aoNi5bvk_e5a9937177f59665144a42db0be77e8ad250fb05.jpg]
[khy2.dothome.co.kr/bbs/view_imageec1c.html]
[khy2.dothome.co.kr/bbs/boarddd0d.html]
[khy2.dothome.co.kr/bbs/board56b8.html]
[khy2.dothome.co.kr/data/file/branches_on/124ff4517aaeb5ce12c71ca6b4e78089_AQiZc4jd_d0bcfbe43bb509997fef0d612e26342a343f6fc0.jpg]
[khy2.dothome.co.kr/bbs/view_image1c5e.html]
[khy2.dothome.co.kr/data/file/branches_on/124ff4517aaeb5ce12c71ca6b4e78089_4ldYqIQU_8707fd0f7d333f615ef816cecb8d7f0344a54638.jpg]
[khy2.dothome.co.kr/bbs/view_image05d4.html]
[khy2.dothome.co.kr/data/file/branches_on/124ff4517aaeb5ce12c71ca6b4e78089_xZaHuNRO_ebf231ac80cc67b3d12970e45b87b820a5f983fe.jpg]
[khy2.dothome.co.kr/bbs/view_image943e.html]
[khy2.dothome.co.kr/data/file/branches_on/124ff4517aaeb5ce12c71ca6b4e78089_oPzYLZxa_406ce49cde88c6da1dace6d3d468bb32b4d44d55.jpg]
[khy2.dothome.co.kr/bbs/view_image39e7.html]
[khy2.dothome.co.kr/data/file/branches_on/124ff4517aaeb5ce12c71ca6b4e78089_DjJ5bT6i_714f490ac6837b359861da70252b3ad04699fc27.jpg]
[khy2.dothome.co.kr/bbs/view_image9630.html]
[khy2.dothome.co.kr/data/file/branches_on/124ff4517aaeb5ce12c71ca6b4e78089_0Qw3hmWn_5984aa32a6ed71ee9fb98a49d989742788cec193.jpg]
[khy2.dothome.co.kr/bbs/view_image4a5d.html]
[khy2.dothome.co.kr/data/file/branches_on/124ff4517aaeb5ce12c71ca6b4e78089_kB20Erl9_4888055a25644dc6c1403bc747feddf7c7d88701.jpg]
[khy2.dothome.co.kr/bbs/view_imagebc8f.html]
[khy2.dothome.co.kr/bbs/boardba58.html]
[khy2.dothome.co.kr/bbs/boardf3a1.html]
[khy2.dothome.co.kr/bbs/boardb957.html]
[khy2.dothome.co.kr/bbs/board1d0d.html]
[khy2.dothome.co.kr/bbs/boardd61a.html]
[khy2.dothome.co.kr/bbs/board3d84.html]
[khy2.dothome.co.kr/bbs/boardd518.html]
[khy2.dothome.co.kr/bbs/board207a.html]
[khy2.dothome.co.kr/bbs/board7037.html]
[khy2.dothome.co.kr/data/file/branches_on/124ff4517aaeb5ce12c71ca6b4e78089_JesjZgV5_05c86e2c15b73b465a70f7cde742ebb1d2fc6a95.jpg]
[khy2.dothome.co.kr/bbs/view_imageab3b.html]
[khy2.dothome.co.kr/bbs/board357e.html]
[khy2.dothome.co.kr/data/file/branches_on/124ff4517aaeb5ce12c71ca6b4e78089_8ptbk3cu_57c0306035f7a1f8b719d7bf403c02878271ef89.jpg]
[khy2.dothome.co.kr/bbs/view_image9a45.html]
[khy2.dothome.co.kr/data/file/branches_on/124ff4517aaeb5ce12c71ca6b4e78089_g1GTtz4e_3b2bc6545c66d8c532a04880c36b210834f5e03d.jpg]
[khy2.dothome.co.kr/bbs/view_image9ebc.html]
[khy2.dothome.co.kr/data/file/branches_on/124ff4517aaeb5ce12c71ca6b4e78089_tMd6G5cS_82a423dffadca1a21a6ee3a2fa8bfc13c88f2f5b.jpg]
[khy2.dothome.co.kr/bbs/view_image967c.html]
[khy2.dothome.co.kr/data/file/branches_on/124ff4517aaeb5ce12c71ca6b4e78089_e3XO9ijy_582f6fd67d6d5a1bbec9f54b5de66b165ca2d568.jpg]
[khy2.dothome.co.kr/bbs/view_image5dc3.html]
[khy2.dothome.co.kr/data/file/newstore/124ff4517aaeb5ce12c71ca6b4e78089_cE0tNWi5_fb73501b8199ff8c53b745d4e5fbb0e5fb98c1b7.jpg]
[khy2.dothome.co.kr/bbs/view_imageaf7b.html]
[khy2.dothome.co.kr/bbs/board5eb1.html]
[khy2.dothome.co.kr/bbs/board9eed.html]
[khy2.dothome.co.kr/data/file/newstore/124ff4517aaeb5ce12c71ca6b4e78089_kcJH3xtb_afe9914f11dc3d2bd2f881cad2aced3a01829e33.jpg]
[khy2.dothome.co.kr/bbs/view_image98c6.html]
[khy2.dothome.co.kr/data/file/newstore/124ff4517aaeb5ce12c71ca6b4e78089_aUdZyq7p_83b1e6b479762c98b9f9c3722e9624bd16def9a6.jpg]
[khy2.dothome.co.kr/bbs/view_imaged789.html]
[khy2.dothome.co.kr/data/file/newstore/124ff4517aaeb5ce12c71ca6b4e78089_ChlsBxzU_79fa827424552833298f1287bbc34d02939564b9.jpg]
[khy2.dothome.co.kr/bbs/view_imageec2b.html]
[khy2.dothome.co.kr/data/file/newstore/124ff4517aaeb5ce12c71ca6b4e78089_7XwENfQF_69f4e9f8fcf6e6afd45b8f10e32056510f785e6e.jpg]
[khy2.dothome.co.kr/bbs/view_image2b1e.html]
[khy2.dothome.co.kr/data/file/newstore/124ff4517aaeb5ce12c71ca6b4e78089_I6kOJxty_4f5890cfb39c9fbdf5d9ba0ed44e8e816dd3bfb5.jpg]
[khy2.dothome.co.kr/bbs/view_imagee4eb.html]
[khy2.dothome.co.kr/data/file/newstore/124ff4517aaeb5ce12c71ca6b4e78089_VgI8RTZl_803a8c2b55ada4ec3273ebfbcf4871874aff4c53.jpg]
[khy2.dothome.co.kr/bbs/view_image75d5.html]
[khy2.dothome.co.kr/data/file/newstore/124ff4517aaeb5ce12c71ca6b4e78089_I3XeuZDV_f0f7a505ecb10302293927c579980d279fb8be2d.jpg]
[khy2.dothome.co.kr/bbs/view_imagecacf.html]
[khy2.dothome.co.kr/bbs/board0a4f.html]
[khy2.dothome.co.kr/bbs/board182c.html]
[khy2.dothome.co.kr/bbs/board81ad.html]
[khy2.dothome.co.kr/bbs/board8ef2.html]
[khy2.dothome.co.kr/bbs/board17d2.html]
[khy2.dothome.co.kr/bbs/board704f.html]
[khy2.dothome.co.kr/bbs/board56f9.html]
[khy2.dothome.co.kr/bbs/boardf5b5.html]
[khy2.dothome.co.kr/data/file/excellent/124ff4517aaeb5ce12c71ca6b4e78089_0vlG53C1_a2fe46d460d70a980dcf626bdac1ab3b283a28df.jpg]
[khy2.dothome.co.kr/bbs/view_imagefe13.html]
[khy2.dothome.co.kr/bbs/boarde03c.html]
[khy2.dothome.co.kr/bbs/board4d28.html]
[khy2.dothome.co.kr/data/file/excellent/124ff4517aaeb5ce12c71ca6b4e78089_y9HbfLQp_4405037459cea6e59e5e6c9d38bc62ec0717ab03.jpg]
[khy2.dothome.co.kr/bbs/view_image9671.html]
[khy2.dothome.co.kr/data/file/excellent/124ff4517aaeb5ce12c71ca6b4e78089_Yh1NBvlX_3c20cb7e1801f2248328f7b517f22137fb99ed09.jpg]
[khy2.dothome.co.kr/bbs/view_image6da7.html]
[khy2.dothome.co.kr/data/file/excellent/124ff4517aaeb5ce12c71ca6b4e78089_SzbDvM5l_4bbc3ac143c3142beb70eaaae7e3fa3b586fb066.jpg]
[khy2.dothome.co.kr/bbs/view_imagec897.html]
[khy2.dothome.co.kr/data/file/excellent/124ff4517aaeb5ce12c71ca6b4e78089_2mcKDrR9_a4ffa474740a6b5fb92fb0b1925682296ac5c1bd.jpg]
[khy2.dothome.co.kr/bbs/view_image852d.html]
[khy2.dothome.co.kr/data/file/excellent/124ff4517aaeb5ce12c71ca6b4e78089_hzPfXgWw_506f9c453c278da453330f4b52d34457aeac6f10.jpg]
[khy2.dothome.co.kr/bbs/view_image63d2.html]
[khy2.dothome.co.kr/data/file/excellent/124ff4517aaeb5ce12c71ca6b4e78089_J87RPAnl_d549c2c64b576256d2c5133930f627e0537cd70d.jpg]
[khy2.dothome.co.kr/bbs/view_imageb288.html]
[khy2.dothome.co.kr/bbs/boarde140.html]
[khy2.dothome.co.kr/bbs/board7eef.html]
[khy2.dothome.co.kr/bbs/board0a4c.html]
[khy2.dothome.co.kr/bbs/board5347.html]
[khy2.dothome.co.kr/bbs/board3c02.html]
[khy2.dothome.co.kr/bbs/board829e.html]
[khy2.dothome.co.kr/bbs/boarde7fe.html]
[khy2.dothome.co.kr/bbs/board5d07.html]
[khy2.dothome.co.kr/bbs/board48e7.html]
[khy2.dothome.co.kr/bbs/board4a24.html]
[khy2.dothome.co.kr/bbs/boardc802.html]
[khy2.dothome.co.kr/bbs/boardc2d3.html]
[khy2.dothome.co.kr/bbs/board224d.html]
[khy2.dothome.co.kr/bbs/boardba32.html]
[khy2.dothome.co.kr/bbs/board45ef.html]
[khy2.dothome.co.kr/bbs/boardd793.html]
[khy2.dothome.co.kr/bbs/board509c.html]
[khy2.dothome.co.kr/bbs/board91af.html]
[khy2.dothome.co.kr/bbs/board1bff.html]
[khy2.dothome.co.kr/bbs/board2e47.html]
[khy2.dothome.co.kr/bbs/boardc970.html]
[khy2.dothome.co.kr/bbs/board50ea.html]
[khy2.dothome.co.kr/bbs/board3845.html]
[khy2.dothome.co.kr/bbs/board844f.html]
[khy2.dothome.co.kr/bbs/board1917.html]
[khy2.dothome.co.kr/bbs/boarde976.html]
[khy2.dothome.co.kr/bbs/board6564.html]
[khy2.dothome.co.kr/bbs/boardf9bd.html]
[khy2.dothome.co.kr/bbs/boarde293.html]
[khy2.dothome.co.kr/bbs/board72db.html]
[khy2.dothome.co.kr/bbs/boardfc4e.html]
[khy2.dothome.co.kr/bbs/board3e3a.html]
[khy2.dothome.co.kr/bbs/board79ae.html]
[khy2.dothome.co.kr/bbs/board197c.html]
[khy2.dothome.co.kr/bbs/board834a.html]
[khy2.dothome.co.kr/bbs/board1ee7.html]
[khy2.dothome.co.kr/bbs/boardc162.html]
[khy2.dothome.co.kr/bbs/boarde0d4.html]
[khy2.dothome.co.kr/bbs/board7761.html]
[khy2.dothome.co.kr/bbs/boardc444.html]
[khy2.dothome.co.kr/bbs/board95a0.html]
[khy2.dothome.co.kr/bbs/boardba03.html]
[khy2.dothome.co.kr/bbs/boarddbc3.html]
[khy2.dothome.co.kr/bbs/board6230.html]
[khy2.dothome.co.kr/bbs/board3490.html]
[khy2.dothome.co.kr/bbs/board4f19.html]
[khy2.dothome.co.kr/bbs/board3112.html]
[khy2.dothome.co.kr/bbs/boarda47f.html]
[khy2.dothome.co.kr/bbs/board1e64.html]
[khy2.dothome.co.kr/bbs/view_imagec296.html]
[khy2.dothome.co.kr/bbs/board6b7a.html]
[khy2.dothome.co.kr/bbs/board9ffa.html]
[khy2.dothome.co.kr/bbs/view_imagef9c2.html]
[khy2.dothome.co.kr/bbs/view_image2445.html]
[khy2.dothome.co.kr/bbs/view_image80a7.html]
[khy2.dothome.co.kr/bbs/view_image1be6.html]
[khy2.dothome.co.kr/bbs/view_image0a21.html]
[khy2.dothome.co.kr/bbs/board6223.html]
[khy2.dothome.co.kr/bbs/boarded42.html]
[khy2.dothome.co.kr/bbs/board157c.html]
[khy2.dothome.co.kr/bbs/boardd578.html]
[khy2.dothome.co.kr/bbs/board7b0a.html]
[khy2.dothome.co.kr/bbs/board7d98.html]
[khy2.dothome.co.kr/bbs/board1e9a.html]
[khy2.dothome.co.kr/bbs/board68c2.html]
[khy2.dothome.co.kr/bbs/boarde9bd.html]
[khy2.dothome.co.kr/bbs/board02eb.html]
[khy2.dothome.co.kr/bbs/board7a4e.html]
[khy2.dothome.co.kr/bbs/boardeffb.html]
[khy2.dothome.co.kr/bbs/board0535.html]
[khy2.dothome.co.kr/bbs/board980a.html]
[khy2.dothome.co.kr/bbs/boardebbc.html]
[khy2.dothome.co.kr/bbs/board04b2.html]
[khy2.dothome.co.kr/bbs/boardbf57.html]
[khy2.dothome.co.kr/bbs/board3194.html]
[khy2.dothome.co.kr/bbs/board63a4.html]
[khy2.dothome.co.kr/bbs/board13d3.html]
[khy2.dothome.co.kr/bbs/boardef85.html]
[khy2.dothome.co.kr/bbs/board2872.html]
[khy2.dothome.co.kr/bbs/board8dc8.html]
[khy2.dothome.co.kr/bbs/board1aa4.html]
[khy2.dothome.co.kr/bbs/board7f2f.html]
[khy2.dothome.co.kr/bbs/board9565.html]
[khy2.dothome.co.kr/bbs/board3a55.html]
[khy2.dothome.co.kr/bbs/board77f8.html]
[khy2.dothome.co.kr/bbs/boardff91.html]
[khy2.dothome.co.kr/bbs/boardee85.html]
[khy2.dothome.co.kr/bbs/boarddaa1.html]
[khy2.dothome.co.kr/bbs/board3bf5.html]
[khy2.dothome.co.kr/bbs/board278d.html]
[khy2.dothome.co.kr/bbs/board2c62.html]
[khy2.dothome.co.kr/bbs/boarde515.html]
[khy2.dothome.co.kr/bbs/boardbeb1.html]
[khy2.dothome.co.kr/bbs/board9c22.html]
[khy2.dothome.co.kr/bbs/board4881.html]
[khy2.dothome.co.kr/bbs/board52ac.html]
[khy2.dothome.co.kr/bbs/board8c99.html]
[khy2.dothome.co.kr/bbs/board1b75.html]
[khy2.dothome.co.kr/bbs/board6b25.html]
[khy2.dothome.co.kr/bbs/board11a7.html]
[khy2.dothome.co.kr/bbs/board0320.html]
[khy2.dothome.co.kr/bbs/boarde158.html]
[khy2.dothome.co.kr/bbs/board8233.html]
[khy2.dothome.co.kr/bbs/board3ea4.html]
[khy2.dothome.co.kr/bbs/board4c29.html]
[khy2.dothome.co.kr/bbs/board0402.html]
[khy2.dothome.co.kr/bbs/board6c8a.html]
[khy2.dothome.co.kr/bbs/board90fc.html]
[khy2.dothome.co.kr/bbs/boardab4c.html]
[khy2.dothome.co.kr/bbs/boarde607.html]
[khy2.dothome.co.kr/bbs/board81b7.html]
[khy2.dothome.co.kr/bbs/board2a3b.html]
[khy2.dothome.co.kr/bbs/board993b.html]
[khy2.dothome.co.kr/bbs/board8954.html]
[khy2.dothome.co.kr/bbs/boardca4f.html]
[khy2.dothome.co.kr/bbs/board53c1.html]
[khy2.dothome.co.kr/bbs/board07c4.html]
[khy2.dothome.co.kr/bbs/board2491.html]
[khy2.dothome.co.kr/bbs/board4950.html]
[khy2.dothome.co.kr/bbs/boarde17f.html]
[khy2.dothome.co.kr/bbs/boardea72.html]
[khy2.dothome.co.kr/bbs/boardfe3a.html]
[khy2.dothome.co.kr/bbs/board54da.html]
[khy2.dothome.co.kr/bbs/board25d0.html]
[khy2.dothome.co.kr/bbs/board1b27.html]
[khy2.dothome.co.kr/bbs/board92dd.html]
[khy2.dothome.co.kr/bbs/boardaf6e.html]
[khy2.dothome.co.kr/bbs/boardddfa.html]
[khy2.dothome.co.kr/bbs/board9a6e.html]
[khy2.dothome.co.kr/bbs/board2eba.html]
[khy2.dothome.co.kr/bbs/boarde986.html]
[khy2.dothome.co.kr/bbs/board5d37.html]
[khy2.dothome.co.kr/bbs/board3990.html]
[khy2.dothome.co.kr/bbs/board25e6.html]
[khy2.dothome.co.kr/bbs/board9192.html]
[khy2.dothome.co.kr/bbs/board4428.html]
[khy2.dothome.co.kr/bbs/board7f6f.html]
[khy2.dothome.co.kr/bbs/board40d8.html]
[khy2.dothome.co.kr/bbs/boardd6ba.html]
[khy2.dothome.co.kr/bbs/boardb82c.html]
[khy2.dothome.co.kr/bbs/boardef5a.html]
[khy2.dothome.co.kr/bbs/boardd8e1.html]
[khy2.dothome.co.kr/bbs/boarddb78.html]
[khy2.dothome.co.kr/bbs/board4639.html]
[khy2.dothome.co.kr/bbs/boarde1c4.html]
[khy2.dothome.co.kr/bbs/boardd30e.html]
[khy2.dothome.co.kr/bbs/board01a5.html]
[khy2.dothome.co.kr/bbs/boardba31.html]
[khy2.dothome.co.kr/bbs/boardbf7e.html]
[khy2.dothome.co.kr/bbs/board1aef.html]
[khy2.dothome.co.kr/bbs/boarde7d5.html]
[khy2.dothome.co.kr/bbs/board0b00.html]
[khy2.dothome.co.kr/bbs/board0662.html]
[khy2.dothome.co.kr/bbs/board11bb.html]
[khy2.dothome.co.kr/bbs/boardb2df.html]
[khy2.dothome.co.kr/bbs/boardc9d7.html]
[khy2.dothome.co.kr/bbs/board5534.html]
[khy2.dothome.co.kr/bbs/boardd88f.html]
[khy2.dothome.co.kr/bbs/board4e5a.html]
[khy2.dothome.co.kr/bbs/boardb58f.html]
[khy2.dothome.co.kr/bbs/boardf2df.html]
[khy2.dothome.co.kr/bbs/board5ecf.html]
[khy2.dothome.co.kr/bbs/boardb210.html]
[khy2.dothome.co.kr/bbs/boardb2fb.html]
[khy2.dothome.co.kr/bbs/board6ebc.html]
[khy2.dothome.co.kr/bbs/boardcbb8.html]
[khy2.dothome.co.kr/bbs/board4fd2.html]
[khy2.dothome.co.kr/bbs/boardb94c.html]
[khy2.dothome.co.kr/bbs/board94d8.html]
[khy2.dothome.co.kr/bbs/boarde22f.html]
[khy2.dothome.co.kr/bbs/boarde28a.html]
[khy2.dothome.co.kr/bbs/board6933.html]
[khy2.dothome.co.kr/bbs/boardeb80.html]
[khy2.dothome.co.kr/bbs/board5226.html]
[khy2.dothome.co.kr/bbs/boardf411.html]
[khy2.dothome.co.kr/bbs/board9307.html]
[khy2.dothome.co.kr/bbs/boardcb65.html]
[khy2.dothome.co.kr/bbs/boarde2c8.html]
[khy2.dothome.co.kr/bbs/board9b5e.html]
[khy2.dothome.co.kr/bbs/board6ab0.html]
[khy2.dothome.co.kr/bbs/board8fc3.html]
[khy2.dothome.co.kr/bbs/board79dc.html]
[khy2.dothome.co.kr/bbs/board324c.html]
[khy2.dothome.co.kr/bbs/boarda6d1.html]
[khy2.dothome.co.kr/bbs/boardf9d8.html]
[khy2.dothome.co.kr/bbs/board38ad.html]
[khy2.dothome.co.kr/bbs/boardd1ee.html]
[khy2.dothome.co.kr/bbs/board1b4e.html]
[khy2.dothome.co.kr/bbs/boardfb2e.html]
[khy2.dothome.co.kr/bbs/boardc5c5.html]
[khy2.dothome.co.kr/bbs/boardc307.html]
[khy2.dothome.co.kr/bbs/board5e80.html]
[khy2.dothome.co.kr/bbs/boardc774.html]
[khy2.dothome.co.kr/bbs/board68cd.html]
[khy2.dothome.co.kr/bbs/boarde93f.html]
[khy2.dothome.co.kr/bbs/board5819.html]
[khy2.dothome.co.kr/bbs/board4307.html]
[khy2.dothome.co.kr/bbs/board773e.html]
[khy2.dothome.co.kr/bbs/board336c.html]
[khy2.dothome.co.kr/bbs/board84fa.html]
[khy2.dothome.co.kr/bbs/boardb2cb.html]
[khy2.dothome.co.kr/bbs/board7886.html]
[khy2.dothome.co.kr/bbs/boarde8c7.html]
[khy2.dothome.co.kr/bbs/board9940.html]
[khy2.dothome.co.kr/bbs/board2331.html]
[khy2.dothome.co.kr/bbs/board4699.html]
[khy2.dothome.co.kr/bbs/board5123.html]
[khy2.dothome.co.kr/bbs/board8bd0.html]
[khy2.dothome.co.kr/bbs/board3e75.html]
[khy2.dothome.co.kr/bbs/boardb076.html]
[khy2.dothome.co.kr/bbs/board47ef.html]
[khy2.dothome.co.kr/bbs/boardedab.html]
[khy2.dothome.co.kr/bbs/boardc526.html]
[khy2.dothome.co.kr/bbs/board1fd9.html]
[khy2.dothome.co.kr/bbs/board2df5.html]
[khy2.dothome.co.kr/bbs/boardb61b.html]
[khy2.dothome.co.kr/bbs/boardefc8.html]
[khy2.dothome.co.kr/bbs/boarda92a.html]
[khy2.dothome.co.kr/bbs/board82d3.html]
[khy2.dothome.co.kr/bbs/board42be.html]
[khy2.dothome.co.kr/bbs/board7ae7.html]
[khy2.dothome.co.kr/bbs/boardabcb.html]
[khy2.dothome.co.kr/bbs/board8b44.html]
[khy2.dothome.co.kr/bbs/board257c.html]
[khy2.dothome.co.kr/bbs/board6bb0.html]
[khy2.dothome.co.kr/bbs/board65eb.html]
[khy2.dothome.co.kr/bbs/board5de0.html]
[khy2.dothome.co.kr/bbs/board8fa9.html]
[khy2.dothome.co.kr/bbs/boardff59.html]
[khy2.dothome.co.kr/bbs/board1535.html]
[khy2.dothome.co.kr/bbs/board47f2.html]
[khy2.dothome.co.kr/bbs/boardcc92.html]
[khy2.dothome.co.kr/bbs/board208c.html]
[khy2.dothome.co.kr/bbs/board8014.html]
[khy2.dothome.co.kr/bbs/board6c10.html]
[khy2.dothome.co.kr/bbs/board003b.html]
[khy2.dothome.co.kr/bbs/board85fe.html]
[khy2.dothome.co.kr/bbs/boardf7cd.html]
[khy2.dothome.co.kr/bbs/boardabbb.html]
[khy2.dothome.co.kr/bbs/boardc608.html]
[khy2.dothome.co.kr/bbs/boardb015.html]
[khy2.dothome.co.kr/bbs/board1859.html]
[khy2.dothome.co.kr/bbs/board16ea.html]
[khy2.dothome.co.kr/bbs/board439e.html]
[khy2.dothome.co.kr/bbs/boardd75e.html]
[khy2.dothome.co.kr/bbs/boardbe60.html]
[khy2.dothome.co.kr/bbs/board0cb0.html]
[khy2.dothome.co.kr/bbs/boarda701.html]
[khy2.dothome.co.kr/bbs/board8fc6.html]
[khy2.dothome.co.kr/bbs/board3490-2.html]
[khy2.dothome.co.kr/bbs/boarde129.html]
[khy2.dothome.co.kr/bbs/board73e8.html]
[khy2.dothome.co.kr/bbs/boardb22b.html]
[khy2.dothome.co.kr/bbs/board1b4a.html]
[khy2.dothome.co.kr/bbs/boardcee2.html]
[khy2.dothome.co.kr/bbs/board0e4d.html]
[khy2.dothome.co.kr/bbs/boardd248.html]
[khy2.dothome.co.kr/bbs/boardbde7.html]
[khy2.dothome.co.kr/bbs/board030b.html]
[khy2.dothome.co.kr/bbs/board2e61.html]
[khy2.dothome.co.kr/bbs/boardc023-2.html]
[khy2.dothome.co.kr/bbs/board1785.html]
[khy2.dothome.co.kr/bbs/board9e36.html]
[khy2.dothome.co.kr/bbs/board9378.html]
[khy2.dothome.co.kr/bbs/boardb768.html]
[khy2.dothome.co.kr/bbs/boardc27a.html]
[khy2.dothome.co.kr/bbs/board7406.html]
[khy2.dothome.co.kr/bbs/board90e5.html]
[khy2.dothome.co.kr/bbs/board5072.html]
