[ajax.googleapis.com/ajax/libs/jquery/3.5.1/jquery.min.js]
[leehee.kr/bootstrap/js/bootstrap.min.js]
[leehee.kr/js/scroll.js]
[backblue.gif]
[fade.gif]
[index.html]
[leehee.kr/img/graphic-thumb-img01.jpg]
[leehee.kr/img/section2-img/promotion-thumbnail.jpg]
[leehee.kr/img/section2-img/creative-thumbnail.jpg]
[leehee.kr/img/sec2-article-leaflet-img.jpg]
[leehee.kr/img/sec2-article-AI-img1.jpg]
[leehee.kr/img/sec2-article-AI-img2.jpg]
[leehee.kr/img/section2-img/pi-concept.jpg]
[leehee.kr/img/section2-img/promotion.jpg]
[leehee.kr/img/section2-img/creative1.jpg]
[leehee.kr/img/section2-img/creative2.jpg]
[leehee.kr/img/section2-img/leaflet1.jpg]
[leehee.kr/img/section2-img/leaflet2.jpg]
[leehee.kr/img/section2-img/leaflet-mockup1.jpg]
[leehee.kr/img/section2-img/leaflet-mockup2.jpg]
[leehee.kr/img/section2-img/isometric1.jpg]
[leehee.kr/img/section2-img/isometric2.jpg]
[leehee.kr/img/section3-adobe/adobe.pptx]
[leehee.kr/img/web-thumb-img01.jpg]
[leehee.kr/img/section3-maeil/maeil.pptx]
[leehee.kr/img/sec3-article-web-img2.jpg]
[leehee.kr/img/sec3-article-web-img3.jpg]
[leehee.kr/img/section3-adobe/adobe-main-page.jpg]
[leehee.kr/img/section3-adobe/adobe-sub-help.jpg]
[leehee.kr/img/section3-adobe/adobe-sub-illustrator.jpg]
[leehee.kr/img/section3-adobe/adobe-sub-login-2.jpg]
[leehee.kr/img/section3-adobe/adobe-sub-login.jpg]
[leehee.kr/img/section3-adobe/adobe-concept-art.jpg]
[leehee.kr/img/section3-maeil/maeil-main-page.jpg]
[leehee.kr/img/section3-maeil/maeil-sub-greeting.jpg]
[leehee.kr/img/section3-maeil/maeil-sub-ir.jpg]
[leehee.kr/img/section3-maeil/maeil-sub-notice.jpg]
[leehee.kr/img/section3-maeil/maeil-concept-art.jpg]
[leehee.kr/img/section3-hyatt/hyatt-main-page.jpg]
[leehee.kr/img/section3-hyatt/hyatt-main-page-800size.jpg]
[leehee.kr/img/section3-hyatt/hyatt-main-page-360size.jpg]
[leehee.kr/img/section3-hyatt/hyatt-sub-page-full.jpg]
[leehee.kr/img/section3-hyatt/hyatt-sub-page-800size.jpg]
[leehee.kr/img/section3-hyatt/hyatt-sub-page-360size.jpg]
[leehee.kr/img/section3-hyatt/hyatt-concept-art.jpg]
[leehee.kr/img/ux-thumb-img01.jpg]
[leehee.kr/img/section4-app/app-concept-art.jpg]
[leehee.kr/img/hover01.jpg]
[leehee.kr/img/hover02-1.jpg]
[leehee.kr/img/hover02-2.jpg]
[leehee.kr/index.html]
[leehee.kr/img/profile1.jpg]
[leehee.kr/img/profile2.jpg]
[leehee.kr/css/main.css]
[leehee.kr/img/sec5-article-img3.jpg]
[leehee.kr/bootstrap/fonts/glyphicons-halflings-regular.eot]
[leehee.kr/bootstrap/fonts/glyphicons-halflings-regulard41d.eot]
[leehee.kr/bootstrap/fonts/glyphicons-halflings-regular.woff2]
[leehee.kr/bootstrap/fonts/glyphicons-halflings-regular.woff]
[leehee.kr/bootstrap/fonts/glyphicons-halflings-regular.ttf]
[leehee.kr/bootstrap/css/bootstrap.min.css]
[leehee.kr/bootstrap/css/bootstrap-theme.min.css]
[fonts.googleapis.com/css230c1.css]
[leehee.kr/dynamic-web/dynamic1/img/sns3.png]
[leehee.kr/dynamic-web/dynamic1/img/sns4.png]
[leehee.kr/dynamic-web/dynamic1/img/sns5.png]
[leehee.kr/dynamic-web/dynamic1/index.html]
[leehee.kr/bootstrap/fonts/glyphicons-halflings-regular.svg]
[leehee.kr/dynamic-web/dynamic1/img/logo3.png]
[leehee.kr/dynamic-web/dynamic1/img/pic1.jpg]
[leehee.kr/dynamic-web/dynamic1/img/pic2.jpg]
[leehee.kr/dynamic-web/dynamic1/img/pic8.jpg]
[leehee.kr/dynamic-web/dynamic1/img/pic7.jpg]
[leehee.kr/dynamic-web/dynamic1/img/pic5.jpg]
[leehee.kr/dynamic-web/dynamic1/img/pic4.jpg]
[leehee.kr/dynamic-web/dynamic1/img/pic9.jpg]
[leehee.kr/dynamic-web/dynamic1/img/pic10.jpg]
[leehee.kr/dynamic-web/dynamic1/css/main.css]
[leehee.kr/dynamic-web/dynamic1/img/logo4.png]
