[backblue.gif]
[fade.gif]
[index.html]
[leedaegyu.pe.kr/img/favicon.ico]
[leedaegyu.pe.kr/js/default.js]
[cdn.jsdelivr.net/npm/xeicon@2.3.3/xeicon.min.css]
[leedaegyu.pe.kr/js/jquery-1.12.4.minc55d.js]
[leedaegyu.pe.kr/js/jquery-migrate-1.4.1.minc55d.js]
[leedaegyu.pe.kr/js/jquery.menuc55d.js]
[leedaegyu.pe.kr/js/commonc55d.js]
[leedaegyu.pe.kr/js/wrestc55d.js]
[leedaegyu.pe.kr/js/placeholders.minc55d.js]
[cdn.jsdelivr.net/npm/swiper@9/swiper-bundle.min.css]
[cdn.jsdelivr.net/npm/swiper@9/swiper-bundle.min.js]
[leedaegyu.pe.kr/js/index.js]
[leedaegyu.pe.kr/mov/mov23-2.mp4]
[leedaegyu.pe.kr/mov/mov23.webm]
[leedaegyu.pe.kr/img/menu/menu-img1-1.png]
[leedaegyu.pe.kr/img/menu/menu-img1-2.png]
[leedaegyu.pe.kr/img/menu/menu-img1-3.png]
[leedaegyu.pe.kr/img/menu/menu-img2-1.png]
[leedaegyu.pe.kr/img/menu/menu-img2-2.png]
[leedaegyu.pe.kr/img/menu/menu-img2-3.png]
[leedaegyu.pe.kr/img/menu/menu-img3-1.png]
[leedaegyu.pe.kr/img/menu/menu-img3-2.png]
[leedaegyu.pe.kr/img/menu/menu-img3-3.png]
[leedaegyu.pe.kr/img/menu/menu-img4-1.png]
[leedaegyu.pe.kr/img/menu/menu-img4-2.png]
[leedaegyu.pe.kr/img/menu/menu-img4-3.png]
[leedaegyu.pe.kr/img/event-img1.jpg]
[leedaegyu.pe.kr/img/event-img2.jpg]
[leedaegyu.pe.kr/img/event-img3.jpg]
[leedaegyu.pe.kr/img/event-img4.jpg]
[leedaegyu.pe.kr/img/event-img5.jpg]
[leedaegyu.pe.kr/img/event-img6.jpg]
[leedaegyu.pe.kr/data/file/notice/thumb-124ff4517aaeb5ce12c71ca6b4e78089_rabHZgvK_9183cc440f5fffd723c7d63a23b8f58a5e7b55d7_305x200.png]
[leedaegyu.pe.kr/data/file/notice/thumb-124ff4517aaeb5ce12c71ca6b4e78089_eaM48uNK_0395bb3121a81c2a2897f9680a4696a128b495f0_305x200.png]
[leedaegyu.pe.kr/data/file/notice/thumb-124ff4517aaeb5ce12c71ca6b4e78089_XaRZ2TxW_6c8c901341ce4061d03d7a4e5212cc5d0ad8081c_305x200.png]
[leedaegyu.pe.kr/data/file/notice/thumb-124ff4517aaeb5ce12c71ca6b4e78089_VMEgTjRo_4684b8b615a1ad7dbba52d0dfb8ced0468a1e794_305x200.png]
[leedaegyu.pe.kr/index.html]
[cdn.jsdelivr.net/gh/orioncactus/pretendard@v1.3.6/dist/web/variable/pretendardvariable.css]
[leedaegyu.pe.kr/font/fontello8b72.eot]
[leedaegyu.pe.kr/font/fontello8b72.woff2]
[leedaegyu.pe.kr/font/fontello8b72.woff]
[leedaegyu.pe.kr/font/fontello8b72.ttf]
[leedaegyu.pe.kr/img/btn_first.gif]
[leedaegyu.pe.kr/img/btn_prev.gif]
[leedaegyu.pe.kr/img/btn_end.gif]
[leedaegyu.pe.kr/img/btn_next.gif]
[leedaegyu.pe.kr/css/defaultaa39.css]
[leedaegyu.pe.kr/js/font-awesome/fonts/fontawesome-webfont3e6e.eot]
[leedaegyu.pe.kr/js/font-awesome/fonts/fontawesome-webfontd41d.eot]
[leedaegyu.pe.kr/js/font-awesome/fonts/fontawesome-webfont3e6e.woff2]
[leedaegyu.pe.kr/js/font-awesome/fonts/fontawesome-webfont3e6e.woff]
[leedaegyu.pe.kr/js/font-awesome/fonts/fontawesome-webfont3e6e.ttf]
[leedaegyu.pe.kr/js/font-awesome/css/font-awesome.minaa39.css]
[leedaegyu.pe.kr/bbs/index.html]
[cdn.jsdelivr.net/npm/xeicon@2.3.3/fonts/xeicon75d5.woff2]
[cdn.jsdelivr.net/npm/xeicon@2.3.3/fonts/xeicon75d5.woff]
[cdn.jsdelivr.net/npm/xeicon@2.3.3/xeicon.min.css]
[leedaegyu.pe.kr/img/sub1-1-begin.jpg]
[leedaegyu.pe.kr/img/sub1-1-develope.jpg]
[cdn.jsdelivr.net/npm/xeicon@2.3.3/fonts/xeicon75d5.eot]
[leedaegyu.pe.kr/img/sub1-1-global.jpg]
[cdn.jsdelivr.net/npm/xeicon@2.3.3/fonts/xeicon75d5.ttf]
[leedaegyu.pe.kr/sub/sub1-1.html]
[leedaegyu.pe.kr/img/sub1-2-climate.jpg]
[leedaegyu.pe.kr/img/sub1-2-blend.jpg]
[cdn.jsdelivr.net/npm/xeicon@2.3.3/fonts/xeicon75d5.svg]
[leedaegyu.pe.kr/img/sub1-2-roast.jpg]
[leedaegyu.pe.kr/img/sub1-2-golden.jpg]
[leedaegyu.pe.kr/sub/sub1-2.html]
[leedaegyu.pe.kr/img/sub1-2-research.jpg]
[leedaegyu.pe.kr/js/sub1.js]
[leedaegyu.pe.kr/img/sub1-3-choose-bicerin.png]
[leedaegyu.pe.kr/img/sub1-3-choose-vanillabean.png]
[leedaegyu.pe.kr/img/sub1-3-choose-conpanna.png]
[leedaegyu.pe.kr/img/sub1-3-choose-affogato.png]
[leedaegyu.pe.kr/img/sub1-3-choose-strapazatto.png]
[leedaegyu.pe.kr/img/sub1-3-choose-mocha.png]
[leedaegyu.pe.kr/img/sub1-3-choose-espressino.png]
[leedaegyu.pe.kr/img/sub1-3-choose-dolce.png]
[leedaegyu.pe.kr/img/sub1-3-centro.jpg]
[leedaegyu.pe.kr/img/sub1-3-store-1.jpg]
[leedaegyu.pe.kr/img/sub1-3-store-2.jpg]
[leedaegyu.pe.kr/img/sub1-3-store-3.jpg]
[leedaegyu.pe.kr/img/sub1-3-store-4.jpg]
[leedaegyu.pe.kr/img/sub1-3-store-5.jpg]
[leedaegyu.pe.kr/sub/sub1-3.html]
[leedaegyu.pe.kr/data/file/season/thumb-124ff4517aaeb5ce12c71ca6b4e78089_01F6Tcty_7c601c74c8dcabda652ff3d71b8a18c9755c7dab_280x305.jpg]
[leedaegyu.pe.kr/data/file/season/thumb-124ff4517aaeb5ce12c71ca6b4e78089_74gYdrVo_2c2def1529bb4367cb1170ec77470b3cf2ab9909_280x305.jpg]
[leedaegyu.pe.kr/data/file/season/thumb-124ff4517aaeb5ce12c71ca6b4e78089_YzSi29Xj_f11e9f16da134ac805a6a5cbef636d4233b3e05a_280x305.jpg]
[leedaegyu.pe.kr/data/file/season/thumb-124ff4517aaeb5ce12c71ca6b4e78089_RUuj6lS9_75974259fbe52b389b1486db9bb8608ca3572c2e_280x305.jpg]
[leedaegyu.pe.kr/data/file/season/thumb-124ff4517aaeb5ce12c71ca6b4e78089_AmhPzXu3_1a04469469fefd4c30c599cf37ad6a291bad3874_280x305.jpg]
[leedaegyu.pe.kr/data/file/season/thumb-124ff4517aaeb5ce12c71ca6b4e78089_hoRd7Ey2_86714c7f0ac29178b100f0a490ac356a0c39bd89_280x305.jpg]
[leedaegyu.pe.kr/data/file/season/thumb-124ff4517aaeb5ce12c71ca6b4e78089_VTWwgneo_59b9b2dc107f14db74257a8ee12f9c79bc992d41_280x305.png]
[leedaegyu.pe.kr/data/file/season/thumb-124ff4517aaeb5ce12c71ca6b4e78089_RLSPe5s7_41e056db4c8a9e978ef134d570f7e6f90543cd09_280x305.jpg]
[leedaegyu.pe.kr/data/file/season/thumb-124ff4517aaeb5ce12c71ca6b4e78089_MY5gcRyz_21a789e3ecdadfc7cd793170e06c60377831ee9d_280x305.jpg]
[leedaegyu.pe.kr/data/file/season/thumb-124ff4517aaeb5ce12c71ca6b4e78089_VUlCeTWd_aaf2f1e47e6be31698f74fc60da1273f3d0afef7_280x305.jpg]
[leedaegyu.pe.kr/data/file/season/thumb-124ff4517aaeb5ce12c71ca6b4e78089_A26ROHNq_662cb318d581c9b75beb06970f8fd23f143ef4b3_280x305.jpg]
[leedaegyu.pe.kr/data/file/season/thumb-124ff4517aaeb5ce12c71ca6b4e78089_bGSlvCUq_3216046a92997d57708b1a8e53e008452e1e7a68_280x305.jpg]
[leedaegyu.pe.kr/bbs/board86d5.html]
[leedaegyu.pe.kr/data/file/coffee/thumb-61_copy_62_124ff4517aaeb5ce12c71ca6b4e78089_VTWwgneo_59b9b2dc107f14db74257a8ee12f9c79bc992d41_280x305.png]
[leedaegyu.pe.kr/data/file/coffee/thumb-124ff4517aaeb5ce12c71ca6b4e78089_VTWwgneo_59b9b2dc107f14db74257a8ee12f9c79bc992d41_280x305.png]
[leedaegyu.pe.kr/data/file/coffee/thumb-59_copy_60_124ff4517aaeb5ce12c71ca6b4e78089_tRDlzBJW_39171908e76dd6b48e1a236759d33a944375d8eb_280x305.png]
[leedaegyu.pe.kr/data/file/coffee/thumb-124ff4517aaeb5ce12c71ca6b4e78089_tRDlzBJW_39171908e76dd6b48e1a236759d33a944375d8eb_280x305.png]
[leedaegyu.pe.kr/data/file/coffee/thumb-57_copy_58_124ff4517aaeb5ce12c71ca6b4e78089_J2xduEnC_52c7413807bce2807440a7721a04e79303726a88_280x305.png]
[leedaegyu.pe.kr/data/file/coffee/thumb-124ff4517aaeb5ce12c71ca6b4e78089_J2xduEnC_52c7413807bce2807440a7721a04e79303726a88_280x305.png]
[leedaegyu.pe.kr/data/file/coffee/thumb-55_copy_56_124ff4517aaeb5ce12c71ca6b4e78089_xq1QcDm2_57d88c67c18fe37e3840a7bec442ff40692e66a0_280x305.png]
[leedaegyu.pe.kr/data/file/coffee/thumb-124ff4517aaeb5ce12c71ca6b4e78089_xq1QcDm2_57d88c67c18fe37e3840a7bec442ff40692e66a0_280x305.png]
[leedaegyu.pe.kr/data/file/coffee/thumb-124ff4517aaeb5ce12c71ca6b4e78089_z8MpOWBn_1af3aaff683cacf19f84101f18293059a1b469bc_280x305.jpg]
[leedaegyu.pe.kr/data/file/coffee/thumb-124ff4517aaeb5ce12c71ca6b4e78089_yvnOGLcx_85374c922769ac6bd2b452a8f50bd84ca79cdc52_280x305.jpg]
[leedaegyu.pe.kr/data/file/coffee/thumb-124ff4517aaeb5ce12c71ca6b4e78089_w95ndQBV_700a657925cc32cf30a8cadaa42f8abafc8eabaf_280x305.jpg]
[leedaegyu.pe.kr/data/file/coffee/thumb-124ff4517aaeb5ce12c71ca6b4e78089_ODevaIT7_5e8326dc5a8cc7bbe1bba8ecd9361ed4fe7baa65_280x305.jpg]
[leedaegyu.pe.kr/bbs/boarde05e.html]
[leedaegyu.pe.kr/data/file/beverage/thumb-47_copy_87_4ef40fba3f0f0f128eef90fa7104bbf8_Tfitr6lA_4a588ee23210180e6f681110f7d2863ecd42053a_280x305.png]
[leedaegyu.pe.kr/data/file/beverage/thumb-46_copy_86_4ef40fba3f0f0f128eef90fa7104bbf8_iVyFW0kT_e59eb54d5e11bc87942066074fb8defbfdc1092a_280x305.jpg]
[leedaegyu.pe.kr/data/file/beverage/thumb-45_copy_85_4ef40fba3f0f0f128eef90fa7104bbf8_wFDJPq04_321809044c972ecbfa8da31fda655602fa769a93_280x305.jpg]
[leedaegyu.pe.kr/data/file/beverage/thumb-44_copy_84_4ef40fba3f0f0f128eef90fa7104bbf8_wMuIfYSy_ca949b2f9bd5af3f9c27abd60f2a478722544d5c_280x305.jpg]
[leedaegyu.pe.kr/data/file/beverage/thumb-43_copy_83_4ef40fba3f0f0f128eef90fa7104bbf8_KoO6b3Tl_9757e2ef4039619570b62761049e773d86692f0b_280x305.jpg]
[leedaegyu.pe.kr/data/file/beverage/thumb-42_copy_82_4ef40fba3f0f0f128eef90fa7104bbf8_GDgZPVhm_b9b329e2f8b9eebe6904ffda61cbd6672cadaa72_280x305.jpg]
[leedaegyu.pe.kr/data/file/beverage/thumb-41_copy_81_4ef40fba3f0f0f128eef90fa7104bbf8_ltrvEjcY_f6c1c5c0f380f085580ae4d074c6e157b3e3a442_280x305.jpg]
[leedaegyu.pe.kr/data/file/beverage/thumb-40_copy_80_4ef40fba3f0f0f128eef90fa7104bbf8_K6W1v8EV_08fcaafcb393e593b2ec4404320ff477a193e8f1_280x305.jpg]
[leedaegyu.pe.kr/data/file/beverage/thumb-39_copy_79_4ef40fba3f0f0f128eef90fa7104bbf8_Pg4JHum8_161f7bb5e0f14b3d0188863a238e268c81df6588_280x305.png]
[leedaegyu.pe.kr/data/file/beverage/thumb-38_copy_78_4ef40fba3f0f0f128eef90fa7104bbf8_7elkXa2c_5b74ccc953255b2738be54edf716ff803a1f5958_280x305.jpg]
[leedaegyu.pe.kr/data/file/beverage/thumb-37_copy_77_4ef40fba3f0f0f128eef90fa7104bbf8_I7qJAhaD_604fe2399438f68c37bdf33217cbc3a61062671c_280x305.jpg]
[leedaegyu.pe.kr/data/file/beverage/thumb-124ff4517aaeb5ce12c71ca6b4e78089_9oeBLOmh_8648991cc7ee1133104362b0d6677327ae8e1f84_280x305.jpg]
[leedaegyu.pe.kr/bbs/boardc456.html]
[leedaegyu.pe.kr/data/file/food/thumb-124ff4517aaeb5ce12c71ca6b4e78089_aGnNV2Tk_3f6b7a0afd63dc55558f8db9641138c2cd3809ed_280x305.jpg]
[leedaegyu.pe.kr/data/file/food/thumb-76_copy_164_124ff4517aaeb5ce12c71ca6b4e78089_ZysLIJkR_8e8d8efed13363e09ce8e8bbe3ebb61efecc23e2_280x305.jpg]
[leedaegyu.pe.kr/data/file/food/thumb-75_copy_163_124ff4517aaeb5ce12c71ca6b4e78089_0Nt2TSAX_69db5a49f9642f4f2367ed3b7ea98c408d227c44_280x305.jpg]
[leedaegyu.pe.kr/data/file/food/thumb-74_copy_162_124ff4517aaeb5ce12c71ca6b4e78089_4rct5Mm8_4f6f7457a4412c6da7148a1931a6bf976bf930fb_280x305.jpg]
[leedaegyu.pe.kr/data/file/food/thumb-73_copy_161_124ff4517aaeb5ce12c71ca6b4e78089_wtUvjsXe_1167ddf6d81b133685b2516ee2a6b549ff56e82e_280x305.jpg]
[leedaegyu.pe.kr/data/file/food/thumb-72_copy_160_124ff4517aaeb5ce12c71ca6b4e78089_kjPmyOoH_56adf5047fea82456cba69aa1bb4a1aac29c1ebb_280x305.jpg]
[leedaegyu.pe.kr/data/file/food/thumb-71_copy_159_124ff4517aaeb5ce12c71ca6b4e78089_gNUaHl6h_2b52616d7df997f2411b55e3c7aa6dbe086cb6e5_280x305.jpg]
[leedaegyu.pe.kr/data/file/food/thumb-70_copy_154_124ff4517aaeb5ce12c71ca6b4e78089_XWSg3IhF_ca9eba4e44a977a261ae57e4923574d63fbc87c1_280x305.jpg]
[leedaegyu.pe.kr/data/file/food/thumb-69_copy_153_124ff4517aaeb5ce12c71ca6b4e78089_Hq6JRpsV_9664226d0a362e057ffc90306807f5f89ad07470_280x305.jpg]
[leedaegyu.pe.kr/data/file/food/thumb-68_copy_152_124ff4517aaeb5ce12c71ca6b4e78089_ICzoG6cr_4d8d77a26e723af30f2f716a35053e194ada93df_280x305.jpg]
[leedaegyu.pe.kr/data/file/food/thumb-67_copy_151_124ff4517aaeb5ce12c71ca6b4e78089_ZUuI7Fon_7be00de8190a9ce7c2895bbac1bf0e2867ab7125_280x305.jpg]
[leedaegyu.pe.kr/data/file/food/thumb-66_copy_150_124ff4517aaeb5ce12c71ca6b4e78089_ymb6sYn9_366c7a2a3a34cefc305b6ba5175f18f6bdbcd3ea_280x305.jpg]
[leedaegyu.pe.kr/bbs/board663c.html]
[leedaegyu.pe.kr/data/file/product/thumb-60_copy_97_124ff4517aaeb5ce12c71ca6b4e78089_zu4h5MOb_f3613de8dfc73181c5bd2526c73615481d83ddd2_280x305.jpg]
[leedaegyu.pe.kr/data/file/product/thumb-55_copy1_96_124ff4517aaeb5ce12c71ca6b4e78089_H4wEpNn1_002a1334edd2a4f6aa77d26ce6c34340661407c5_280x305.jpg]
[leedaegyu.pe.kr/data/file/product/thumb-58_copy_95_124ff4517aaeb5ce12c71ca6b4e78089_ALyEmd1p_f574be9a7f4bd3cf5d15315850216d25bb2d556a_280x305.jpg]
[leedaegyu.pe.kr/data/file/product/thumb-57_copy_94_124ff4517aaeb5ce12c71ca6b4e78089_j1Axk2Qg_1e08cec3389f502694ee95f493af771b26052419_280x305.jpg]
[leedaegyu.pe.kr/data/file/product/thumb-56_copy_93_124ff4517aaeb5ce12c71ca6b4e78089_2bVBYkeg_b7bece20cb6daafd94ed514c311bddce51706350_280x305.jpg]
[leedaegyu.pe.kr/data/file/product/thumb-4ef40fba3f0f0f128eef90fa7104bbf8_ym0JQXi8_c5621efe98b5d642f7e8f1df7c33bcf974468b58_280x305.jpg]
[leedaegyu.pe.kr/data/file/product/thumb-4ef40fba3f0f0f128eef90fa7104bbf8_SpUQEr2l_6ff776eebc1f15fe12bf6fea49bc703bdff791d0_280x305.jpg]
[leedaegyu.pe.kr/data/file/product/thumb-4ef40fba3f0f0f128eef90fa7104bbf8_nkOvbeFf_49a41520c5c8d8edb9ce7bc4697835c0d07f5999_280x305.jpg]
[leedaegyu.pe.kr/data/file/product/thumb-4ef40fba3f0f0f128eef90fa7104bbf8_syrXf5QG_f8152108ac8ce0bffd19faa7b601a663bb35bb8f_280x305.jpg]
[leedaegyu.pe.kr/data/file/product/thumb-4ef40fba3f0f0f128eef90fa7104bbf8_a0exzLdB_301fa818a575721afbb4d26d8e66742ac83dc825_280x305.jpg]
[leedaegyu.pe.kr/data/file/product/thumb-4ef40fba3f0f0f128eef90fa7104bbf8_1ok2Fh3t_4c785fda92e5a9904d261388b4cdf77f26c7ffb7_280x305.jpg]
[leedaegyu.pe.kr/data/file/product/thumb-4ef40fba3f0f0f128eef90fa7104bbf8_z7Obrp3k_f50b6af5d5ae3a853c7e2286e9546f4bb8911b3e_280x305.jpg]
[leedaegyu.pe.kr/bbs/boardbdfa.html]
[leedaegyu.pe.kr/skin/board/branches_on/d3.minc55d.js]
[leedaegyu.pe.kr/bbs/board8255.html]
[leedaegyu.pe.kr/plugin/kcaptcha/kcaptcha.js]
[leedaegyu.pe.kr/plugin/kcaptcha/img/dot.gif]
[leedaegyu.pe.kr/bbs/write9639.html]
[leedaegyu.pe.kr/bbs/board872c.html]
[leedaegyu.pe.kr/bbs/board8497.html]
[leedaegyu.pe.kr/data/file/event/thumb-10_copy2_26_124ff4517aaeb5ce12c71ca6b4e78089_6rmgz3qQ_e81b0f112d1df7db89d9953296af84bc228cad77_360x225.png]
[leedaegyu.pe.kr/data/file/event/thumb-9_copy2_25_124ff4517aaeb5ce12c71ca6b4e78089_NsqM0BLH_c7384e1e661b226e9b95662271f9851f8f3ef3f8_360x225.png]
[leedaegyu.pe.kr/data/file/event/thumb-19_copy_24_124ff4517aaeb5ce12c71ca6b4e78089_i67CRcSv_517a426f3d58d27f549f0c0036c9960ba1f07063_360x225.png]
[leedaegyu.pe.kr/data/file/event/thumb-2_copy3_23_4ef40fba3f0f0f128eef90fa7104bbf8_AmhiEWfN_393532967d4577b52edc25994f3283f0af9d557a_360x225.png]
[leedaegyu.pe.kr/data/file/event/thumb-14_copy1_22_124ff4517aaeb5ce12c71ca6b4e78089_1VtcgPMH_88eb8c08790163ae0e4784384f548682963ee2fb_360x225.png]
[leedaegyu.pe.kr/data/file/event/thumb-124ff4517aaeb5ce12c71ca6b4e78089_LvAysUQP_67b5c8ee3151b8a70ce464e592478d84a84dc93a_360x225.png]
[leedaegyu.pe.kr/data/file/event/thumb-124ff4517aaeb5ce12c71ca6b4e78089_dKk5HcxN_b3efad044dbdf3f7e70114ac0506f527b464ae62_360x225.png]
[leedaegyu.pe.kr/data/file/event/thumb-124ff4517aaeb5ce12c71ca6b4e78089_EDfmR7dx_a783d1b4d28bd0851d0660e229c0d7951bf758c7_360x225.png]
[leedaegyu.pe.kr/bbs/boardfe0e.html]
[leedaegyu.pe.kr/data/file/sns/thumb-124ff4517aaeb5ce12c71ca6b4e78089_wXQlRuZi_47fa72a26101cecf7640ce0ee4714ba11c34533b_280x280.png]
[leedaegyu.pe.kr/data/file/sns/thumb-124ff4517aaeb5ce12c71ca6b4e78089_JVUN4HwM_3be38c9422836eef7b68ecebc77a6218bb324676_280x280.png]
[leedaegyu.pe.kr/data/file/sns/thumb-124ff4517aaeb5ce12c71ca6b4e78089_wZIK9nlX_c5ae18aa01eb3248fffe45ee466873b38041d6ee_280x280.png]
[leedaegyu.pe.kr/data/file/sns/thumb-3_copy_27_124ff4517aaeb5ce12c71ca6b4e78089_hgcC7LyH_3d6eec9e428b2b864301af92ed520b509213c561_280x280.png]
[leedaegyu.pe.kr/data/file/sns/thumb-2_copy_26_124ff4517aaeb5ce12c71ca6b4e78089_dlAZrEYh_fd523e7b6a2e5a0838202203a0c6c92dfaf6a4e8_280x280.png]
[leedaegyu.pe.kr/data/file/sns/thumb-124ff4517aaeb5ce12c71ca6b4e78089_WFbCcEQ2_31450d836baa1006963124b1390acda4d1155336_280x280.jpg]
[leedaegyu.pe.kr/data/file/sns/thumb-124ff4517aaeb5ce12c71ca6b4e78089_avi2OVwj_117e86729981cbb5e5746a424c2ee34f812ec527_280x280.jpg]
[leedaegyu.pe.kr/data/file/sns/thumb-124ff4517aaeb5ce12c71ca6b4e78089_Zc07Dgot_056394208aec3561a8c94937d253023e6d88a651_280x280.jpg]
[leedaegyu.pe.kr/data/file/sns/thumb-124ff4517aaeb5ce12c71ca6b4e78089_tmP6KXxB_8e09bb76338dfc26dbb45a63da155ca1a5a1aff8_280x280.png]
[leedaegyu.pe.kr/data/file/sns/thumb-124ff4517aaeb5ce12c71ca6b4e78089_n8Cc4oZf_d0b4eac3dfc9ece7a9f490f81f6003aa6adaa44a_280x280.jpg]
[leedaegyu.pe.kr/data/file/sns/thumb-124ff4517aaeb5ce12c71ca6b4e78089_jxyKMBHk_f22fd72755135b5fc227a25a54b7c57e99ffe0a1_280x280.jpg]
[leedaegyu.pe.kr/data/file/sns/thumb-124ff4517aaeb5ce12c71ca6b4e78089_uAmqsNIY_6abb3ea82ba7d982f1ae855671221aad7162d45c_280x280.jpg]
[leedaegyu.pe.kr/data/file/sns/thumb-124ff4517aaeb5ce12c71ca6b4e78089_C7Ja364w_34576c8bd48e5365c30d053e6f02791412f507e3_280x280.png]
[leedaegyu.pe.kr/data/file/sns/thumb-124ff4517aaeb5ce12c71ca6b4e78089_jw1xtQEz_83c53a6d33a525689700faa7b387e402a2a63ad0_280x280.jpg]
[leedaegyu.pe.kr/data/file/sns/thumb-124ff4517aaeb5ce12c71ca6b4e78089_WkfwTDp4_fc1fa22a204d75ae419798c3938d5324dd62b77a_280x280.jpg]
[leedaegyu.pe.kr/data/file/sns/thumb-124ff4517aaeb5ce12c71ca6b4e78089_S8wiblec_e747279de6fc4def256fbad603d9ed463fcfe61c_280x280.jpg]
[leedaegyu.pe.kr/bbs/board4002.html]
[leedaegyu.pe.kr/img/sub5-1-district.jpg]
[leedaegyu.pe.kr/img/sub5-1-quality-inno.jpg]
[leedaegyu.pe.kr/img/sub5-1-quality-safe.jpg]
[leedaegyu.pe.kr/img/sub5-1-community1.jpg]
[leedaegyu.pe.kr/img/sub5-1-community2.jpg]
[leedaegyu.pe.kr/img/sub5-1-community3.png]
[leedaegyu.pe.kr/sub/sub5-1.html]
[leedaegyu.pe.kr/sub/sub5-2.html]
[leedaegyu.pe.kr/bbs/write83e9.html]
[leedaegyu.pe.kr/js/sub5.js]
[leedaegyu.pe.kr/sub/sub5-4.html]
[leedaegyu.pe.kr/sub/sub5-5.html]
[leedaegyu.pe.kr/bbs/register.html]
[leedaegyu.pe.kr/bbs/login.html]
[cdn.jsdelivr.net/npm/swiper@9/swiper-bundle.min.css]
[leedaegyu.pe.kr/img/cursor.png]
[leedaegyu.pe.kr/img/brand-bg1.jpg]
[leedaegyu.pe.kr/img/brand-bg3.jpg]
[leedaegyu.pe.kr/img/brand-bg4.jpg]
[leedaegyu.pe.kr/img/brand-bg2.jpg]
[leedaegyu.pe.kr/img/brand-bg5.jpg]
[leedaegyu.pe.kr/img/franchise-bg.jpg]
[leedaegyu.pe.kr/css/index.css]
[leedaegyu.pe.kr/bbs/boardd775.html]
[leedaegyu.pe.kr/data/file/beverage/thumb-124ff4517aaeb5ce12c71ca6b4e78089_q1AcVSij_f11fe24fa562255d9b1de974b6f9fe1b9092faf0_280x305.png]
[leedaegyu.pe.kr/data/file/beverage/thumb-124ff4517aaeb5ce12c71ca6b4e78089_Seo1x3WJ_f089b53243cf5f38295f9d15e1da45f67c08bec4_280x305.png]
[leedaegyu.pe.kr/data/file/beverage/thumb-124ff4517aaeb5ce12c71ca6b4e78089_C0tcPiH8_7e925d8119fd834792aab1bed12ada0b2f004b2d_280x305.jpg]
[leedaegyu.pe.kr/data/file/beverage/thumb-124ff4517aaeb5ce12c71ca6b4e78089_oEhtBKjp_470b1d0f9c13ee809409a73e722761a798a403e0_280x305.jpg]
[leedaegyu.pe.kr/data/file/beverage/thumb-124ff4517aaeb5ce12c71ca6b4e78089_YcmvKQuA_6847c666887bc9445ce0ddbdce5d9912737c78e0_280x305.jpg]
[leedaegyu.pe.kr/data/file/beverage/thumb-124ff4517aaeb5ce12c71ca6b4e78089_4KZid0w7_ba796a513f340bb647d0c08e6564348e782e1671_280x305.jpg]
[leedaegyu.pe.kr/data/file/beverage/thumb-124ff4517aaeb5ce12c71ca6b4e78089_sQjMUoLk_ada31ea3923a85f0cba11e3a5a30b8dc94bd14a0_280x305.png]
[leedaegyu.pe.kr/data/file/beverage/thumb-124ff4517aaeb5ce12c71ca6b4e78089_sVB2fQvT_05835834f292bfec05c46768c50d6ae25401d082_280x305.jpg]
[leedaegyu.pe.kr/data/file/beverage/thumb-124ff4517aaeb5ce12c71ca6b4e78089_43pmtSWN_451796c06bb3d6bdb9b5f09ce6b94fad596db915_280x305.png]
[leedaegyu.pe.kr/data/file/beverage/thumb-124ff4517aaeb5ce12c71ca6b4e78089_s0Y54XrZ_ba0b559358c9ddd3baa345bea7dfab93c64dcbc7_280x305.jpg]
[leedaegyu.pe.kr/data/file/beverage/thumb-124ff4517aaeb5ce12c71ca6b4e78089_zT5JhAnU_0f0a6d3c1cf28fb4ed9f3519606cb3df8afd1f04_280x305.jpg]
[leedaegyu.pe.kr/data/file/beverage/thumb-124ff4517aaeb5ce12c71ca6b4e78089_ukivqblj_4cda5e97cbb548aab19a58c8c97379ee7cf26515_280x305.jpg]
[leedaegyu.pe.kr/bbs/board6709.html]
[leedaegyu.pe.kr/bbs/board3972.html]
[leedaegyu.pe.kr/data/file/beverage/thumb-124ff4517aaeb5ce12c71ca6b4e78089_rfsjcTOn_1b5ab92e0f32e4335870be0e1a565a8d438ad68f_280x305.jpg]
[leedaegyu.pe.kr/data/file/beverage/thumb-124ff4517aaeb5ce12c71ca6b4e78089_fMYKrzo0_4d29582b966b383f4c483c8fddd21d1b72f17af7_280x305.jpg]
[leedaegyu.pe.kr/data/file/beverage/thumb-124ff4517aaeb5ce12c71ca6b4e78089_qGPrLgaA_c34a7fc2176a757cf6d9e2da40c6f709a40acf69_280x305.jpg]
[leedaegyu.pe.kr/data/file/beverage/thumb-124ff4517aaeb5ce12c71ca6b4e78089_xAOiwfHq_0886bd22885bf63d53bab36ac892de2277912f7d_280x305.jpg]
[leedaegyu.pe.kr/data/file/beverage/thumb-124ff4517aaeb5ce12c71ca6b4e78089_F6gPktEa_1ccd817cb35447db9e8ced8624d2a0bc449a01b4_280x305.gif]
[leedaegyu.pe.kr/data/file/beverage/thumb-124ff4517aaeb5ce12c71ca6b4e78089_iVGEOq8Z_0b849f84dc13061c764d41efd45914a9af1dd7d0_280x305.jpg]
[leedaegyu.pe.kr/data/file/beverage/thumb-124ff4517aaeb5ce12c71ca6b4e78089_sJH4ZyWo_8ca8718fd4d668813f570a32cfc59222393aba2a_280x305.jpg]
[leedaegyu.pe.kr/data/file/beverage/thumb-124ff4517aaeb5ce12c71ca6b4e78089_27RJhEgl_dfe6346b9b60e3180e2b7e8d70f9859f79f89256_280x305.jpg]
[leedaegyu.pe.kr/data/file/beverage/thumb-124ff4517aaeb5ce12c71ca6b4e78089_WfnqHNu2_4885c969c67345002383be33614491b3b80d88a9_280x305.jpg]
[leedaegyu.pe.kr/data/file/beverage/thumb-124ff4517aaeb5ce12c71ca6b4e78089_GhPAuloF_a2c7f9dfc4b93046a5ca276289d25708969bc513_280x305.jpg]
[leedaegyu.pe.kr/data/file/beverage/thumb-124ff4517aaeb5ce12c71ca6b4e78089_SROUgEih_54e33dcde07adf6864acee173e9a04fdf9b7593a_280x305.jpg]
[leedaegyu.pe.kr/bbs/board737b.html]
[leedaegyu.pe.kr/data/file/food/thumb-124ff4517aaeb5ce12c71ca6b4e78089_TqyNishm_4a8ef4c5dddb7e80b4199001edfd83ee72fa0b48_280x305.png]
[leedaegyu.pe.kr/data/file/food/thumb-124ff4517aaeb5ce12c71ca6b4e78089_1ZW25rTk_1a2afb13c8f5893d4ac9e6f14a3225babbc3e5ff_280x305.png]
[leedaegyu.pe.kr/data/file/food/thumb-124ff4517aaeb5ce12c71ca6b4e78089_kXVWEHvd_a437178bfbab6c48a207f2856b198bb9ceb12754_280x305.png]
[leedaegyu.pe.kr/data/file/food/thumb-124ff4517aaeb5ce12c71ca6b4e78089_Bs59SEAj_aae436b2c158507c7d4a972692630234d1874bc5_280x305.png]
[leedaegyu.pe.kr/data/file/food/thumb-124ff4517aaeb5ce12c71ca6b4e78089_cEhZo3e0_d783d1c7fbcc90935aea3b08aa3f199b8d003823_280x305.png]
[leedaegyu.pe.kr/data/file/food/thumb-124ff4517aaeb5ce12c71ca6b4e78089_7c9pFZDq_1b49d447ff7df391c8af6a7d0e7c7ee91bea0831_280x305.png]
[leedaegyu.pe.kr/data/file/food/thumb-124ff4517aaeb5ce12c71ca6b4e78089_YRku4EoB_1549fa7993ea3008d86fa890a24f74a114d3b274_280x305.png]
[leedaegyu.pe.kr/data/file/food/thumb-124ff4517aaeb5ce12c71ca6b4e78089_hDsCREnt_5de74a77aeb4ad2a791acf7c29a35505c7e62a8f_280x305.png]
[leedaegyu.pe.kr/data/file/food/thumb-124ff4517aaeb5ce12c71ca6b4e78089_mbkFa3tS_cf8d244fdf176da8fefbfb3e9d712cbca35772d5_280x305.png]
[leedaegyu.pe.kr/data/file/food/thumb-124ff4517aaeb5ce12c71ca6b4e78089_IUV6ovHM_9ddba126a465dca5f5f37b9f1fe02c23781accd0_280x305.png]
[leedaegyu.pe.kr/data/file/food/thumb-124ff4517aaeb5ce12c71ca6b4e78089_s7faXE15_70445ee2d6c3b2bbe18dbb586ac3d9ad50e7f1a1_280x305.png]
[leedaegyu.pe.kr/data/file/food/thumb-124ff4517aaeb5ce12c71ca6b4e78089_7WTbJSxm_8ce67a6286c476226b6637a53e9da6bfa9bc7550_280x305.png]
[leedaegyu.pe.kr/bbs/boarda2d3.html]
[leedaegyu.pe.kr/bbs/boarde74e.html]
[leedaegyu.pe.kr/data/file/food/thumb-124ff4517aaeb5ce12c71ca6b4e78089_SyuNMkcC_bd8b276a4c0b7dfb8a01c9e64e35301e22af259e_280x305.png]
[leedaegyu.pe.kr/data/file/food/thumb-124ff4517aaeb5ce12c71ca6b4e78089_tvroC3Bf_05aa660abd59fc57630d86ac70a6391e448560b6_280x305.png]
[leedaegyu.pe.kr/data/file/food/thumb-124ff4517aaeb5ce12c71ca6b4e78089_2yzoltSc_f5911a4e599ff896104ee7e876804c8adc4a1703_280x305.png]
[leedaegyu.pe.kr/data/file/food/thumb-124ff4517aaeb5ce12c71ca6b4e78089_VpEJGSdK_0a66862f74219889831f708210282f78e1393e27_280x305.png]
[leedaegyu.pe.kr/data/file/food/thumb-124ff4517aaeb5ce12c71ca6b4e78089_PxcmNAbZ_d23e582df98f9ccc239110cb1a5f2849ddba25e7_280x305.png]
[leedaegyu.pe.kr/data/file/food/thumb-124ff4517aaeb5ce12c71ca6b4e78089_eVbTmixQ_dcd79dcd433433716f6348205bc4ee8c32be6f3c_280x305.png]
[leedaegyu.pe.kr/data/file/food/thumb-90_copy_91_124ff4517aaeb5ce12c71ca6b4e78089_gtEMRHbW_89c23b207df245d9ae17434748bfa637522e68a3_280x305.jpg]
[leedaegyu.pe.kr/data/file/food/thumb-124ff4517aaeb5ce12c71ca6b4e78089_gtEMRHbW_89c23b207df245d9ae17434748bfa637522e68a3_280x305.jpg]
[leedaegyu.pe.kr/data/file/food/thumb-124ff4517aaeb5ce12c71ca6b4e78089_awf6snoB_d270e2dd7ae1bf9a3dd2bd4c4a6735e6c207eb91_280x305.png]
[leedaegyu.pe.kr/data/file/food/thumb-124ff4517aaeb5ce12c71ca6b4e78089_hjzetyF5_d18fc6ba348db462f02a272bbdcc05fc9a53587c_280x305.png]
[leedaegyu.pe.kr/data/file/food/thumb-124ff4517aaeb5ce12c71ca6b4e78089_oU7RsSLb_baae88f952eca4fa1145813688d2c86ea18f6cf0_280x305.png]
[leedaegyu.pe.kr/data/file/food/thumb-124ff4517aaeb5ce12c71ca6b4e78089_n8FABuMl_d9e9a32b77ab332c1bc4752e939fd605d81cf781_280x305.jpg]
[leedaegyu.pe.kr/bbs/board7f9d.html]
[leedaegyu.pe.kr/js/viewimageresize.js]
[leedaegyu.pe.kr/data/file/event/124ff4517aaeb5ce12c71ca6b4e78089_EDfmR7dx_a783d1b4d28bd0851d0660e229c0d7951bf758c7.png]
[leedaegyu.pe.kr/bbs/boardd580.html]
[leedaegyu.pe.kr/data/file/event/124ff4517aaeb5ce12c71ca6b4e78089_mx5Gz6HQ_c69b1636142baca7715d23324674fd76f02e8a84.jpg]
[leedaegyu.pe.kr/data/file/event/124ff4517aaeb5ce12c71ca6b4e78089_dKk5HcxN_b3efad044dbdf3f7e70114ac0506f527b464ae62.png]
[leedaegyu.pe.kr/data/file/event/124ff4517aaeb5ce12c71ca6b4e78089_5ltq4p8M_1d4935374dbdf81fed2261cf228e8cd72659fc37.jpg]
[leedaegyu.pe.kr/bbs/boarde206.html]
[leedaegyu.pe.kr/data/file/event/124ff4517aaeb5ce12c71ca6b4e78089_LvAysUQP_67b5c8ee3151b8a70ce464e592478d84a84dc93a.png]
[leedaegyu.pe.kr/data/file/event/124ff4517aaeb5ce12c71ca6b4e78089_EGhCIf9w_09ed6c140c8d6d9c777c16f24093c4e967889562.jpg]
[leedaegyu.pe.kr/bbs/boardcb3a.html]
[leedaegyu.pe.kr/data/file/event/14_copy1_22_124ff4517aaeb5ce12c71ca6b4e78089_1VtcgPMH_88eb8c08790163ae0e4784384f548682963ee2fb.png]
[leedaegyu.pe.kr/bbs/board1dea.html]
[leedaegyu.pe.kr/data/file/event/14_copy1_22_124ff4517aaeb5ce12c71ca6b4e78089_QrjVyeui_fb2382b4cd25112576efe956a79cb536eefa82a0.jpg]
[leedaegyu.pe.kr/data/file/event/10_copy2_26_124ff4517aaeb5ce12c71ca6b4e78089_6rmgz3qQ_e81b0f112d1df7db89d9953296af84bc228cad77.png]
[leedaegyu.pe.kr/data/file/event/10_copy2_26_124ff4517aaeb5ce12c71ca6b4e78089_ANO7PvzK_97b231aefe86a48078d2f7b1ad387030085cc1db.png]
[leedaegyu.pe.kr/bbs/board656e.html]
[leedaegyu.pe.kr/data/file/event/9_copy2_25_124ff4517aaeb5ce12c71ca6b4e78089_NsqM0BLH_c7384e1e661b226e9b95662271f9851f8f3ef3f8.png]
[leedaegyu.pe.kr/data/file/event/9_copy2_25_124ff4517aaeb5ce12c71ca6b4e78089_ZBgI0tjL_b673cbc66f425a19f98c7233ebe4cff7bb742e56.png]
[leedaegyu.pe.kr/bbs/boardaa9c.html]
[leedaegyu.pe.kr/data/file/notice/124ff4517aaeb5ce12c71ca6b4e78089_LFyGO9ND_6982919f9c7514ef0c6cd9632ae1bc54d28ef568.jpg]
[leedaegyu.pe.kr/bbs/board33b9.html]
[leedaegyu.pe.kr/data/file/notice/124ff4517aaeb5ce12c71ca6b4e78089_IF3mrJqA_44d912d071857e24c2bf94143ba54750469bbadc.png]
[leedaegyu.pe.kr/bbs/boardeacc.html]
[leedaegyu.pe.kr/data/file/notice/124ff4517aaeb5ce12c71ca6b4e78089_6bFfJlcp_9f5ba30f43d0e7ebe3535e396be42897f02aee4f.png]
[leedaegyu.pe.kr/bbs/boardcc61.html]
[leedaegyu.pe.kr/data/file/notice/124ff4517aaeb5ce12c71ca6b4e78089_erNZEhyL_027196a337e71541ebb7050502a23382a2b0eb70.jpg]
[leedaegyu.pe.kr/bbs/board6572.html]
[leedaegyu.pe.kr/sub/policy1.html]
[leedaegyu.pe.kr/sub/policy2.html]
[leedaegyu.pe.kr/img/policy-safety.jpg]
[leedaegyu.pe.kr/sub/policy3.html]
[front.happypointcard.com/upfiles/appMain/resources/ha-web/images/shared/favicon.png]
[code.jquery.com/jquery-latest.js]
[front.happypointcard.com/upfiles/appMain/resources/ha-web/images/pc/common/layout/logo-header.png]
[front.happypointcard.com/upfiles/appMain/resources/ha-web/images/pc/common/layout/img-allmenu-side.png]
[front.happypointcard.com/upfiles/appMain/resources/ha-web/images/pc/partner/icon-popup-shopping.png]
[front.happypointcard.com/upfiles/appMain/resources/ha-web/images/pc/common/layout/chat-boot.png]
[front.happypointcard.com/upfiles/appMain/resources/ha-web/images/pc/common/layout/logo-spc.png]
[www.happypointcard.com/assets/shared/js/plugins/jquery-3.2.0/jquery-3.2.0.min.js]
[www.happypointcard.com/assets/shared/js/plugins/jquery.selectric-1.11.1/jquery.selectric.min.js]
[www.happypointcard.com/assets/shared/js/plugins/jquery.uniform-2.2.0/jquery.uniform.min.js]
[www.happypointcard.com/assets/shared/js/plugins/swiper/swiper.min.js]
[www.happypointcard.com/assets/shared/js/plugins/slick-1.8.0/slick.js]
[www.happypointcard.com/page/customer/term.html]
[www.happypointcard.com/page/main/index.html]
[cdn.jsdelivr.net/gh/orioncactus/pretendard@v1.3.6/dist/web/variable/pretendardvariable.css]
[leedaegyu.pe.kr/font/fontello8b72.svg]
[leedaegyu.pe.kr/img/h-logo.svg]
[leedaegyu.pe.kr/js/font-awesome/fonts/fontawesome-webfont3e6e.svg]
[cdn.jsdelivr.net/npm/xeicon@2.3.3/fonts/xeicon75d5.svg]
[leedaegyu.pe.kr/css/sub-default.css]
[leedaegyu.pe.kr/css/sub1.css]
[leedaegyu.pe.kr/bbs/boardbb6f.html]
[leedaegyu.pe.kr/bbs/boardcf53.html]
[leedaegyu.pe.kr/bbs/boardd442.html]
[leedaegyu.pe.kr/bbs/boarde69d.html]
[leedaegyu.pe.kr/bbs/boardd0ed.html]
[leedaegyu.pe.kr/skin/board/menu/styleaa39.css]
[leedaegyu.pe.kr/css/sub2.css]
[leedaegyu.pe.kr/bbs/board98c1.html]
[leedaegyu.pe.kr/bbs/boarda801.html]
[leedaegyu.pe.kr/bbs/boardef7b.html]
[leedaegyu.pe.kr/bbs/board1118.html]
[leedaegyu.pe.kr/bbs/board4ce4.html]
[leedaegyu.pe.kr/bbs/board3d58.html]
[leedaegyu.pe.kr/bbs/boardb649.html]
[leedaegyu.pe.kr/bbs/board19ac.html]
[leedaegyu.pe.kr/bbs/boarddebc.html]
[leedaegyu.pe.kr/bbs/board7b66.html]
[leedaegyu.pe.kr/bbs/board42ac.html]
[leedaegyu.pe.kr/bbs/boardc57e.html]
[leedaegyu.pe.kr/bbs/board7047.html]
[leedaegyu.pe.kr/bbs/board803c.html]
[leedaegyu.pe.kr/bbs/board1797.html]
[leedaegyu.pe.kr/bbs/boardb5d7.html]
[leedaegyu.pe.kr/bbs/board9071.html]
[leedaegyu.pe.kr/skin/board/menu-product/styleaa39.css]
[leedaegyu.pe.kr/bbs/board8dd5.html]
[leedaegyu.pe.kr/bbs/boardedf9.html]
[leedaegyu.pe.kr/bbs/board1dc2.html]
[leedaegyu.pe.kr/bbs/board70b0.html]
[leedaegyu.pe.kr/bbs/board5639.html]
[leedaegyu.pe.kr/bbs/board84e3.html]
[leedaegyu.pe.kr/bbs/board0521.html]
[leedaegyu.pe.kr/bbs/boardc513.html]
[leedaegyu.pe.kr/bbs/board2aa0.html]
[leedaegyu.pe.kr/skin/board/branches_on/styleaa39.css]
[leedaegyu.pe.kr/css/sub3.css]
[leedaegyu.pe.kr/bbs/board364e.html]
[leedaegyu.pe.kr/bbs/board873c.html]
[leedaegyu.pe.kr/bbs/boardcf96.html]
[leedaegyu.pe.kr/bbs/board8078.html]
[leedaegyu.pe.kr/bbs/board8edb.html]
[leedaegyu.pe.kr/bbs/board8aa2.html]
[leedaegyu.pe.kr/bbs/boardb0fb.html]
[leedaegyu.pe.kr/bbs/board0bc2.html]
[leedaegyu.pe.kr/bbs/board26ec.html]
[leedaegyu.pe.kr/bbs/boardef0f.html]
[leedaegyu.pe.kr/bbs/boardfabc.html]
[leedaegyu.pe.kr/bbs/board71f7.html]
[leedaegyu.pe.kr/bbs/boardc756.html]
[leedaegyu.pe.kr/bbs/boardeb02.html]
[leedaegyu.pe.kr/bbs/boardb77d.html]
[leedaegyu.pe.kr/bbs/boardb045.html]
[leedaegyu.pe.kr/bbs/boardb5f7.html]
[leedaegyu.pe.kr/bbs/boardc24f.html]
[leedaegyu.pe.kr/bbs/boardc7c1.html]
[leedaegyu.pe.kr/bbs/board1af7.html]
[leedaegyu.pe.kr/bbs/board6422.html]
[leedaegyu.pe.kr/bbs/boardd5c1.html]
[leedaegyu.pe.kr/bbs/board435d.html]
[leedaegyu.pe.kr/bbs/board9387.html]
[leedaegyu.pe.kr/bbs/boardcdc7.html]
[leedaegyu.pe.kr/bbs/boardf6f6.html]
[leedaegyu.pe.kr/bbs/board4168.html]
[leedaegyu.pe.kr/bbs/board9613.html]
[leedaegyu.pe.kr/bbs/boardab82.html]
[leedaegyu.pe.kr/bbs/board6a5f.html]
[leedaegyu.pe.kr/bbs/boardbfca.html]
[leedaegyu.pe.kr/bbs/board1175.html]
[leedaegyu.pe.kr/bbs/board8508.html]
[leedaegyu.pe.kr/bbs/board5355.html]
[leedaegyu.pe.kr/skin/board/board-formmail/styleaa39.css]
[leedaegyu.pe.kr/plugin/kcaptcha/index.html]
[leedaegyu.pe.kr/skin/board/faq-skin/styleaa39.css]
[leedaegyu.pe.kr/bbs/board01c3.html]
[leedaegyu.pe.kr/bbs/board5338.html]
[www.happypointcard.com/page/member-info/index.html]
[leedaegyu.pe.kr/skin/board/notice/styleaa39.css]
[leedaegyu.pe.kr/css/sub4.css]
[leedaegyu.pe.kr/bbs/board3903.html]
[leedaegyu.pe.kr/bbs/boardad28.html]
[leedaegyu.pe.kr/bbs/board1334.html]
[leedaegyu.pe.kr/bbs/boardba2e.html]
[leedaegyu.pe.kr/bbs/board2367.html]
[leedaegyu.pe.kr/bbs/boarde48d.html]
[leedaegyu.pe.kr/bbs/boardca4f.html]
[leedaegyu.pe.kr/bbs/board7f6f.html]
[leedaegyu.pe.kr/skin/board/event/styleaa39.css]
[leedaegyu.pe.kr/bbs/board8166.html]
[leedaegyu.pe.kr/bbs/board0df2.html]
[leedaegyu.pe.kr/bbs/boardd3a5.html]
[leedaegyu.pe.kr/bbs/boardfc4a.html]
[leedaegyu.pe.kr/skin/board/sns/styleaa39.css]
[leedaegyu.pe.kr/bbs/board4e11.html]
[leedaegyu.pe.kr/bbs/board16d6.html]
[leedaegyu.pe.kr/bbs/board1b37.html]
[leedaegyu.pe.kr/bbs/board176b.html]
[leedaegyu.pe.kr/bbs/board16a1.html]
[leedaegyu.pe.kr/css/sub5.css]
[leedaegyu.pe.kr/skin/member/basic/styleaa39.css]
[leedaegyu.pe.kr/css/sub0.css]
[leedaegyu.pe.kr/bbs/password_lost.html]
[leedaegyu.pe.kr/img/menu-bg.svg]
[leedaegyu.pe.kr/img/menu-arrow.svg]
[leedaegyu.pe.kr/img/logo-long-gray.svg]
[leedaegyu.pe.kr/bbs/board0e22.html]
[leedaegyu.pe.kr/bbs/board3a20.html]
[leedaegyu.pe.kr/bbs/board2236.html]
[leedaegyu.pe.kr/bbs/board77b7.html]
[leedaegyu.pe.kr/bbs/boarda173.html]
[leedaegyu.pe.kr/bbs/board1f24.html]
[leedaegyu.pe.kr/css/policy.css]
[www.happypointcard.com/assets/pc/css/commonab10.css]
[www.happypointcard.com/assets/pc/css/vendors/uniform.custom.css]
[www.happypointcard.com/assets/shared/js/plugins/jquery.selectric-1.11.1/selectric.css]
[www.happypointcard.com/assets/shared/js/plugins/slick-1.8.0/slick.css]
[fonts.googleapis.com/css19b0.css]
[www.happypointcard.com/assets/shared/css/dev.css]
[www.happypointcard.com/assets/pc/js/plugins/datepicker-1.0.9/datepicker.min.css]
[www.happypointcard.com/page/presentation/membership.html]
[www.happypointcard.com/page/store/search.html]
[www.happypointcard.com/page/customer/qna.html]
[www.happypointcard.com/page/customer/faq.html]
[www.happypointcard.com/page/customer/notice-list.html]
[www.happypointcard.com/page/presentation/point.html]
[www.happypointcard.com/page/presentation/card0b4c.html]
[www.happypointcard.com/page/presentation/brand.html]
[www.happypointcard.com/page/presentation/app.html]
[www.happypointcard.com/page/alliance/corporation.html]
[www.happypointcard.com/page/alliance/card.html]
[www.happypointcard.com/page/alliance/culture.html]
[www.happypointcard.com/page/event/event-list.html]
[www.happypointcard.com/page/event/winner-list.html]
[www.happypointcard.com/page/event/coupon-info.html]
[www.happypointcard.com/page/donation/intro.html]
[www.happypointcard.com/page/donation/happyBirthDay.html]
[www.happypointcard.com/page/donation/winnerList.html]
[www.happypointcard.com/page/presentation/card9257.html]
[www.happypointcard.com/page/presentation/card.html]
[www.happypointcard.com/page/presentation/brandf2ba.html]
[www.happypointcard.com/page/presentation/membership9f51.html]
[www.happypointcard.com/page/alliance/corporation3b82.html]
[www.happypointcard.com/page/alliance/corporationb08d.html]
[www.happypointcard.com/page/alliance/corporation4fe0.html]
[www.happypointcard.com/page/alliance/cardcad1.html]
[www.happypointcard.com/page/alliance/card67a0.html]
[www.happypointcard.com/page/customer/term5969.html]
[www.happypointcard.com/page/customer/term96e3.html]
[www.happypointcard.com/page/customer/term31c7.html]
[www.happypointcard.com/page/customer/term933d.html]
[www.happypointcard.com/page/customer/termd748.html]
[www.happypointcard.com/page/customer/term4e20.html]
[www.happypointcard.com/assets/pc/js/plugins/datepicker-1.0.9/datepicker.min.html]
