[backblue.gif]
[fade.gif]
[index.html]
[songyi2.dothome.co.kr/img/og.png]
[songyi2.dothome.co.kr/img/pavicon.png]
[cdn.jsdelivr.net/npm/xeicon@2.3.3/xeicon.min.css]
[songyi2.dothome.co.kr/js/index.js]
[code.jquery.com/jquery-3.4.1.js]
[songyi2.dothome.co.kr/img/sol-img1.png]
[songyi2.dothome.co.kr/img/sol-img2.png]
[songyi2.dothome.co.kr/img/sol-img3.png]
[songyi2.dothome.co.kr/img/sol-img4.png]
[songyi2.dothome.co.kr/img/sol-img5.png]
[songyi2.dothome.co.kr/img/best-img.png]
[songyi2.dothome.co.kr/img/best-img-2.png]
[songyi2.dothome.co.kr/img/best-img-3.png]
[songyi2.dothome.co.kr/img/multi-img-1.png]
[songyi2.dothome.co.kr/img/multi-img-2.png]
[songyi2.dothome.co.kr/img/multi-img-3.png]
[songyi2.dothome.co.kr/img/multi-img-4.png]
[songyi2.dothome.co.kr/img/multi-img-5.png]
[ajax.googleapis.com/ajax/libs/jquery/1.11.3/jquery.min.js]
[songyi2.dothome.co.kr/js/jquery.vide.js]
[code.jquery.com/jquery-1.11.0.min.js]
[code.jquery.com/jquery-migrate-1.2.1.min.js]
[songyi2.dothome.co.kr/index.html]
[songyi2.dothome.co.kr/js/slick.js]
[cdn.jsdelivr.net/npm/xeicon@2.3.3/fonts/xeicon75d5.eot]
[cdn.jsdelivr.net/npm/xeicon@2.3.3/fonts/xeicon75d5.woff2]
[cdn.jsdelivr.net/npm/xeicon@2.3.3/fonts/xeicon75d5.ttf]
[cdn.jsdelivr.net/npm/xeicon@2.3.3/fonts/xeicon75d5.woff]
[cdn.jsdelivr.net/npm/xeicon@2.3.3/xeicon.min.css]
[fonts.googleapis.com/css2a9bd.css]
[songyi2.dothome.co.kr/css/reset.css]
[songyi2.dothome.co.kr/img/logo.png]
[songyi2.dothome.co.kr/img/tnb-icon.png]
[cdn.jsdelivr.net/npm/xeicon@2.3.3/fonts/xeicon75d5.svg]
[songyi2.dothome.co.kr/img/allmenu-img-3.png]
[songyi2.dothome.co.kr/img/footer-img.png]
[songyi2.dothome.co.kr/css/common.css]
[songyi2.dothome.co.kr/img/solution-icon.png]
[songyi2.dothome.co.kr/img/sec1-arrow.png]
[songyi2.dothome.co.kr/img/solution-q-bg.png]
[songyi2.dothome.co.kr/img/slickbtn-prev.png]
[songyi2.dothome.co.kr/img/slickbtn-next.png]
[songyi2.dothome.co.kr/img/lounge.png]
[songyi2.dothome.co.kr/css/index.css]
[songyi2.dothome.co.kr/css/slick.css]
[songyi2.dothome.co.kr/index-2.html]
[songyi2.dothome.co.kr/sub/img/sub-contri-img1.png]
[songyi2.dothome.co.kr/sub/img/sub-contri-img2.png]
[songyi2.dothome.co.kr/sub/img/sub-contri-img3.png]
[songyi2.dothome.co.kr/sub/img/sub-contri-img4.png]
[songyi2.dothome.co.kr/sub/img/sub-contri-img5.png]
[songyi2.dothome.co.kr/sub/img/sub-contri-img6.png]
[songyi2.dothome.co.kr/sub/sub.html]
[cdn.jsdelivr.net/npm/xeicon@2.3.3/fonts/xeicon75d5.svg]
[songyi2.dothome.co.kr/sub/img/sub-visual.png]
[songyi2.dothome.co.kr/css/sub-common.css]
[songyi2.dothome.co.kr/sub/img/sub-pro-bg.png]
[songyi2.dothome.co.kr/sub/img/sub-pro-icon.png]
[songyi2.dothome.co.kr/sub/img/ethics-bg.png]
[songyi2.dothome.co.kr/css/sub-index.css]
