[backblue.gif]
[fade.gif]
[index.html]
[leedaegyu.kr/index.html]
[leedaegyu.kr/img/og-img.jpg]
[leedaegyu.kr/img/favicon.ico]
[leedaegyu.kr/css/reset.css]
[cdn.jsdelivr.net/npm/swiper@9/swiper-bundle.min.css]
[leedaegyu.kr/js/common.js]
[leedaegyu.kr/img/web2-modal.jpg]
[leedaegyu.kr/img/web1-modal.jpg]
[leedaegyu.kr/img/graphic1-modal.jpg]
[leedaegyu.kr/img/graphic2-modal.png]
[cdn.jsdelivr.net/npm/swiper@9/swiper-bundle.min.js]
[leedaegyu.kr/img/profile.jpg]
[leedaegyu.kr/img/web3.jpg]
[leedaegyu.kr/img/web1.jpg]
[leedaegyu.kr/img/web2.jpg]
[leedaegyu.kr/img/graphic1.jpg]
[leedaegyu.kr/img/graphic2.png]
[ajax.googleapis.com/ajax/libs/jquery/3.7.0/jquery.min.js]
[unpkg.com/aos@2.3.1/dist/aos.css]
[cdn.jsdelivr.net/npm/swiper@9/swiper-bundle.min.css]
[unpkg.com/aos@2.3.1/dist/aos.js]
[leedaegyu.kr/css/common.css]
[leedaegyu.kr/web/web3/index.html]
[leedaegyu.kr/img/wrap-bg.png]
[cdn.jsdelivr.net/gh/orioncactus/pretendard@v1.3.6/dist/web/variable/pretendardvariable.css]
[leedaegyu.kr/web/web1/index.html]
[cdn.jsdelivr.net/gh/orioncactus/pretendard@v1.3.6/dist/web/variable/pretendardvariable.css]
[leedaegyu.kr/img/modal-close.svg]
[leedaegyu.kr/img/logo.svg]
[leedaegyu.kr/img/gnb-hover.svg]
[leedaegyu.kr/img/intro-bg.svg]
[leedaegyu.kr/img/profile-bg.svg]
[leedaegyu.kr/img/web-bg.svg]
[leedaegyu.kr/img/web-more.svg]
[leedaegyu.kr/img/swiper-sign.svg]
[leedaegyu.kr/img/swiper-sign-next.svg]
[leedaegyu.kr/img/graphic-bg.svg]
[leedaegyu.kr/img/graphic-more.svg]
[leedaegyu.kr/img/contact-bg.svg]
[leedaegyu.kr/img/side-wheel.svg]
[leedaegyu.kr/img/side-compass1.svg]
[leedaegyu.kr/img/side-compass2.svg]
[leedaegyu.kr/img/side-compass3.svg]
[leedaegyu.kr/img/side-compass4.svg]
[leedaegyu.kr/img/side-compass.svg]
[leedaegyu.kr/img/side-pen.svg]
[leedaegyu.kr/web/web3/img/og-img.jpg]
[leedaegyu.kr/img/profile-bg-767.svg]
[leedaegyu.kr/web/web3/img/favicon.ico]
[leedaegyu.kr/img/web-bg-767.svg]
[leedaegyu.kr/img/graphic-bg-767.svg]
[leedaegyu.kr/img/profile-bg-575.svg]
[leedaegyu.kr/web/web3/css/reset.css]
[leedaegyu.kr/web/web3/js/common.js]
[leedaegyu.kr/web/web3/js/index.js]
[leedaegyu.kr/web/web3/css/common.css]
[leedaegyu.kr/web/web3/css/index.css]
[leedaegyu.kr/web/web3/img/logo_w.svg]
[leedaegyu.kr/web/web3/img/pr-img1.jpg]
[leedaegyu.kr/web/web3/img/pr-img6.jpg]
[leedaegyu.kr/web/web3/img/pr-img7.jpg]
[leedaegyu.kr/web/web3/img/pr-img2.jpg]
[leedaegyu.kr/web/web3/img/pr-img3.jpg]
[leedaegyu.kr/web/web3/img/pr-img4.jpg]
[leedaegyu.kr/web/web3/img/pr-img5.jpg]
[leedaegyu.kr/web/web3/img/pr-img8.jpg]
[leedaegyu.kr/web/web1/img/favicon.ico]
[www.kimyoujeong.org/theme/basic/images/main/visual-img2.jpg]
[cdn.jsdelivr.net/npm/slick-carousel@1.8.1/slick/slick.css]
[leedaegyu.kr/web/web3/sub/sub1-2.html]
[leedaegyu.kr/web/web1/css/reset.css]
[leedaegyu.kr/web/web1/js/index.js]
[cdn.jsdelivr.net/npm/slick-carousel@1.8.1/slick/slick.css]
[leedaegyu.kr/web/web1/js/common.js]
[leedaegyu.kr/web/web1/img/photo-img1.png]
[leedaegyu.kr/web/web1/img/photo-img2.png]
[leedaegyu.kr/web/web1/img/event-img1.jpg]
[leedaegyu.kr/web/web1/img/event-img2.jpg]
[leedaegyu.kr/web/web1/img/event-img3.jpg]
[leedaegyu.kr/web/web1/img/event-img4.jpg]
[leedaegyu.kr/web/web1/img/photo-img4.png]
[leedaegyu.kr/web/web1/img/photo-img3.png]
[leedaegyu.kr/web/web1/img/photo-img5.png]
[leedaegyu.kr/web/web1/img/photo-img6.png]
[leedaegyu.kr/web/web1/img/video-img1.png]
[leedaegyu.kr/web/web1/img/video-img2.png]
[leedaegyu.kr/web/web1/img/video-img3.png]
[leedaegyu.kr/web/web1/img/video-img4.png]
[leedaegyu.kr/web/web1/img/video-img5.png]
[leedaegyu.kr/web/web1/img/video-img6.png]
[leedaegyu.kr/web/web3/img/all-menu-bg.jpg]
[cdn.jsdelivr.net/gh/orioncactus/pretendard@v1.3.6/packages/pretendard/dist/web/variable/woff2/PretendardVariable.woff2]
[leedaegyu.kr/web/web3/img/main_visual1.jpg]
[leedaegyu.kr/web/web3/img/main_visual2.jpg]
[leedaegyu.kr/web/web3/img/main_visual3.jpg]
[leedaegyu.kr/web/web3/img/main_visual4.jpg]
[leedaegyu.kr/web/web3/img/business-img1.jpg]
[leedaegyu.kr/web/web3/img/business-img2.jpg]
[leedaegyu.kr/web/web3/img/haemoro-bg.jpg]
[leedaegyu.kr/web/web3/img/recruit-bg.jpg]
[leedaegyu.kr/web/web3/js/sub1.js]
[leedaegyu.kr/web/web3/img/sub1-2-value1.png]
[leedaegyu.kr/web/web3/img/sub1-2-value2.png]
[leedaegyu.kr/web/web3/img/sub1-2-const-img1.jpg]
[leedaegyu.kr/web/web3/img/sub1-2-const-img2.jpg]
[leedaegyu.kr/web/web3/img/sub1-2-const-img3.jpg]
[leedaegyu.kr/web/web3/img/sub1-2-const-img4.jpg]
[leedaegyu.kr/web/web3/img/sub1-2-const-img5.jpg]
[leedaegyu.kr/web/web3/img/sub1-2-const-img6.jpg]
[leedaegyu.kr/web/web3/img/sub1-2-ship-img1.jpg]
[leedaegyu.kr/web/web3/img/sub1-2-ship-img2.jpg]
[leedaegyu.kr/web/web3/img/sub1-2-ship-img3.jpg]
[leedaegyu.kr/web/web3/img/sub1-2-ship-img4.jpg]
[leedaegyu.kr/web/web3/img/sub1-2-ship-img5.jpg]
[leedaegyu.kr/web/web3/img/sub1-2-ship-img6.jpg]
[leedaegyu.kr/web/web3/movie/sub1-2-vision-bg.mp4]
[leedaegyu.kr/web/web3/img/sub1-2-ci4.png]
[ajax.googleapis.com/ajax/libs/jquery/1.12.4/jquery.min.js]
[leedaegyu.kr/web/web1/css/common.css]
[leedaegyu.kr/web/web1/css/index.css]
[leedaegyu.kr/web/web1/sub/sub1-1.html]
[leedaegyu.kr/web/web3/img/common-ico.svg]
[leedaegyu.kr/web/web3/img/all-slide-btn.svg]
[leedaegyu.kr/web/web3/img/logo_f.svg]
[leedaegyu.kr/web/web3/img/marquee.svg]
[leedaegyu.kr/web/web3/img/haemoro-logo.svg]
[leedaegyu.kr/web/web1/img/icons.png]
[leedaegyu.kr/web/web1/img/big-visual1.jpg]
[leedaegyu.kr/web/web1/img/big-visual2.jpg]
[leedaegyu.kr/web/web1/img/big-visual3.jpg]
[leedaegyu.kr/web/web1/img/big-visual4.jpg]
[leedaegyu.kr/web/web1/img/view-img1.jpg]
[leedaegyu.kr/web/web1/img/view-img3.jpg]
[leedaegyu.kr/web/web1/img/view-img2.jpg]
[leedaegyu.kr/web/web3/img/sustain-bg.svg]
[leedaegyu.kr/web/web1/img/view-img4.jpg]
[leedaegyu.kr/web/web3/img/sustain-ico.svg]
[leedaegyu.kr/web/web1/img/info-img.png]
[leedaegyu.kr/web/web3/img/sustain-ico-hover.svg]
[leedaegyu.kr/web/web1/js/sub.js]
[leedaegyu.kr/web/web3/img/recruit-ico.svg]
[leedaegyu.kr/web/web3/img/pr-bg.svg]
[leedaegyu.kr/web/web3/img/pr-arrow.svg]
[leedaegyu.kr/web/web1/img/sub1-1-tale.jpg]
[leedaegyu.kr/web/web3/css/sub-common.css]
[leedaegyu.kr/web/web1/img/sub1-1-tale2.jpg]
[leedaegyu.kr/web/web3/css/sub1.css]
[leedaegyu.kr/web/web1/img/sub1-1-tale3.jpg]
[leedaegyu.kr/web/web3/img/sub1-2-ci1.svg]
[leedaegyu.kr/web/web1/img/sub1-1-tale4.jpg]
[leedaegyu.kr/web/web3/img/sub1-2-ci2.svg]
[leedaegyu.kr/web/web3/img/sub-visual1.jpg]
[leedaegyu.kr/web/web3/img/sub1-2-ci3.svg]
[leedaegyu.kr/web/web3/img/sub1-2-const-bg.jpg]
[leedaegyu.kr/web/web1/css/sub-common.css]
[leedaegyu.kr/web/web3/img/sub1-2-ship-bg.jpg]
[leedaegyu.kr/web/web1/css/sub1.css]
[leedaegyu.kr/web/web3/img/sub1-2-ci-bg.jpg]
[leedaegyu.kr/web/web1/img/sub-visual3.jpg]
[leedaegyu.kr/web/web1/img/sub1-1-effect2.png]
[leedaegyu.kr/web/web1/img/sub1-1-effect.png]
