[backblue.gif]
[fade.gif]
[index.html]
[ringpuppy2.dothome.co.kr/img/og-img.jpg]
[ringpuppy2.dothome.co.kr/img/favicon/apple-icon-57x57.png]
[ringpuppy2.dothome.co.kr/img/favicon/apple-icon-60x60.png]
[ringpuppy2.dothome.co.kr/img/favicon/apple-icon-72x72.png]
[ringpuppy2.dothome.co.kr/img/favicon/apple-icon-76x76.png]
[ringpuppy2.dothome.co.kr/img/favicon/apple-icon-114x114.png]
[ringpuppy2.dothome.co.kr/img/favicon/apple-icon-120x120.png]
[ringpuppy2.dothome.co.kr/img/favicon/apple-icon-144x144.png]
[ringpuppy2.dothome.co.kr/img/favicon/apple-icon-152x152.png]
[ringpuppy2.dothome.co.kr/img/favicon/apple-icon-180x180.png]
[ringpuppy2.dothome.co.kr/img/favicon/android-icon-192x192.png]
[ringpuppy2.dothome.co.kr/img/favicon/favicon-32x32.png]
[ringpuppy2.dothome.co.kr/img/favicon/favicon-96x96.png]
[ringpuppy2.dothome.co.kr/img/favicon/favicon-16x16.png]
[ringpuppy2.dothome.co.kr/img/favicon/manifest.json]
[unpkg.com/swiper@8/swiper-bundle.min.15.delayed]
[unpkg.com/swiper@8.4.7/swiper-bundle.min.css]
[ajax.googleapis.com/ajax/libs/jquery/3.6.0/jquery.min.js]
[ringpuppy2.dothome.co.kr/js/jquery-1.12.4.min.js]
[ringpuppy2.dothome.co.kr/js/jquery-migrate-1.4.1.min.js]
[ringpuppy2.dothome.co.kr/js/jquery.menu2c64.js]
[ringpuppy2.dothome.co.kr/js/common2c64.js]
[ringpuppy2.dothome.co.kr/js/wrest2c64.js]
[ringpuppy2.dothome.co.kr/js/placeholders.min.js]
[ringpuppy2.dothome.co.kr/js/main.js]
[ringpuppy2.dothome.co.kr/img/gnb-img01.png]
[ringpuppy2.dothome.co.kr/img/gnb-img02.png]
[ringpuppy2.dothome.co.kr/img/gnb-img03.png]
[ringpuppy2.dothome.co.kr/img/gnb-img05.png]
[ringpuppy2.dothome.co.kr/skin/latest/pic_owl.carousel/img/widget_v_controls.png]
[ringpuppy2.dothome.co.kr/data/file/gallery/thumb-3696451538_CemI1LZa_99e1ce7705993d1e326cc0125e418a7eeea18e07_299x270.png]
[ringpuppy2.dothome.co.kr/data/file/gallery/thumb-3696451538_46jCSkHB_d7980242be238495da7d32352194f74a42d1f3ce_299x270.png]
[ringpuppy2.dothome.co.kr/data/file/gallery/thumb-3696451538_zmH6QknY_409b3fc1417b86bf901bff669dcd72e5ab276cc7_299x270.jpg]
[ringpuppy2.dothome.co.kr/data/file/gallery/thumb-3696451538_OXMayB2G_7201f0c6b0609f44b6b6e2c5a582f338a2417af0_299x270.png]
[ringpuppy2.dothome.co.kr/img/product-img01.png]
[ringpuppy2.dothome.co.kr/img/product-img02.png]
[ringpuppy2.dothome.co.kr/img/product-img03.png]
[ringpuppy2.dothome.co.kr/img/product-img04.png]
[ringpuppy2.dothome.co.kr/img/product-img05.png]
[ringpuppy2.dothome.co.kr/img/product-img06.png]
[ringpuppy2.dothome.co.kr/img/sns-img01.png]
[ringpuppy2.dothome.co.kr/img/sns-img02.png]
[ringpuppy2.dothome.co.kr/img/sns-img03.png]
[ringpuppy2.dothome.co.kr/img/sns-img04.png]
[ringpuppy2.dothome.co.kr/img/sns-img05.png]
[ringpuppy2.dothome.co.kr/img/sns-img06.png]
[ringpuppy2.dothome.co.kr/img/sns-img07.png]
[ringpuppy2.dothome.co.kr/img/sns-img08.png]
[ringpuppy2.dothome.co.kr/img/sns-img09.png]
[ringpuppy2.dothome.co.kr/img/sns-img10.jpg]
[unpkg.com/swiper/swiper-bundle.min.60.delayed]
[ringpuppy2.dothome.co.kr/index.html]
[ringpuppy2.dothome.co.kr/img/footer-bg.png]
[ringpuppy2.dothome.co.kr/img/logo.png]
[ringpuppy2.dothome.co.kr/img/f-sns-icon.png]
[ringpuppy2.dothome.co.kr/img/f-mark.png]
[unpkg.com/swiper@9.1.1/swiper-bundle.min.js]
[ringpuppy2.dothome.co.kr/img/btn_first.png]
[ringpuppy2.dothome.co.kr/img/btn_end.png]
[ringpuppy2.dothome.co.kr/css/default2c64.css]
[ringpuppy2.dothome.co.kr/js/font-awesome/fonts/fontawesome-webfont3e6e.eot]
[ringpuppy2.dothome.co.kr/js/font-awesome/fonts/fontawesome-webfontd41d.eot]
[ringpuppy2.dothome.co.kr/js/font-awesome/fonts/fontawesome-webfont3e6e.woff]
[ringpuppy2.dothome.co.kr/js/font-awesome/fonts/fontawesome-webfont3e6e.ttf]
[ringpuppy2.dothome.co.kr/js/font-awesome/css/font-awesome.min2c64.css]
[ringpuppy2.dothome.co.kr/skin/latest/pic_owl.carousel/style2c64.css]
[ringpuppy2.dothome.co.kr/bbs/index.html]
[fonts.googleapis.com/css230c1.css]
[fonts.googleapis.com/css2a9bd.css]
[unpkg.com/swiper@8.4.7/swiper-bundle.min.css]
[ringpuppy2.dothome.co.kr/img/logo-s.png]
[ringpuppy2.dothome.co.kr/img/sec-header-img.png]
[ringpuppy2.dothome.co.kr/img/arrow.png]
[ringpuppy2.dothome.co.kr/img/visual01.png]
[ringpuppy2.dothome.co.kr/img/visual02.png]
[ringpuppy2.dothome.co.kr/img/visual03.png]
[ringpuppy2.dothome.co.kr/img/event-bg.png]
[ringpuppy2.dothome.co.kr/img/product-bg.png]
[ringpuppy2.dothome.co.kr/img/product-dot.png]
[ringpuppy2.dothome.co.kr/img/service-bg01.png]
[ringpuppy2.dothome.co.kr/img/service-bg02.png]
[ringpuppy2.dothome.co.kr/img/find-bg.jpg]
[ringpuppy2.dothome.co.kr/img/service-catering-img.png]
[ringpuppy2.dothome.co.kr/img/banner-img.jpg]
[ringpuppy2.dothome.co.kr/img/sns-icon.png]
[ringpuppy2.dothome.co.kr/css/main.css]
[ringpuppy2.dothome.co.kr/js/sub.js]
[ringpuppy2.dothome.co.kr/img/brand-menu-img01.png]
[ringpuppy2.dothome.co.kr/img/brand-menu-img02.png]
[ringpuppy2.dothome.co.kr/img/brand-menu-img03.png]
[ringpuppy2.dothome.co.kr/img/brand-menu-img04.png]
[ringpuppy2.dothome.co.kr/sub/sub-brand.html]
[ringpuppy2.dothome.co.kr/data/file/brand/thumb-1893419342_rxpvzu5J_0453bf3a9548fcc56fa3969b71868e386d667bb5_290x230.jpg]
[ringpuppy2.dothome.co.kr/data/file/brand/thumb-1893419342_iLRMfHgS_535d8030083a5f08b79968c7853e8013e3653416_290x230.jpg]
[ringpuppy2.dothome.co.kr/data/file/brand/thumb-1893419342_N2gEtCad_5bc1b33cf6cb1b17584573482ebde0a48ffb3273_290x230.jpg]
[ringpuppy2.dothome.co.kr/data/file/brand/thumb-1893419342_OhF7qRES_2e2762c973552465933a1562082d6e69e57eb1bd_290x230.jpg]
[ringpuppy2.dothome.co.kr/data/file/brand/thumb-1893419342_Yy5NVzf3_bf18248d597148d17fad35ddc672fcbe8c27b363_290x230.jpg]
[ringpuppy2.dothome.co.kr/data/file/brand/thumb-1893419342_bmGoXHej_f8e318d656c4be5f3b387f705f1aba067eeb4376_290x230.jpg]
[ringpuppy2.dothome.co.kr/data/file/brand/thumb-1893419342_VTPJDF6R_56be82cfb6f78621da58e135b957232383526cdc_290x230.png]
[ringpuppy2.dothome.co.kr/data/file/brand/thumb-1893419342_RosHY817_37eee9c270be43992d2874dfd79fb58a90701dcc_290x230.png]
[ringpuppy2.dothome.co.kr/bbs/board34e8.html]
[ringpuppy2.dothome.co.kr/img/cf-img01.jpg]
[ringpuppy2.dothome.co.kr/img/cf-img02.jpg]
[ringpuppy2.dothome.co.kr/img/cf-img03.jpg]
[ringpuppy2.dothome.co.kr/img/cf-img04.jpg]
[ringpuppy2.dothome.co.kr/img/cf-img05.jpg]
[ringpuppy2.dothome.co.kr/sub/sub-brand03.html]
[ringpuppy2.dothome.co.kr/img/infra-img01.png]
[ringpuppy2.dothome.co.kr/img/infra-img02.png]
[ringpuppy2.dothome.co.kr/img/marketing-item-img01.png]
[ringpuppy2.dothome.co.kr/img/marketing-item-img02.png]
[ringpuppy2.dothome.co.kr/img/marketing-item-img03.png]
[ringpuppy2.dothome.co.kr/img/marketing-item-img04.png]
[ringpuppy2.dothome.co.kr/img/marketing-item-img05.png]
[ringpuppy2.dothome.co.kr/img/marketing-item-img06.png]
[ringpuppy2.dothome.co.kr/img/marketing-item-img07.png]
[ringpuppy2.dothome.co.kr/img/marketing-new-img01.png]
[ringpuppy2.dothome.co.kr/img/marketing-new-img02.png]
[ringpuppy2.dothome.co.kr/img/marketing-new-img03.png]
[ringpuppy2.dothome.co.kr/img/marketing-new-img04.png]
[ringpuppy2.dothome.co.kr/img/marketing-new-img05.png]
[ringpuppy2.dothome.co.kr/img/marketing-new-img06.png]
[ringpuppy2.dothome.co.kr/img/marketing-new-img07.png]
[ringpuppy2.dothome.co.kr/img/marketing-m-img01.png]
[ringpuppy2.dothome.co.kr/img/marketing-m-img02.png]
[ringpuppy2.dothome.co.kr/img/marketing-m-img03.png]
[ringpuppy2.dothome.co.kr/img/marketing-m-img04.png]
[ringpuppy2.dothome.co.kr/img/marketing-m-img05.png]
[ringpuppy2.dothome.co.kr/img/marketing-m-img06.png]
[ringpuppy2.dothome.co.kr/img/marketing-m-img07.png]
[ringpuppy2.dothome.co.kr/sub/sub-brand04.html]
[ringpuppy2.dothome.co.kr/skin/board/branches_on/d3.min.js]
[ringpuppy2.dothome.co.kr/bbs/board0111.html]
[ringpuppy2.dothome.co.kr/bbs/boardbafc.html]
[ringpuppy2.dothome.co.kr/sub/sub-store03.html]
[ringpuppy2.dothome.co.kr/data/file/menu/thumb-1893419342_Ww3A8QcB_97454903d81fd561d90597c524c5a01509afe9e4_250x250.png]
[ringpuppy2.dothome.co.kr/data/file/menu/thumb-1893419342_KbBsMR5u_d55e871c7eb293e66339d079a0b44d8ecaaf4065_250x250.png]
[ringpuppy2.dothome.co.kr/data/file/menu/thumb-1893419342_1QG27oNx_591a94c511e76bf6da778432fe95f610b4a17abc_250x250.png]
[ringpuppy2.dothome.co.kr/data/file/menu/thumb-1893419342_N6cJGeh1_8b4bea13b3c3fd1126a8ee456ff291b39eed874a_250x250.png]
[ringpuppy2.dothome.co.kr/data/file/menu/thumb-1893419342_r8ZngRJI_5445d1bc64794249b7e172d0392fa524b20a103e_250x250.png]
[ringpuppy2.dothome.co.kr/data/file/menu/thumb-1893419342_mpauIKn3_8023de5cb7b7daa1669d00c5d014facc74fc6cb3_250x250.png]
[ringpuppy2.dothome.co.kr/data/file/menu/thumb-1893419342_OIxiQo3C_b4670ac7b92dbb3a5f770962a3ee33bb4640c009_250x250.png]
[ringpuppy2.dothome.co.kr/data/file/menu/thumb-1893419342_5udAQcNf_dfbb6ce2170d6e51e5273820449f616721ae982f_250x250.png]
[ringpuppy2.dothome.co.kr/data/file/menu/thumb-1893419342_ie1K7vLP_bb6e06cda7cc178995affd20d81c728005cb5173_250x250.png]
[ringpuppy2.dothome.co.kr/bbs/board0cb3.html]
[ringpuppy2.dothome.co.kr/data/file/menu02/thumb-1893419342_bHVCdlJs_aad9f35d486aa1dd9eb39f9182b0cceac308c69a_202x150.png]
[ringpuppy2.dothome.co.kr/data/file/menu02/thumb-1893419342_n59w2Aud_b8d5797013be14125bbe6832cd18f8776cc6aa20_202x150.png]
[ringpuppy2.dothome.co.kr/data/file/menu02/thumb-1893419342_ph3WiD26_4e763e898ebfc4bc16d75d788f981ecdad36cfcb_202x150.png]
[ringpuppy2.dothome.co.kr/data/file/menu02/thumb-1893419342_K0VYx1QW_dc299ce5c23e8e8b48f4e8c43f34d3f0044e4a16_202x150.png]
[ringpuppy2.dothome.co.kr/data/file/menu02/thumb-1893419342_TOZ9jIu1_d75aebfa4ec9d4958f20318afebad99de8f449d3_202x150.png]
[ringpuppy2.dothome.co.kr/bbs/boardabea.html]
[ringpuppy2.dothome.co.kr/data/file/menu03/thumb-1893419342_ZSuXPLOe_dab21c7ab1cda8904a2b1606f6d145199c8eb863_202x200.png]
[ringpuppy2.dothome.co.kr/data/file/menu03/thumb-1893419342_au8pGTLC_46678d0cca6eb4033056b2c8aa580f050e3b53b0_202x200.png]
[ringpuppy2.dothome.co.kr/data/file/menu03/thumb-1893419342_TyVafuYv_39935f1eed354833836765cc4b75b044d20f2895_202x200.png]
[ringpuppy2.dothome.co.kr/data/file/menu03/thumb-1893419342_Et41gpQO_095fd818f0c52e44073db265bad8b7d5dcc17418_202x200.png]
[ringpuppy2.dothome.co.kr/data/file/menu03/thumb-1893419342_Ggi1pxS6_1a8be7e17011b533bf12d263a4e50571eba6e8ab_202x200.png]
[ringpuppy2.dothome.co.kr/data/file/menu03/thumb-1893419342_tczwMHT3_777a471f2ba0cc031a380630656b2376835a233e_202x200.png]
[ringpuppy2.dothome.co.kr/data/file/menu03/thumb-1893419342_3imZPgkH_2c23141ecfa3b16df9b232dc5072c06286c9eb4e_202x200.png]
[ringpuppy2.dothome.co.kr/data/file/menu03/thumb-1893419342_eTYLpcI9_182c0904a06430c9bb1018a93a30f5b41438ab5e_202x200.png]
[ringpuppy2.dothome.co.kr/data/file/menu03/thumb-1893419342_fql6N3eS_939562a2a7b8e39e4b0946367b28e3e196971bce_202x200.jpg]
[ringpuppy2.dothome.co.kr/bbs/board5340.html]
[ringpuppy2.dothome.co.kr/data/file/menu_baverage/thumb-1893419342_JVq5Pmju_a9b6ae822b5ef1018453b566d373546c27dc70db_202x200.png]
[ringpuppy2.dothome.co.kr/data/file/menu_baverage/thumb-1893419342_c5LbT27r_b85d6695a0eaf30553ed5d8050a0f870d493f023_202x200.png]
[ringpuppy2.dothome.co.kr/data/file/menu_baverage/thumb-1893419342_yhm7ZnVb_4a83fe63ab07465026770633d25d17f71544a0d3_202x200.png]
[ringpuppy2.dothome.co.kr/data/file/menu_baverage/thumb-1893419342_1UeuJw6O_2c31f8707c0e82ef352d24b90d0ca936f259f2f3_202x200.png]
[ringpuppy2.dothome.co.kr/data/file/menu_baverage/thumb-1893419342_ghCmpLq6_a2ad4e8f2aaa755ffa1d1762a7b8cb19fc70d7ba_202x200.png]
[ringpuppy2.dothome.co.kr/data/file/menu_baverage/thumb-1893419342_Rtlr2ZEV_cd3f09fd6d10e03ad39f59ead927c44ce3cecbb2_202x200.png]
[ringpuppy2.dothome.co.kr/data/file/menu_baverage/thumb-1893419342_Gait7pFw_2d29ec8d83ad0379ad70436b88235ba8565b747f_202x200.png]
[ringpuppy2.dothome.co.kr/data/file/menu_baverage/thumb-1893419342_v2Q7qytI_174ae33270c0992398b9cd75422598e65c56dcef_202x200.png]
[ringpuppy2.dothome.co.kr/data/file/menu_baverage/thumb-1893419342_xjlLTP9N_64ebab649540526670e57da5923a7411f9ea3856_202x200.png]
[ringpuppy2.dothome.co.kr/bbs/board3de8.html]
[ringpuppy2.dothome.co.kr/data/file/menu_others/thumb-1893419342_fBN2GKnh_200c84b5511819ee7e869a843f3d31c980830a31_202x200.png]
[ringpuppy2.dothome.co.kr/data/file/menu_others/thumb-1893419342_1Iod09pC_a951bafd30ad049958a3cec12280ea2d327c8568_202x200.png]
[ringpuppy2.dothome.co.kr/data/file/menu_others/thumb-1893419342_AaVncQJL_9fae484d50248bd55fca86429bf2801e3b62447e_202x200.png]
[ringpuppy2.dothome.co.kr/data/file/menu_others/thumb-1893419342_tVZj27zI_f13839de9dde8ee66ca76484224fff461869ce02_202x200.png]
[ringpuppy2.dothome.co.kr/data/file/menu_others/thumb-1893419342_qYXAE81p_a015df1c9c4e7e154af3a5dd5d67a2dae5d49dda_202x200.png]
[ringpuppy2.dothome.co.kr/data/file/menu_others/thumb-1893419342_8vybsVNu_eb8a7570f0c15399cd9a01cb57dae199d6054764_202x200.png]
[ringpuppy2.dothome.co.kr/data/file/menu_others/thumb-1893419342_HA12MzxJ_6b3c62659ae4e45586089a821a8d4e7a967664f7_202x200.png]
[ringpuppy2.dothome.co.kr/data/file/menu_others/thumb-1893419342_X3w8Zjl0_376d9d2aab19ec9b494240d52fecc19c85b09f6f_202x200.png]
[ringpuppy2.dothome.co.kr/data/file/menu_others/thumb-1893419342_g4s8AcBf_c0352479549506969a46be98399f546d0a3d197d_202x200.png]
[ringpuppy2.dothome.co.kr/bbs/board278a.html]
[ringpuppy2.dothome.co.kr/img/franchise-img01.jpg]
[ringpuppy2.dothome.co.kr/img/franchise-img02.jpg]
[ringpuppy2.dothome.co.kr/img/lifespan-img.jpg]
[ringpuppy2.dothome.co.kr/sub/sub-guide.html]
[ringpuppy2.dothome.co.kr/img/beloved-img01.jpg]
[ringpuppy2.dothome.co.kr/img/beloved-img02.jpg]
[ringpuppy2.dothome.co.kr/img/beloved-img03.jpg]
[ringpuppy2.dothome.co.kr/img/beloved-img04.jpg]
[ringpuppy2.dothome.co.kr/img/beloved-img05.jpg]
[ringpuppy2.dothome.co.kr/img/beloved-img06.jpg]
[ringpuppy2.dothome.co.kr/img/buildup-img01.jpg]
[ringpuppy2.dothome.co.kr/img/buildup-img02.jpg]
[ringpuppy2.dothome.co.kr/img/buildup-img03.jpg]
[ringpuppy2.dothome.co.kr/img/buildup-img04.jpg]
[ringpuppy2.dothome.co.kr/img/buildup-img05.jpg]
[ringpuppy2.dothome.co.kr/img/buildup-img06.jpg]
[ringpuppy2.dothome.co.kr/img/buildup-img07.jpg]
[ringpuppy2.dothome.co.kr/sub/sub-guide02.html]
[ringpuppy2.dothome.co.kr/sub/sub-guide03.html]
[ringpuppy2.dothome.co.kr/sub/sub-guide04.html]
[ringpuppy2.dothome.co.kr/bbs/board6b3d.html]
[ringpuppy2.dothome.co.kr/sub/sub-center.html]
[ringpuppy2.dothome.co.kr/bbs/boardf40e.html]
[ringpuppy2.dothome.co.kr/data/file/press/thumb-1893419342_vSQenLJD_c6985a65744e9ade14ec9639abca5de6226422dd_300x240.png]
[ringpuppy2.dothome.co.kr/data/file/press/thumb-1893419342_YVcUiOCd_7942e0568c53cea7f23375660679e5e993d8c598_300x240.png]
[ringpuppy2.dothome.co.kr/data/file/press/thumb-1893419342_hZrOBaWy_353a44ca99f841838701c3c93827e658904d6731_300x240.jpg]
[ringpuppy2.dothome.co.kr/data/file/press/thumb-1893419342_1E4XP2Zt_d8216fabc35e3fcc937ee3e69227bdabe8cff68c_300x240.png]
[ringpuppy2.dothome.co.kr/data/file/press/thumb-1893419342_SKX1MvGH_6464c03123eb59075b5e21e45e65dd2e3990d6a0_300x240.jpg]
[ringpuppy2.dothome.co.kr/data/file/press/thumb-1893419342_jRrxOtWF_5d6a40dfe9b812d4d899ff6a3d31ebb80eb07618_300x240.png]
[ringpuppy2.dothome.co.kr/data/file/press/thumb-1893419342_nrghQR6c_f432de8ffd6edcedb26cec4af96f33a826beaaa3_300x240.jpg]
[ringpuppy2.dothome.co.kr/data/file/press/thumb-1893419342_EmVhDyM9_6f6efbbc16552f5e0122a7ae2c35ac2e024d512c_300x240.jpg]
[ringpuppy2.dothome.co.kr/data/file/press/thumb-1893419342_qhZKygwf_2e45b03b07db26621b02981a79d4b089b067e8c1_300x240.png]
[ringpuppy2.dothome.co.kr/data/file/press/thumb-1893419342_qiOWpeg4_57e74ee8a4459bd8c3517b4e437f6ac2ad9e8eaa_300x240.jpg]
[ringpuppy2.dothome.co.kr/data/file/press/thumb-1893419342_7T92qznc_f64e4a75e9bf7975f1841ae24a5ed9d44609e5fd_300x240.jpg]
[ringpuppy2.dothome.co.kr/data/file/press/thumb-1893419342_FcKUjOoJ_7529b436d820b11e8625be37b9c92fe8bd1067e5_300x240.jpg]
[ringpuppy2.dothome.co.kr/bbs/board4227.html]
[ringpuppy2.dothome.co.kr/bbs/board8dea.html]
[ringpuppy2.dothome.co.kr/bbs/register.html]
[ringpuppy2.dothome.co.kr/bbs/login.html]
[ringpuppy2.dothome.co.kr/js/viewimageresize.js]
[ringpuppy2.dothome.co.kr/data/file/menu/1893419342_KbBsMR5u_d55e871c7eb293e66339d079a0b44d8ecaaf4065.png]
[ringpuppy2.dothome.co.kr/js/md5.js]
[ringpuppy2.dothome.co.kr/bbs/boarde55c.html]
[ringpuppy2.dothome.co.kr/bbs/boardd20a.html]
[ringpuppy2.dothome.co.kr/data/file/menu/1893419342_OIxiQo3C_b4670ac7b92dbb3a5f770962a3ee33bb4640c009.png]
[ringpuppy2.dothome.co.kr/data/file/brand/thumb-1893419342_RosHY817_37eee9c270be43992d2874dfd79fb58a90701dcc_600x951.png]
[ringpuppy2.dothome.co.kr/bbs/board7e3e.html]
[ringpuppy2.dothome.co.kr/data/file/gallery/thumb-3696451538_CemI1LZa_99e1ce7705993d1e326cc0125e418a7eeea18e07_752x1010.png]
[ringpuppy2.dothome.co.kr/bbs/board064d.html]
[ringpuppy2.dothome.co.kr/data/file/gallery/thumb-3696451538_46jCSkHB_d7980242be238495da7d32352194f74a42d1f3ce_752x1052.png]
[ringpuppy2.dothome.co.kr/bbs/boardc14e.html]
[ringpuppy2.dothome.co.kr/data/file/gallery/thumb-3696451538_zmH6QknY_409b3fc1417b86bf901bff669dcd72e5ab276cc7_752x843.jpg]
[ringpuppy2.dothome.co.kr/bbs/board3561.html]
[ringpuppy2.dothome.co.kr/data/file/gallery/thumb-3696451538_OXMayB2G_7201f0c6b0609f44b6b6e2c5a582f338a2417af0_752x1204.png]
[ringpuppy2.dothome.co.kr/bbs/board983c.html]
[ringpuppy2.dothome.co.kr/data/file/menu/1893419342_N6cJGeh1_8b4bea13b3c3fd1126a8ee456ff291b39eed874a.png]
[ringpuppy2.dothome.co.kr/bbs/board464b.html]
[ringpuppy2.dothome.co.kr/data/file/menu/1893419342_1QG27oNx_591a94c511e76bf6da778432fe95f610b4a17abc.png]
[ringpuppy2.dothome.co.kr/bbs/boardbe50.html]
[ringpuppy2.dothome.co.kr/data/file/menu/1893419342_Ww3A8QcB_97454903d81fd561d90597c524c5a01509afe9e4.png]
[ringpuppy2.dothome.co.kr/bbs/boardcc8a.html]
[ringpuppy2.dothome.co.kr/data/file/menu/1893419342_r8ZngRJI_5445d1bc64794249b7e172d0392fa524b20a103e.png]
[ringpuppy2.dothome.co.kr/bbs/boarde282.html]
[ringpuppy2.dothome.co.kr/data/file/menu/1893419342_bxfEGZWk_f9c8aa5d5de0390caf06d902d8a44b47cd3fbbd6.png]
[ringpuppy2.dothome.co.kr/bbs/boarddfa1.html]
[ringpuppy2.dothome.co.kr/sub/sub-f-use.html]
[ringpuppy2.dothome.co.kr/sub/sub-f-personal.html]
[ringpuppy2.dothome.co.kr/sub/sub-f-privacy.html]
[ringpuppy2.dothome.co.kr/img/img_safety_management.jpg]
[ringpuppy2.dothome.co.kr/sub/sub-f-safety.html]
[ringpuppy2.dothome.co.kr/js/font-awesome/fonts/fontawesome-webfont3e6e.html]
[ringpuppy2.dothome.co.kr/js/font-awesome/fonts/fontawesome-webfont3e6e.svg]
[ringpuppy2.dothome.co.kr/css/sub-common.css]
[ringpuppy2.dothome.co.kr/img/brand-visual.png]
[ringpuppy2.dothome.co.kr/img/brand-tit-img.png]
[ringpuppy2.dothome.co.kr/img/brand-info-img.png]
[ringpuppy2.dothome.co.kr/img/brand-story-bg.png]
[ringpuppy2.dothome.co.kr/img/brand-menu-bg01.png]
[ringpuppy2.dothome.co.kr/img/brand-menu-bg02.png]
[ringpuppy2.dothome.co.kr/img/brand-menu-img01-01.png]
[ringpuppy2.dothome.co.kr/img/brand-menu-img02-01.png]
[ringpuppy2.dothome.co.kr/img/brand-menu-img03-01.png]
[ringpuppy2.dothome.co.kr/img/brand-menu-img04-01.png]
[ringpuppy2.dothome.co.kr/img/cf-icon.png]
[ringpuppy2.dothome.co.kr/img/infra-bg.png]
[ringpuppy2.dothome.co.kr/img/infra-bar01.png]
[ringpuppy2.dothome.co.kr/img/infra-bar02.png]
[ringpuppy2.dothome.co.kr/img/marketing-bar.png]
[ringpuppy2.dothome.co.kr/img/marketing-bar02.png]
[ringpuppy2.dothome.co.kr/img/marketing-bar03.png]
[ringpuppy2.dothome.co.kr/img/easy-bg.png]
[ringpuppy2.dothome.co.kr/img/easy-img01.png]
[ringpuppy2.dothome.co.kr/img/easy-img02.png]
[ringpuppy2.dothome.co.kr/css/sub-brand.css]
[ringpuppy2.dothome.co.kr/skin/board/temamoa_gallery/img/close_btn.png]
[ringpuppy2.dothome.co.kr/skin/board/temamoa_gallery/img/icon_view.png]
[ringpuppy2.dothome.co.kr/skin/board/temamoa_gallery/img/icon_comment.png]
[ringpuppy2.dothome.co.kr/skin/board/temamoa_gallery/img/icon_good.png]
[ringpuppy2.dothome.co.kr/skin/board/temamoa_gallery/img/icon_bad.png]
[ringpuppy2.dothome.co.kr/skin/board/temamoa_gallery/style2c64.css]
[ringpuppy2.dothome.co.kr/data/file/brand/thumb-1893419342_rxpvzu5J_0453bf3a9548fcc56fa3969b71868e386d667bb5_600x2400.jpg]
[ringpuppy2.dothome.co.kr/bbs/board0e71.html]
[ringpuppy2.dothome.co.kr/data/file/brand/thumb-1893419342_iLRMfHgS_535d8030083a5f08b79968c7853e8013e3653416_600x790.jpg]
[ringpuppy2.dothome.co.kr/bbs/board0c0b.html]
[ringpuppy2.dothome.co.kr/data/file/brand/thumb-1893419342_N2gEtCad_5bc1b33cf6cb1b17584573482ebde0a48ffb3273_600x790.jpg]
[ringpuppy2.dothome.co.kr/bbs/board5943.html]
[ringpuppy2.dothome.co.kr/data/file/brand/thumb-1893419342_OhF7qRES_2e2762c973552465933a1562082d6e69e57eb1bd_600x848.jpg]
[ringpuppy2.dothome.co.kr/bbs/board193f.html]
[ringpuppy2.dothome.co.kr/data/file/brand/thumb-1893419342_Yy5NVzf3_bf18248d597148d17fad35ddc672fcbe8c27b363_600x790.jpg]
[ringpuppy2.dothome.co.kr/bbs/board10cc.html]
[ringpuppy2.dothome.co.kr/data/file/brand/thumb-1893419342_bmGoXHej_f8e318d656c4be5f3b387f705f1aba067eeb4376_600x790.jpg]
[ringpuppy2.dothome.co.kr/bbs/board3546.html]
[ringpuppy2.dothome.co.kr/data/file/brand/thumb-1893419342_VTPJDF6R_56be82cfb6f78621da58e135b957232383526cdc_600x790.png]
[ringpuppy2.dothome.co.kr/bbs/board8e5b.html]
[ringpuppy2.dothome.co.kr/data/file/brand/thumb-1893419342_y0XQpFYr_bb9d4f4f922ddf4c0d7d717829afe79951816a5b_290x230.png]
[ringpuppy2.dothome.co.kr/data/file/brand/thumb-1893419342_94MfRjSd_e1bccf8a5b635a343a7e3d3e8f654f596ea95446_290x230.png]
[ringpuppy2.dothome.co.kr/bbs/boardd40d.html]
[ringpuppy2.dothome.co.kr/skin/board/branches_on/style2c64.css]
[ringpuppy2.dothome.co.kr/img/store-visual.png]
[ringpuppy2.dothome.co.kr/img/explain-img.png]
[ringpuppy2.dothome.co.kr/img/process-icon.png]
[ringpuppy2.dothome.co.kr/img/process-arrow.png]
[ringpuppy2.dothome.co.kr/img/how-img01.png]
[ringpuppy2.dothome.co.kr/img/how-dot01.png]
[ringpuppy2.dothome.co.kr/img/how-img02.png]
[ringpuppy2.dothome.co.kr/img/how-dot02.png]
[ringpuppy2.dothome.co.kr/img/selection-bg.png]
[ringpuppy2.dothome.co.kr/css/sub-store.css]
[ringpuppy2.dothome.co.kr/bbs/board7b5a.html]
[ringpuppy2.dothome.co.kr/bbs/board6ca5.html]
[ringpuppy2.dothome.co.kr/bbs/boardd105.html]
[ringpuppy2.dothome.co.kr/bbs/boarddb15.html]
[ringpuppy2.dothome.co.kr/bbs/board28d4.html]
[ringpuppy2.dothome.co.kr/bbs/board35b6.html]
[ringpuppy2.dothome.co.kr/bbs/boardcc2b.html]
[ringpuppy2.dothome.co.kr/bbs/board210f.html]
[ringpuppy2.dothome.co.kr/bbs/boardebd5.html]
[ringpuppy2.dothome.co.kr/bbs/board7b3f.html]
[ringpuppy2.dothome.co.kr/bbs/board8f48.html]
[ringpuppy2.dothome.co.kr/bbs/boardbc58.html]
[ringpuppy2.dothome.co.kr/bbs/boardc524.html]
[ringpuppy2.dothome.co.kr/bbs/boardbb32.html]
[ringpuppy2.dothome.co.kr/bbs/boardb8ee.html]
[ringpuppy2.dothome.co.kr/bbs/board6788.html]
[ringpuppy2.dothome.co.kr/bbs/boardf7ed.html]
[ringpuppy2.dothome.co.kr/bbs/board5e89.html]
[ringpuppy2.dothome.co.kr/bbs/board54d4.html]
[ringpuppy2.dothome.co.kr/bbs/boardc4dc.html]
[ringpuppy2.dothome.co.kr/bbs/board9fe0.html]
[ringpuppy2.dothome.co.kr/bbs/boarde0b4.html]
[ringpuppy2.dothome.co.kr/bbs/boardc690.html]
[ringpuppy2.dothome.co.kr/bbs/boardb1a0.html]
[ringpuppy2.dothome.co.kr/bbs/board6a5c.html]
[ringpuppy2.dothome.co.kr/bbs/boarde5ef.html]
[dapi.kakao.com/v2/maps/sdke3a6.json]
[ringpuppy2.dothome.co.kr/bbs/board5eca.html]
[ringpuppy2.dothome.co.kr/bbs/board_list_update.html]
[ringpuppy2.dothome.co.kr/bbs/move.html]
[ringpuppy2.dothome.co.kr/bbs/boarde888.html]
[ringpuppy2.dothome.co.kr/bbs/board9ed3.html]
[ringpuppy2.dothome.co.kr/bbs/board2b8b.html]
[ringpuppy2.dothome.co.kr/bbs/board92c1.html]
[ringpuppy2.dothome.co.kr/skin/board/partner/img/chk.png]
[ringpuppy2.dothome.co.kr/skin/board/partner/img/baseline_keyboard_arrow_down_black_18dp.png]
[ringpuppy2.dothome.co.kr/skin/board/partner/img/close_btn.png]
[ringpuppy2.dothome.co.kr/skin/board/partner/img/btn_cmt.png]
[ringpuppy2.dothome.co.kr/skin/board/partner/style2c64.css]
[ringpuppy2.dothome.co.kr/img/menu-plus.png]
[ringpuppy2.dothome.co.kr/skin/board/temamoa_gallery2/img/close_btn.png]
[ringpuppy2.dothome.co.kr/skin/board/temamoa_gallery2/img/icon_view.png]
[ringpuppy2.dothome.co.kr/skin/board/temamoa_gallery2/img/icon_comment.png]
[ringpuppy2.dothome.co.kr/skin/board/temamoa_gallery2/img/icon_good.png]
[ringpuppy2.dothome.co.kr/skin/board/temamoa_gallery2/img/icon_bad.png]
[ringpuppy2.dothome.co.kr/skin/board/temamoa_gallery2/style2c64.css]
[ringpuppy2.dothome.co.kr/img/menu-visual.png]
[ringpuppy2.dothome.co.kr/css/sub-menu.css]
[ringpuppy2.dothome.co.kr/data/file/menu/1893419342_mpauIKn3_8023de5cb7b7daa1669d00c5d014facc74fc6cb3.png]
[ringpuppy2.dothome.co.kr/bbs/boarddbe9.html]
[ringpuppy2.dothome.co.kr/data/file/menu/1893419342_5udAQcNf_dfbb6ce2170d6e51e5273820449f616721ae982f.png]
[ringpuppy2.dothome.co.kr/bbs/board8974.html]
[ringpuppy2.dothome.co.kr/data/file/menu/1893419342_ie1K7vLP_bb6e06cda7cc178995affd20d81c728005cb5173.png]
[ringpuppy2.dothome.co.kr/bbs/board1c21.html]
[ringpuppy2.dothome.co.kr/data/file/menu/thumb-1893419342_ozETiIj9_55698d65895b7e5fca623f2ea7dabd2d22635f23_250x250.png]
[ringpuppy2.dothome.co.kr/data/file/menu/thumb-1893419342_bxfEGZWk_f9c8aa5d5de0390caf06d902d8a44b47cd3fbbd6_250x250.png]
[ringpuppy2.dothome.co.kr/data/file/menu/thumb-1893419342_QnzZcNqe_d3d0c3ddaacdc979a8dd5f1b62fd01bf441c597f_250x250.png]
[ringpuppy2.dothome.co.kr/bbs/board763d.html]
[ringpuppy2.dothome.co.kr/skin/board/temamoa_gallery2-1/img/close_btn.png]
[ringpuppy2.dothome.co.kr/skin/board/temamoa_gallery2-1/img/icon_view.png]
[ringpuppy2.dothome.co.kr/skin/board/temamoa_gallery2-1/img/icon_comment.png]
[ringpuppy2.dothome.co.kr/skin/board/temamoa_gallery2-1/img/icon_good.png]
[ringpuppy2.dothome.co.kr/skin/board/temamoa_gallery2-1/img/icon_bad.png]
[ringpuppy2.dothome.co.kr/skin/board/temamoa_gallery2-1/style2c64.css]
[ringpuppy2.dothome.co.kr/data/file/menu02/1893419342_bHVCdlJs_aad9f35d486aa1dd9eb39f9182b0cceac308c69a.png]
[ringpuppy2.dothome.co.kr/bbs/board8609.html]
[ringpuppy2.dothome.co.kr/data/file/menu02/thumb-1893419342_n59w2Aud_b8d5797013be14125bbe6832cd18f8776cc6aa20_600x600.png]
[ringpuppy2.dothome.co.kr/bbs/board30c6.html]
[ringpuppy2.dothome.co.kr/data/file/menu02/thumb-1893419342_ph3WiD26_4e763e898ebfc4bc16d75d788f981ecdad36cfcb_600x600.png]
[ringpuppy2.dothome.co.kr/bbs/board51bb.html]
[ringpuppy2.dothome.co.kr/data/file/menu02/1893419342_K0VYx1QW_dc299ce5c23e8e8b48f4e8c43f34d3f0044e4a16.png]
[ringpuppy2.dothome.co.kr/bbs/board3c34.html]
[ringpuppy2.dothome.co.kr/data/file/menu02/1893419342_TOZ9jIu1_d75aebfa4ec9d4958f20318afebad99de8f449d3.png]
[ringpuppy2.dothome.co.kr/bbs/board19d9.html]
[ringpuppy2.dothome.co.kr/skin/board/temamoa_gallery2-2/img/close_btn.png]
[ringpuppy2.dothome.co.kr/skin/board/temamoa_gallery2-2/img/icon_view.png]
[ringpuppy2.dothome.co.kr/skin/board/temamoa_gallery2-2/img/icon_comment.png]
[ringpuppy2.dothome.co.kr/skin/board/temamoa_gallery2-2/img/icon_good.png]
[ringpuppy2.dothome.co.kr/skin/board/temamoa_gallery2-2/img/icon_bad.png]
[ringpuppy2.dothome.co.kr/skin/board/temamoa_gallery2-2/style2c64.css]
[ringpuppy2.dothome.co.kr/data/file/menu03/1893419342_ZSuXPLOe_dab21c7ab1cda8904a2b1606f6d145199c8eb863.png]
[ringpuppy2.dothome.co.kr/bbs/board03ee.html]
[ringpuppy2.dothome.co.kr/bbs/boardc380.html]
[ringpuppy2.dothome.co.kr/data/file/menu03/1893419342_au8pGTLC_46678d0cca6eb4033056b2c8aa580f050e3b53b0.png]
[ringpuppy2.dothome.co.kr/data/file/menu03/1893419342_TyVafuYv_39935f1eed354833836765cc4b75b044d20f2895.png]
[ringpuppy2.dothome.co.kr/bbs/board0e73.html]
[ringpuppy2.dothome.co.kr/data/file/menu03/1893419342_Et41gpQO_095fd818f0c52e44073db265bad8b7d5dcc17418.png]
[ringpuppy2.dothome.co.kr/bbs/board5f60.html]
[ringpuppy2.dothome.co.kr/data/file/menu03/1893419342_Ggi1pxS6_1a8be7e17011b533bf12d263a4e50571eba6e8ab.png]
[ringpuppy2.dothome.co.kr/bbs/boarde59b.html]
[ringpuppy2.dothome.co.kr/data/file/menu03/1893419342_tczwMHT3_777a471f2ba0cc031a380630656b2376835a233e.png]
[ringpuppy2.dothome.co.kr/bbs/boarda3b0.html]
[ringpuppy2.dothome.co.kr/data/file/menu03/1893419342_3imZPgkH_2c23141ecfa3b16df9b232dc5072c06286c9eb4e.png]
[ringpuppy2.dothome.co.kr/bbs/boardb9e3.html]
[ringpuppy2.dothome.co.kr/bbs/board8024.html]
[ringpuppy2.dothome.co.kr/data/file/menu03/1893419342_eTYLpcI9_182c0904a06430c9bb1018a93a30f5b41438ab5e.png]
[ringpuppy2.dothome.co.kr/data/file/menu03/1893419342_fql6N3eS_939562a2a7b8e39e4b0946367b28e3e196971bce.jpg]
[ringpuppy2.dothome.co.kr/bbs/board1c41.html]
[ringpuppy2.dothome.co.kr/data/file/menu03/thumb-1893419342_6E5teTR9_e1a79afb42ac070ba9c0cf23100d0859fb414c1e_202x200.png]
[ringpuppy2.dothome.co.kr/data/file/menu03/thumb-1893419342_M9DvGEYp_612d230b23e93d07172ba8c304d834cdd9c01951_202x200.png]
[ringpuppy2.dothome.co.kr/data/file/menu03/thumb-1893419342_bBZscW2k_45813d3e584e2feedd62851a34bdbedc7b677ead_202x200.png]
[ringpuppy2.dothome.co.kr/data/file/menu03/thumb-1893419342_RnwCHMvx_259c81e85e793ad77f01832c2adbd90e5be1e6d2_202x200.png]
[ringpuppy2.dothome.co.kr/data/file/menu03/thumb-1893419342_yCdD064e_5e7d073119b1c63783970d21a225e9b75b812ab0_202x200.png]
[ringpuppy2.dothome.co.kr/bbs/board262b.html]
[ringpuppy2.dothome.co.kr/skin/board/temamoa_gallery2-3/img/close_btn.png]
[ringpuppy2.dothome.co.kr/skin/board/temamoa_gallery2-3/img/icon_view.png]
[ringpuppy2.dothome.co.kr/skin/board/temamoa_gallery2-3/img/icon_comment.png]
[ringpuppy2.dothome.co.kr/skin/board/temamoa_gallery2-3/img/icon_good.png]
[ringpuppy2.dothome.co.kr/skin/board/temamoa_gallery2-3/style2c64.css]
[ringpuppy2.dothome.co.kr/skin/board/temamoa_gallery2-3/img/icon_bad.png]
[ringpuppy2.dothome.co.kr/bbs/board6c32.html]
[ringpuppy2.dothome.co.kr/data/file/menu_baverage/1893419342_JVq5Pmju_a9b6ae822b5ef1018453b566d373546c27dc70db.png]
[ringpuppy2.dothome.co.kr/bbs/board0c78.html]
[ringpuppy2.dothome.co.kr/data/file/menu_baverage/1893419342_c5LbT27r_b85d6695a0eaf30553ed5d8050a0f870d493f023.png]
[ringpuppy2.dothome.co.kr/data/file/menu_baverage/1893419342_yhm7ZnVb_4a83fe63ab07465026770633d25d17f71544a0d3.png]
[ringpuppy2.dothome.co.kr/bbs/boarda991.html]
[ringpuppy2.dothome.co.kr/data/file/menu_baverage/1893419342_1UeuJw6O_2c31f8707c0e82ef352d24b90d0ca936f259f2f3.png]
[ringpuppy2.dothome.co.kr/bbs/board26ec.html]
[ringpuppy2.dothome.co.kr/data/file/menu_baverage/1893419342_ghCmpLq6_a2ad4e8f2aaa755ffa1d1762a7b8cb19fc70d7ba.png]
[ringpuppy2.dothome.co.kr/bbs/board916b.html]
[ringpuppy2.dothome.co.kr/data/file/menu_baverage/1893419342_Rtlr2ZEV_cd3f09fd6d10e03ad39f59ead927c44ce3cecbb2.png]
[ringpuppy2.dothome.co.kr/bbs/boarde69b.html]
[ringpuppy2.dothome.co.kr/data/file/menu_baverage/1893419342_Gait7pFw_2d29ec8d83ad0379ad70436b88235ba8565b747f.png]
[ringpuppy2.dothome.co.kr/bbs/board0f9e.html]
[ringpuppy2.dothome.co.kr/bbs/board3953.html]
[ringpuppy2.dothome.co.kr/data/file/menu_baverage/1893419342_v2Q7qytI_174ae33270c0992398b9cd75422598e65c56dcef.png]
[ringpuppy2.dothome.co.kr/bbs/board87b4.html]
[ringpuppy2.dothome.co.kr/data/file/menu_baverage/1893419342_xjlLTP9N_64ebab649540526670e57da5923a7411f9ea3856.png]
[ringpuppy2.dothome.co.kr/data/file/menu_baverage/thumb-1893419342_I2M51mUc_66b0103863fe5afaf1f3c79b11846d8682331cc3_202x200.png]
[ringpuppy2.dothome.co.kr/data/file/menu_baverage/thumb-1893419342_0qieRsyF_e10da4cd87c2c0d01059b7769b2e92967006a82e_202x200.png]
[ringpuppy2.dothome.co.kr/data/file/menu_baverage/thumb-1893419342_j1YqgcEb_d61d08792a4835c6a9f3a6a313b9fdbe40544375_202x200.png]
[ringpuppy2.dothome.co.kr/bbs/board9261.html]
[ringpuppy2.dothome.co.kr/skin/board/temamoa_gallery2-4/img/close_btn.png]
[ringpuppy2.dothome.co.kr/skin/board/temamoa_gallery2-4/img/icon_view.png]
[ringpuppy2.dothome.co.kr/skin/board/temamoa_gallery2-4/img/icon_comment.png]
[ringpuppy2.dothome.co.kr/skin/board/temamoa_gallery2-4/img/icon_good.png]
[ringpuppy2.dothome.co.kr/skin/board/temamoa_gallery2-4/img/icon_bad.png]
[ringpuppy2.dothome.co.kr/skin/board/temamoa_gallery2-4/style2c64.css]
[ringpuppy2.dothome.co.kr/bbs/board6da1.html]
[ringpuppy2.dothome.co.kr/data/file/menu_others/1893419342_fBN2GKnh_200c84b5511819ee7e869a843f3d31c980830a31.png]
[ringpuppy2.dothome.co.kr/data/file/menu_others/1893419342_1Iod09pC_a951bafd30ad049958a3cec12280ea2d327c8568.png]
[ringpuppy2.dothome.co.kr/bbs/board4653.html]
[ringpuppy2.dothome.co.kr/data/file/menu_others/1893419342_AaVncQJL_9fae484d50248bd55fca86429bf2801e3b62447e.png]
[ringpuppy2.dothome.co.kr/bbs/board96b5.html]
[ringpuppy2.dothome.co.kr/data/file/menu_others/1893419342_tVZj27zI_f13839de9dde8ee66ca76484224fff461869ce02.png]
[ringpuppy2.dothome.co.kr/bbs/board4fd0.html]
[ringpuppy2.dothome.co.kr/bbs/boarde503.html]
[ringpuppy2.dothome.co.kr/data/file/menu_others/1893419342_qYXAE81p_a015df1c9c4e7e154af3a5dd5d67a2dae5d49dda.png]
[ringpuppy2.dothome.co.kr/bbs/boarde231.html]
[ringpuppy2.dothome.co.kr/data/file/menu_others/1893419342_8vybsVNu_eb8a7570f0c15399cd9a01cb57dae199d6054764.png]
[ringpuppy2.dothome.co.kr/bbs/boardb7c7.html]
[ringpuppy2.dothome.co.kr/data/file/menu_others/1893419342_HA12MzxJ_6b3c62659ae4e45586089a821a8d4e7a967664f7.png]
[ringpuppy2.dothome.co.kr/bbs/board0c13.html]
[ringpuppy2.dothome.co.kr/data/file/menu_others/1893419342_X3w8Zjl0_376d9d2aab19ec9b494240d52fecc19c85b09f6f.png]
[ringpuppy2.dothome.co.kr/bbs/board2e9b.html]
[ringpuppy2.dothome.co.kr/data/file/menu_others/1893419342_g4s8AcBf_c0352479549506969a46be98399f546d0a3d197d.png]
[ringpuppy2.dothome.co.kr/data/file/menu_others/thumb-1893419342_oPfJNVdE_17568175c236e414e83a0606062d29387cdd6d5b_202x200.png]
[ringpuppy2.dothome.co.kr/data/file/menu_others/thumb-1893419342_Zk9hcvdT_f91c59468806b24b9e6051a456138297999d01c5_202x200.png]
[ringpuppy2.dothome.co.kr/bbs/board8895.html]
[ringpuppy2.dothome.co.kr/img/guide-visual.png]
[ringpuppy2.dothome.co.kr/img/open-arrow.png]
[ringpuppy2.dothome.co.kr/img/lifespan-dot.png]
[ringpuppy2.dothome.co.kr/img/lifespan-second.png]
[ringpuppy2.dothome.co.kr/img/open-icon01.png]
[ringpuppy2.dothome.co.kr/img/open-icon02.jpg]
[ringpuppy2.dothome.co.kr/img/consult-icon01.png]
[ringpuppy2.dothome.co.kr/img/consult-icon02.png]
[ringpuppy2.dothome.co.kr/css/sub-guide.css]
[ringpuppy2.dothome.co.kr/skin/board/faq2/img/chk.png]
[ringpuppy2.dothome.co.kr/skin/board/faq2/img/close_btn.png]
[ringpuppy2.dothome.co.kr/skin/board/faq2/img/btn_cmt.png]
[ringpuppy2.dothome.co.kr/skin/board/faq2/style2c64.css]
[ringpuppy2.dothome.co.kr/img/center-visual.png]
[ringpuppy2.dothome.co.kr/img/channel-icon.png]
[ringpuppy2.dothome.co.kr/img/consumer-img.png]
[ringpuppy2.dothome.co.kr/css/sub-center.css]
[ringpuppy2.dothome.co.kr/skin/board/faq_sam/img/chk.png]
[ringpuppy2.dothome.co.kr/skin/board/faq_sam/img/close_btn.png]
[ringpuppy2.dothome.co.kr/skin/board/faq_sam/style2c64.css]
[ringpuppy2.dothome.co.kr/skin/board/faq_sam/img/btn_cmt.png]
[ringpuppy2.dothome.co.kr/bbs/board93aa.html]
[ringpuppy2.dothome.co.kr/bbs/board4b5f.html]
[ringpuppy2.dothome.co.kr/bbs/board2492.html]
[ringpuppy2.dothome.co.kr/bbs/board885a.html]
[ringpuppy2.dothome.co.kr/bbs/boardc913.html]
[ringpuppy2.dothome.co.kr/bbs/board84d3.html]
[ringpuppy2.dothome.co.kr/skin/board/temamoa_gallery3/img/close_btn.png]
[ringpuppy2.dothome.co.kr/skin/board/temamoa_gallery3/img/icon_view.png]
[ringpuppy2.dothome.co.kr/skin/board/temamoa_gallery3/img/icon_comment.png]
[ringpuppy2.dothome.co.kr/skin/board/temamoa_gallery3/img/icon_good.png]
[ringpuppy2.dothome.co.kr/skin/board/temamoa_gallery3/img/icon_bad.png]
[ringpuppy2.dothome.co.kr/skin/board/temamoa_gallery3/style2c64.css]
[ringpuppy2.dothome.co.kr/bbs/board2808.html]
[ringpuppy2.dothome.co.kr/data/file/press/thumb-1893419342_vSQenLJD_c6985a65744e9ade14ec9639abca5de6226422dd_600x600.png]
[ringpuppy2.dothome.co.kr/data/file/press/thumb-1893419342_YVcUiOCd_7942e0568c53cea7f23375660679e5e993d8c598_600x600.png]
[ringpuppy2.dothome.co.kr/bbs/board7826.html]
[ringpuppy2.dothome.co.kr/data/file/press/thumb-1893419342_hZrOBaWy_353a44ca99f841838701c3c93827e658904d6731_600x435.jpg]
[ringpuppy2.dothome.co.kr/bbs/boarde86c.html]
[ringpuppy2.dothome.co.kr/bbs/board8197.html]
[ringpuppy2.dothome.co.kr/data/file/press/thumb-1893419342_1E4XP2Zt_d8216fabc35e3fcc937ee3e69227bdabe8cff68c_600x813.png]
[ringpuppy2.dothome.co.kr/data/file/press/thumb-1893419342_SKX1MvGH_6464c03123eb59075b5e21e45e65dd2e3990d6a0_600x600.jpg]
[ringpuppy2.dothome.co.kr/bbs/boardce31.html]
[ringpuppy2.dothome.co.kr/data/file/press/thumb-1893419342_jRrxOtWF_5d6a40dfe9b812d4d899ff6a3d31ebb80eb07618_600x855.png]
[ringpuppy2.dothome.co.kr/bbs/board91ef.html]
[ringpuppy2.dothome.co.kr/data/file/press/thumb-1893419342_nrghQR6c_f432de8ffd6edcedb26cec4af96f33a826beaaa3_600x901.jpg]
[ringpuppy2.dothome.co.kr/bbs/board77c8.html]
[ringpuppy2.dothome.co.kr/data/file/press/thumb-1893419342_EmVhDyM9_6f6efbbc16552f5e0122a7ae2c35ac2e024d512c_600x900.jpg]
[ringpuppy2.dothome.co.kr/bbs/boardb912.html]
[ringpuppy2.dothome.co.kr/data/file/press/thumb-1893419342_qhZKygwf_2e45b03b07db26621b02981a79d4b089b067e8c1_600x899.png]
[ringpuppy2.dothome.co.kr/bbs/board9bcb.html]
[ringpuppy2.dothome.co.kr/data/file/press/thumb-1893419342_qiOWpeg4_57e74ee8a4459bd8c3517b4e437f6ac2ad9e8eaa_600x901.jpg]
[ringpuppy2.dothome.co.kr/bbs/board580b.html]
[ringpuppy2.dothome.co.kr/data/file/press/thumb-1893419342_7T92qznc_f64e4a75e9bf7975f1841ae24a5ed9d44609e5fd_600x600.jpg]
[ringpuppy2.dothome.co.kr/bbs/boardd9f8.html]
[ringpuppy2.dothome.co.kr/data/file/press/thumb-1893419342_FcKUjOoJ_7529b436d820b11e8625be37b9c92fe8bd1067e5_600x230.jpg]
[ringpuppy2.dothome.co.kr/bbs/boardc059.html]
[ringpuppy2.dothome.co.kr/data/file/press/thumb-1893419342_zPlfDjqA_bfddee5b8097122bb03c60275572301d9c5b2a95_300x240.jpg]
[ringpuppy2.dothome.co.kr/bbs/board2ac9.html]
[ringpuppy2.dothome.co.kr/skin/board/gallery/img/chk.png]
[ringpuppy2.dothome.co.kr/skin/board/gallery/img/close_btn.png]
[ringpuppy2.dothome.co.kr/skin/board/gallery/img/btn_cmt.png]
[ringpuppy2.dothome.co.kr/skin/board/gallery/style2c64.css]
[ringpuppy2.dothome.co.kr/skin/member/basic/img/chk.png]
[ringpuppy2.dothome.co.kr/skin/member/basic/style2c64.css]
[ringpuppy2.dothome.co.kr/plugin/kcaptcha/kcaptcha.js]
[ringpuppy2.dothome.co.kr/plugin/kcaptcha/img/dot.gif]
[ringpuppy2.dothome.co.kr/bbs/password_lost.html]
[ringpuppy2.dothome.co.kr/bbs/view_image454c.html]
[ringpuppy2.dothome.co.kr/bbs/view_image988a.html]
[ringpuppy2.dothome.co.kr/data/file/brand/1893419342_RosHY817_37eee9c270be43992d2874dfd79fb58a90701dcc.png]
[ringpuppy2.dothome.co.kr/bbs/view_image14d3.html]
[ringpuppy2.dothome.co.kr/data/file/gallery/3696451538_CemI1LZa_99e1ce7705993d1e326cc0125e418a7eeea18e07.png]
[ringpuppy2.dothome.co.kr/bbs/view_image92f9.html]
[ringpuppy2.dothome.co.kr/data/file/gallery/3696451538_46jCSkHB_d7980242be238495da7d32352194f74a42d1f3ce.png]
[ringpuppy2.dothome.co.kr/bbs/view_image9b77.html]
[ringpuppy2.dothome.co.kr/data/file/gallery/3696451538_zmH6QknY_409b3fc1417b86bf901bff669dcd72e5ab276cc7.jpg]
[ringpuppy2.dothome.co.kr/bbs/view_image1dea.html]
[ringpuppy2.dothome.co.kr/data/file/gallery/3696451538_OXMayB2G_7201f0c6b0609f44b6b6e2c5a582f338a2417af0.png]
[ringpuppy2.dothome.co.kr/bbs/view_image6734.html]
[ringpuppy2.dothome.co.kr/bbs/view_image1183.html]
[ringpuppy2.dothome.co.kr/bbs/view_image362e.html]
[ringpuppy2.dothome.co.kr/bbs/view_imagedbf5.html]
[ringpuppy2.dothome.co.kr/bbs/view_imagec396.html]
[ringpuppy2.dothome.co.kr/bbs/view_imagebe6a.html]
[ringpuppy2.dothome.co.kr/data/file/brand/1893419342_rxpvzu5J_0453bf3a9548fcc56fa3969b71868e386d667bb5.jpg]
[ringpuppy2.dothome.co.kr/bbs/view_imagee85e.html]
[ringpuppy2.dothome.co.kr/data/file/brand/1893419342_iLRMfHgS_535d8030083a5f08b79968c7853e8013e3653416.jpg]
[ringpuppy2.dothome.co.kr/bbs/view_imagec991.html]
[ringpuppy2.dothome.co.kr/data/file/brand/1893419342_N2gEtCad_5bc1b33cf6cb1b17584573482ebde0a48ffb3273.jpg]
[ringpuppy2.dothome.co.kr/bbs/view_imagef82f.html]
[ringpuppy2.dothome.co.kr/data/file/brand/1893419342_OhF7qRES_2e2762c973552465933a1562082d6e69e57eb1bd.jpg]
[ringpuppy2.dothome.co.kr/bbs/view_image12fd.html]
[ringpuppy2.dothome.co.kr/data/file/brand/1893419342_Yy5NVzf3_bf18248d597148d17fad35ddc672fcbe8c27b363.jpg]
[ringpuppy2.dothome.co.kr/bbs/view_image9d4e.html]
[ringpuppy2.dothome.co.kr/data/file/brand/1893419342_bmGoXHej_f8e318d656c4be5f3b387f705f1aba067eeb4376.jpg]
[ringpuppy2.dothome.co.kr/bbs/view_image22f6.html]
[ringpuppy2.dothome.co.kr/data/file/brand/1893419342_VTPJDF6R_56be82cfb6f78621da58e135b957232383526cdc.png]
[ringpuppy2.dothome.co.kr/bbs/view_image8ce9.html]
[ringpuppy2.dothome.co.kr/data/file/brand/thumb-1893419342_y0XQpFYr_bb9d4f4f922ddf4c0d7d717829afe79951816a5b_600x790.png]
[ringpuppy2.dothome.co.kr/bbs/boardc88f.html]
[ringpuppy2.dothome.co.kr/bbs/boardedf7.html]
[ringpuppy2.dothome.co.kr/data/file/brand/thumb-1893419342_94MfRjSd_e1bccf8a5b635a343a7e3d3e8f654f596ea95446_600x790.png]
[ringpuppy2.dothome.co.kr/bbs/board5847.html]
[ringpuppy2.dothome.co.kr/bbs/boarde6aa.html]
[ringpuppy2.dothome.co.kr/bbs/board9677.html]
[ringpuppy2.dothome.co.kr/bbs/boardb4c9.html]
[ringpuppy2.dothome.co.kr/bbs/board9b14.html]
[ringpuppy2.dothome.co.kr/bbs/board1f83.html]
[ringpuppy2.dothome.co.kr/bbs/board4f98.html]
[ringpuppy2.dothome.co.kr/bbs/boarda429.html]
[ringpuppy2.dothome.co.kr/bbs/board7cde.html]
[ringpuppy2.dothome.co.kr/bbs/boardb807.html]
[ringpuppy2.dothome.co.kr/bbs/boardc191.html]
[ringpuppy2.dothome.co.kr/bbs/board8429.html]
[ringpuppy2.dothome.co.kr/bbs/boardd079.html]
[ringpuppy2.dothome.co.kr/bbs/board5569.html]
[ringpuppy2.dothome.co.kr/bbs/board3f79.html]
[ringpuppy2.dothome.co.kr/bbs/boardc65d.html]
[ringpuppy2.dothome.co.kr/bbs/boardc305.html]
[ringpuppy2.dothome.co.kr/bbs/boardf37a.html]
[ringpuppy2.dothome.co.kr/bbs/board43ba.html]
[ringpuppy2.dothome.co.kr/bbs/boardf5b0.html]
[ringpuppy2.dothome.co.kr/bbs/boarddece.html]
[ringpuppy2.dothome.co.kr/bbs/board6fa3.html]
[ringpuppy2.dothome.co.kr/bbs/boardb453.html]
[ringpuppy2.dothome.co.kr/bbs/board449d.html]
[ringpuppy2.dothome.co.kr/bbs/boarde98f.html]
[ringpuppy2.dothome.co.kr/bbs/board7cac.html]
[ringpuppy2.dothome.co.kr/bbs/boardfa7e.html]
[ringpuppy2.dothome.co.kr/bbs/boardc268.html]
[ringpuppy2.dothome.co.kr/bbs/board66fa.html]
[ringpuppy2.dothome.co.kr/bbs/boardcc5a.html]
[ringpuppy2.dothome.co.kr/bbs/boarde2e8.html]
[ringpuppy2.dothome.co.kr/bbs/boardf623.html]
[ringpuppy2.dothome.co.kr/bbs/boardef01.html]
[ringpuppy2.dothome.co.kr/bbs/board75a5.html]
[ringpuppy2.dothome.co.kr/bbs/board520f.html]
[ringpuppy2.dothome.co.kr/bbs/boardd4a6.html]
[ringpuppy2.dothome.co.kr/bbs/board28f5.html]
[ringpuppy2.dothome.co.kr/bbs/board09c5.html]
[ringpuppy2.dothome.co.kr/bbs/board244b.html]
[ringpuppy2.dothome.co.kr/bbs/boardc583.html]
[ringpuppy2.dothome.co.kr/bbs/board26be.html]
[ringpuppy2.dothome.co.kr/bbs/boardfbd9.html]
[ringpuppy2.dothome.co.kr/bbs/board82d1.html]
[ringpuppy2.dothome.co.kr/bbs/board64ab.html]
[ringpuppy2.dothome.co.kr/bbs/board41bb.html]
[ringpuppy2.dothome.co.kr/bbs/board40a9.html]
[ringpuppy2.dothome.co.kr/bbs/boarde321.html]
[ringpuppy2.dothome.co.kr/bbs/board62f7.html]
[ringpuppy2.dothome.co.kr/bbs/boardce4e.html]
[ringpuppy2.dothome.co.kr/bbs/board6407.html]
[ringpuppy2.dothome.co.kr/bbs/board313a.html]
[ringpuppy2.dothome.co.kr/bbs/board8942.html]
[ringpuppy2.dothome.co.kr/bbs/board814b.html]
[ringpuppy2.dothome.co.kr/bbs/board6e69.html]
[ringpuppy2.dothome.co.kr/bbs/board5409.html]
[ringpuppy2.dothome.co.kr/bbs/boardda2d.html]
[ringpuppy2.dothome.co.kr/bbs/boardeab7.html]
[ringpuppy2.dothome.co.kr/bbs/board64d9.html]
[ringpuppy2.dothome.co.kr/bbs/board58ff.html]
[ringpuppy2.dothome.co.kr/bbs/board5dd3.html]
[ringpuppy2.dothome.co.kr/bbs/boardb226.html]
[ringpuppy2.dothome.co.kr/bbs/boardee43.html]
[ringpuppy2.dothome.co.kr/bbs/board3d0d.html]
[ringpuppy2.dothome.co.kr/bbs/boarda4f5.html]
[ringpuppy2.dothome.co.kr/bbs/board68f3.html]
[ringpuppy2.dothome.co.kr/bbs/boardff9c.html]
[ringpuppy2.dothome.co.kr/bbs/board6327.html]
[ringpuppy2.dothome.co.kr/bbs/boardc335.html]
[ringpuppy2.dothome.co.kr/bbs/boardcbae.html]
[ringpuppy2.dothome.co.kr/bbs/board4b34.html]
[ringpuppy2.dothome.co.kr/bbs/board943f.html]
[ringpuppy2.dothome.co.kr/bbs/view_image98b9.html]
[ringpuppy2.dothome.co.kr/bbs/view_imagec820.html]
[ringpuppy2.dothome.co.kr/bbs/view_imagee5d2.html]
[ringpuppy2.dothome.co.kr/data/file/menu/1893419342_ozETiIj9_55698d65895b7e5fca623f2ea7dabd2d22635f23.png]
[ringpuppy2.dothome.co.kr/bbs/board949b.html]
[ringpuppy2.dothome.co.kr/data/file/menu/1893419342_QnzZcNqe_d3d0c3ddaacdc979a8dd5f1b62fd01bf441c597f.png]
[ringpuppy2.dothome.co.kr/bbs/boarddd15.html]
[ringpuppy2.dothome.co.kr/bbs/view_imagee137.html]
[ringpuppy2.dothome.co.kr/data/file/menu02/1893419342_n59w2Aud_b8d5797013be14125bbe6832cd18f8776cc6aa20.png]
[ringpuppy2.dothome.co.kr/bbs/view_image97d4.html]
[ringpuppy2.dothome.co.kr/data/file/menu02/1893419342_ph3WiD26_4e763e898ebfc4bc16d75d788f981ecdad36cfcb.png]
[ringpuppy2.dothome.co.kr/bbs/view_image39dd.html]
[ringpuppy2.dothome.co.kr/bbs/view_image3592.html]
[ringpuppy2.dothome.co.kr/bbs/view_image045e.html]
[ringpuppy2.dothome.co.kr/bbs/view_imageb8a2.html]
[ringpuppy2.dothome.co.kr/bbs/view_image4de3.html]
[ringpuppy2.dothome.co.kr/bbs/view_imageb6c1.html]
[ringpuppy2.dothome.co.kr/bbs/view_imagee426.html]
[ringpuppy2.dothome.co.kr/bbs/view_imaged795.html]
[ringpuppy2.dothome.co.kr/bbs/view_imagee304.html]
[ringpuppy2.dothome.co.kr/bbs/view_image4f1a.html]
[ringpuppy2.dothome.co.kr/bbs/view_imagecd89.html]
[ringpuppy2.dothome.co.kr/bbs/view_imagec463.html]
[ringpuppy2.dothome.co.kr/data/file/menu03/1893419342_6E5teTR9_e1a79afb42ac070ba9c0cf23100d0859fb414c1e.png]
[ringpuppy2.dothome.co.kr/bbs/boardf5b1.html]
[ringpuppy2.dothome.co.kr/data/file/menu03/1893419342_M9DvGEYp_612d230b23e93d07172ba8c304d834cdd9c01951.png]
[ringpuppy2.dothome.co.kr/bbs/board3172.html]
[ringpuppy2.dothome.co.kr/data/file/menu03/1893419342_bBZscW2k_45813d3e584e2feedd62851a34bdbedc7b677ead.png]
[ringpuppy2.dothome.co.kr/bbs/boardcb01.html]
[ringpuppy2.dothome.co.kr/data/file/menu03/1893419342_RnwCHMvx_259c81e85e793ad77f01832c2adbd90e5be1e6d2.png]
[ringpuppy2.dothome.co.kr/bbs/boarde8e0.html]
[ringpuppy2.dothome.co.kr/data/file/menu03/1893419342_yCdD064e_5e7d073119b1c63783970d21a225e9b75b812ab0.png]
[ringpuppy2.dothome.co.kr/bbs/boardb169.html]
[ringpuppy2.dothome.co.kr/bbs/boardb5f1.html]
[ringpuppy2.dothome.co.kr/bbs/view_imagef26a.html]
[ringpuppy2.dothome.co.kr/bbs/view_image9434.html]
[ringpuppy2.dothome.co.kr/bbs/view_image7034.html]
[ringpuppy2.dothome.co.kr/bbs/view_image8f56.html]
[ringpuppy2.dothome.co.kr/bbs/view_imageeec4.html]
[ringpuppy2.dothome.co.kr/bbs/view_imageef80.html]
[ringpuppy2.dothome.co.kr/bbs/view_image79ed.html]
[ringpuppy2.dothome.co.kr/bbs/view_image818d.html]
[ringpuppy2.dothome.co.kr/bbs/view_imagec7d5.html]
[ringpuppy2.dothome.co.kr/data/file/menu_baverage/1893419342_I2M51mUc_66b0103863fe5afaf1f3c79b11846d8682331cc3.png]
[ringpuppy2.dothome.co.kr/bbs/board71ea.html]
[ringpuppy2.dothome.co.kr/data/file/menu_baverage/1893419342_0qieRsyF_e10da4cd87c2c0d01059b7769b2e92967006a82e.png]
[ringpuppy2.dothome.co.kr/bbs/boardf697.html]
[ringpuppy2.dothome.co.kr/data/file/menu_baverage/1893419342_j1YqgcEb_d61d08792a4835c6a9f3a6a313b9fdbe40544375.png]
[ringpuppy2.dothome.co.kr/bbs/boardc082.html]
[ringpuppy2.dothome.co.kr/bbs/board0ac3.html]
[ringpuppy2.dothome.co.kr/bbs/view_image8922.html]
[ringpuppy2.dothome.co.kr/bbs/view_image63f5.html]
[ringpuppy2.dothome.co.kr/bbs/view_image6c36.html]
[ringpuppy2.dothome.co.kr/bbs/view_image6117.html]
[ringpuppy2.dothome.co.kr/bbs/view_imageeded.html]
[ringpuppy2.dothome.co.kr/bbs/view_imageb6fe.html]
[ringpuppy2.dothome.co.kr/bbs/view_imagec422.html]
[ringpuppy2.dothome.co.kr/bbs/view_image0002.html]
[ringpuppy2.dothome.co.kr/bbs/view_image28ae.html]
[ringpuppy2.dothome.co.kr/data/file/menu_others/1893419342_oPfJNVdE_17568175c236e414e83a0606062d29387cdd6d5b.png]
[ringpuppy2.dothome.co.kr/bbs/board5600.html]
[ringpuppy2.dothome.co.kr/data/file/menu_others/1893419342_Zk9hcvdT_f91c59468806b24b9e6051a456138297999d01c5.png]
[ringpuppy2.dothome.co.kr/bbs/boardce82.html]
[ringpuppy2.dothome.co.kr/bbs/boarde496.html]
[ringpuppy2.dothome.co.kr/bbs/boardd405.html]
[ringpuppy2.dothome.co.kr/data/file/press/1893419342_vSQenLJD_c6985a65744e9ade14ec9639abca5de6226422dd.png]
[ringpuppy2.dothome.co.kr/bbs/view_imagec08f.html]
[ringpuppy2.dothome.co.kr/data/file/press/1893419342_YVcUiOCd_7942e0568c53cea7f23375660679e5e993d8c598.png]
[ringpuppy2.dothome.co.kr/bbs/view_image6270.html]
[ringpuppy2.dothome.co.kr/data/file/press/1893419342_hZrOBaWy_353a44ca99f841838701c3c93827e658904d6731.jpg]
[ringpuppy2.dothome.co.kr/bbs/view_imagedec6.html]
[ringpuppy2.dothome.co.kr/data/file/press/1893419342_1E4XP2Zt_d8216fabc35e3fcc937ee3e69227bdabe8cff68c.png]
[ringpuppy2.dothome.co.kr/bbs/view_image7f91.html]
[ringpuppy2.dothome.co.kr/data/file/press/1893419342_SKX1MvGH_6464c03123eb59075b5e21e45e65dd2e3990d6a0.jpg]
[ringpuppy2.dothome.co.kr/bbs/view_image64d9.html]
[ringpuppy2.dothome.co.kr/data/file/press/1893419342_jRrxOtWF_5d6a40dfe9b812d4d899ff6a3d31ebb80eb07618.png]
[ringpuppy2.dothome.co.kr/bbs/view_image2ee7.html]
[ringpuppy2.dothome.co.kr/data/file/press/1893419342_nrghQR6c_f432de8ffd6edcedb26cec4af96f33a826beaaa3.jpg]
[ringpuppy2.dothome.co.kr/bbs/view_imagec42c.html]
[ringpuppy2.dothome.co.kr/data/file/press/1893419342_EmVhDyM9_6f6efbbc16552f5e0122a7ae2c35ac2e024d512c.jpg]
[ringpuppy2.dothome.co.kr/bbs/view_imagee30b.html]
[ringpuppy2.dothome.co.kr/data/file/press/1893419342_qhZKygwf_2e45b03b07db26621b02981a79d4b089b067e8c1.png]
[ringpuppy2.dothome.co.kr/bbs/view_image6fc2.html]
[ringpuppy2.dothome.co.kr/data/file/press/1893419342_qiOWpeg4_57e74ee8a4459bd8c3517b4e437f6ac2ad9e8eaa.jpg]
[ringpuppy2.dothome.co.kr/bbs/view_image4eab.html]
[ringpuppy2.dothome.co.kr/data/file/press/1893419342_7T92qznc_f64e4a75e9bf7975f1841ae24a5ed9d44609e5fd.jpg]
[ringpuppy2.dothome.co.kr/bbs/view_imageaa43.html]
[ringpuppy2.dothome.co.kr/data/file/press/1893419342_FcKUjOoJ_7529b436d820b11e8625be37b9c92fe8bd1067e5.jpg]
[ringpuppy2.dothome.co.kr/bbs/view_image3246.html]
[ringpuppy2.dothome.co.kr/data/file/press/thumb-1893419342_zPlfDjqA_bfddee5b8097122bb03c60275572301d9c5b2a95_600x511.jpg]
[ringpuppy2.dothome.co.kr/bbs/board8508.html]
[ringpuppy2.dothome.co.kr/plugin/kcaptcha/index.html]
[ringpuppy2.dothome.co.kr/data/file/brand/1893419342_y0XQpFYr_bb9d4f4f922ddf4c0d7d717829afe79951816a5b.png]
[ringpuppy2.dothome.co.kr/bbs/view_image46f4.html]
[ringpuppy2.dothome.co.kr/data/file/brand/1893419342_94MfRjSd_e1bccf8a5b635a343a7e3d3e8f654f596ea95446.png]
[ringpuppy2.dothome.co.kr/bbs/view_image1b05.html]
[ringpuppy2.dothome.co.kr/bbs/boardf730.html]
[ringpuppy2.dothome.co.kr/bbs/board9305.html]
[ringpuppy2.dothome.co.kr/bbs/boardd912.html]
[ringpuppy2.dothome.co.kr/bbs/board8704.html]
[ringpuppy2.dothome.co.kr/bbs/boardbf90.html]
[ringpuppy2.dothome.co.kr/bbs/board9bc2.html]
[ringpuppy2.dothome.co.kr/bbs/board4871.html]
[ringpuppy2.dothome.co.kr/bbs/boardf7d0.html]
[ringpuppy2.dothome.co.kr/bbs/board7ae6.html]
[ringpuppy2.dothome.co.kr/bbs/board6d03.html]
[ringpuppy2.dothome.co.kr/bbs/board150a.html]
[ringpuppy2.dothome.co.kr/bbs/board822c.html]
[ringpuppy2.dothome.co.kr/bbs/boardaa9e.html]
[ringpuppy2.dothome.co.kr/bbs/board49fb.html]
[ringpuppy2.dothome.co.kr/bbs/boarde6ca.html]
[ringpuppy2.dothome.co.kr/bbs/boardb1cc.html]
[ringpuppy2.dothome.co.kr/bbs/board325e.html]
[ringpuppy2.dothome.co.kr/bbs/board50e5.html]
[ringpuppy2.dothome.co.kr/bbs/board8e6e.html]
[ringpuppy2.dothome.co.kr/bbs/boardb369.html]
[ringpuppy2.dothome.co.kr/bbs/boarde011.html]
[ringpuppy2.dothome.co.kr/bbs/boardb5fb.html]
[ringpuppy2.dothome.co.kr/bbs/board6c29.html]
[ringpuppy2.dothome.co.kr/bbs/board7a6c.html]
[ringpuppy2.dothome.co.kr/bbs/board5a9f.html]
[ringpuppy2.dothome.co.kr/bbs/board9b60.html]
[ringpuppy2.dothome.co.kr/bbs/boardeaa7.html]
[ringpuppy2.dothome.co.kr/bbs/board3627.html]
[ringpuppy2.dothome.co.kr/bbs/board33ff.html]
[ringpuppy2.dothome.co.kr/bbs/boardba9e.html]
[ringpuppy2.dothome.co.kr/bbs/board0310.html]
[ringpuppy2.dothome.co.kr/bbs/board18fe.html]
[ringpuppy2.dothome.co.kr/bbs/boarde351.html]
[ringpuppy2.dothome.co.kr/bbs/board0239.html]
[ringpuppy2.dothome.co.kr/bbs/boardb68e.html]
[ringpuppy2.dothome.co.kr/bbs/board33c9.html]
[ringpuppy2.dothome.co.kr/bbs/board742e.html]
[ringpuppy2.dothome.co.kr/bbs/boarda018.html]
[ringpuppy2.dothome.co.kr/bbs/board3ac8.html]
[ringpuppy2.dothome.co.kr/bbs/boardcfd2.html]
[ringpuppy2.dothome.co.kr/bbs/boarde905.html]
[ringpuppy2.dothome.co.kr/bbs/view_imagefd7c.html]
[ringpuppy2.dothome.co.kr/bbs/view_image2035.html]
[ringpuppy2.dothome.co.kr/bbs/view_imagead67.html]
[ringpuppy2.dothome.co.kr/bbs/view_image0cf6.html]
[ringpuppy2.dothome.co.kr/bbs/view_imageefc8.html]
[ringpuppy2.dothome.co.kr/bbs/view_image1752.html]
[ringpuppy2.dothome.co.kr/bbs/view_image692a.html]
[ringpuppy2.dothome.co.kr/bbs/board211f.html]
[ringpuppy2.dothome.co.kr/bbs/boarddf79.html]
[ringpuppy2.dothome.co.kr/bbs/boardc656.html]
[ringpuppy2.dothome.co.kr/bbs/boardf6e1.html]
[ringpuppy2.dothome.co.kr/bbs/boardfef9.html]
[ringpuppy2.dothome.co.kr/bbs/boardaaa0.html]
[ringpuppy2.dothome.co.kr/bbs/board38c2.html]
[ringpuppy2.dothome.co.kr/bbs/boarddb6d.html]
[ringpuppy2.dothome.co.kr/bbs/board875c.html]
[ringpuppy2.dothome.co.kr/bbs/view_image2a94.html]
[ringpuppy2.dothome.co.kr/bbs/view_image4f52.html]
[ringpuppy2.dothome.co.kr/bbs/view_imageac77.html]
[ringpuppy2.dothome.co.kr/bbs/boardd952.html]
[ringpuppy2.dothome.co.kr/bbs/boarda6c3.html]
[ringpuppy2.dothome.co.kr/bbs/board7b50.html]
[ringpuppy2.dothome.co.kr/bbs/boarde4bb.html]
[ringpuppy2.dothome.co.kr/bbs/board56ce.html]
[ringpuppy2.dothome.co.kr/bbs/boardb337.html]
[ringpuppy2.dothome.co.kr/bbs/board2739.html]
[ringpuppy2.dothome.co.kr/bbs/board771c.html]
[ringpuppy2.dothome.co.kr/bbs/boarddb50.html]
[ringpuppy2.dothome.co.kr/bbs/view_image127d.html]
[ringpuppy2.dothome.co.kr/bbs/view_image070d.html]
[ringpuppy2.dothome.co.kr/bbs/boarda40c.html]
[ringpuppy2.dothome.co.kr/bbs/board6726.html]
[ringpuppy2.dothome.co.kr/bbs/board26cf.html]
[ringpuppy2.dothome.co.kr/bbs/board62cb.html]
[ringpuppy2.dothome.co.kr/bbs/board84d5.html]
[ringpuppy2.dothome.co.kr/bbs/boardc179.html]
[ringpuppy2.dothome.co.kr/bbs/board1c50.html]
[ringpuppy2.dothome.co.kr/bbs/board150f.html]
[ringpuppy2.dothome.co.kr/bbs/boarddecc.html]
[ringpuppy2.dothome.co.kr/data/file/press/1893419342_zPlfDjqA_bfddee5b8097122bb03c60275572301d9c5b2a95.jpg]
[ringpuppy2.dothome.co.kr/bbs/view_image2e24.html]
[ringpuppy2.dothome.co.kr/bbs/board544c.html]
[ringpuppy2.dothome.co.kr/bbs/board9524.html]
[ringpuppy2.dothome.co.kr/bbs/boardfe70.html]
[ringpuppy2.dothome.co.kr/bbs/boarda12d.html]
[ringpuppy2.dothome.co.kr/bbs/board358d.html]
[ringpuppy2.dothome.co.kr/bbs/boarddb3d.html]
[ringpuppy2.dothome.co.kr/bbs/boarda480.html]
[ringpuppy2.dothome.co.kr/bbs/board989c.html]
[ringpuppy2.dothome.co.kr/bbs/boardcf7b.html]
[ringpuppy2.dothome.co.kr/bbs/boardab1d.html]
[ringpuppy2.dothome.co.kr/bbs/board03ee-2.html]
[ringpuppy2.dothome.co.kr/bbs/boardcffb.html]
[ringpuppy2.dothome.co.kr/bbs/boardb639.html]
[ringpuppy2.dothome.co.kr/bbs/board3e8c.html]
[ringpuppy2.dothome.co.kr/bbs/boardf0be.html]
[ringpuppy2.dothome.co.kr/bbs/boardad77.html]
[ringpuppy2.dothome.co.kr/bbs/board2350.html]
[ringpuppy2.dothome.co.kr/bbs/boarda5a2.html]
[ringpuppy2.dothome.co.kr/bbs/boardfe3c.html]
[ringpuppy2.dothome.co.kr/bbs/board7489.html]
[ringpuppy2.dothome.co.kr/bbs/board4cd3.html]
[ringpuppy2.dothome.co.kr/bbs/board552c.html]
[ringpuppy2.dothome.co.kr/bbs/board98dd.html]
[ringpuppy2.dothome.co.kr/bbs/board4bdb.html]
[ringpuppy2.dothome.co.kr/bbs/board0c0e.html]
[ringpuppy2.dothome.co.kr/bbs/board15fd.html]
[ringpuppy2.dothome.co.kr/bbs/board6dad.html]
[ringpuppy2.dothome.co.kr/bbs/board4000.html]
[ringpuppy2.dothome.co.kr/bbs/boardafbe.html]
[ringpuppy2.dothome.co.kr/bbs/board0c91.html]
[ringpuppy2.dothome.co.kr/bbs/boardab50.html]
[ringpuppy2.dothome.co.kr/bbs/board2e41.html]
[ringpuppy2.dothome.co.kr/bbs/board7962.html]
[ringpuppy2.dothome.co.kr/bbs/board980f.html]
[ringpuppy2.dothome.co.kr/bbs/board23f6.html]
[ringpuppy2.dothome.co.kr/bbs/board9bbb.html]
[ringpuppy2.dothome.co.kr/bbs/boarded0e.html]
[ringpuppy2.dothome.co.kr/bbs/board78b5.html]
[ringpuppy2.dothome.co.kr/bbs/boardd050.html]
[ringpuppy2.dothome.co.kr/bbs/board9292.html]
[ringpuppy2.dothome.co.kr/bbs/board5539.html]
[ringpuppy2.dothome.co.kr/bbs/boarde7a0.html]
[ringpuppy2.dothome.co.kr/bbs/board517f.html]
[ringpuppy2.dothome.co.kr/bbs/boardff4c.html]
[ringpuppy2.dothome.co.kr/bbs/board1908.html]
[ringpuppy2.dothome.co.kr/bbs/board1dd0.html]
[ringpuppy2.dothome.co.kr/bbs/board6a7c.html]
[ringpuppy2.dothome.co.kr/bbs/boardc739.html]
[ringpuppy2.dothome.co.kr/bbs/board1a11.html]
[ringpuppy2.dothome.co.kr/bbs/boardde31.html]
[ringpuppy2.dothome.co.kr/bbs/board33a2.html]
[ringpuppy2.dothome.co.kr/bbs/board9374.html]
[ringpuppy2.dothome.co.kr/bbs/boarda200.html]
[ringpuppy2.dothome.co.kr/bbs/board3328.html]
[ringpuppy2.dothome.co.kr/bbs/board2b93.html]
[ringpuppy2.dothome.co.kr/bbs/boarda8c6.html]
[ringpuppy2.dothome.co.kr/bbs/board80ae.html]
[ringpuppy2.dothome.co.kr/bbs/board38ca.html]
[ringpuppy2.dothome.co.kr/bbs/board9338.html]
[ringpuppy2.dothome.co.kr/bbs/board3236.html]
[ringpuppy2.dothome.co.kr/bbs/board49fe.html]
[ringpuppy2.dothome.co.kr/bbs/board2d27.html]
[ringpuppy2.dothome.co.kr/bbs/board8c8d.html]
[ringpuppy2.dothome.co.kr/bbs/board6769.html]
[ringpuppy2.dothome.co.kr/bbs/board3fb4.html]
[ringpuppy2.dothome.co.kr/bbs/board9447.html]
[ringpuppy2.dothome.co.kr/bbs/boardfbcb.html]
[ringpuppy2.dothome.co.kr/bbs/board83b7.html]
[ringpuppy2.dothome.co.kr/bbs/board244e.html]
[ringpuppy2.dothome.co.kr/bbs/board2817.html]
[ringpuppy2.dothome.co.kr/bbs/board5b19.html]
[ringpuppy2.dothome.co.kr/bbs/board520b.html]
[ringpuppy2.dothome.co.kr/bbs/board70ed.html]
[ringpuppy2.dothome.co.kr/bbs/boardc79c.html]
[ringpuppy2.dothome.co.kr/bbs/boarde8ea.html]
[ringpuppy2.dothome.co.kr/bbs/boarda521.html]
[ringpuppy2.dothome.co.kr/bbs/boardd17a.html]
[ringpuppy2.dothome.co.kr/bbs/board81c5.html]
[ringpuppy2.dothome.co.kr/bbs/board3d9c.html]
[ringpuppy2.dothome.co.kr/bbs/board90cd.html]
[ringpuppy2.dothome.co.kr/bbs/board6e17.html]
[ringpuppy2.dothome.co.kr/bbs/board9267.html]
[ringpuppy2.dothome.co.kr/bbs/boarde582.html]
[ringpuppy2.dothome.co.kr/bbs/board1681.html]
[ringpuppy2.dothome.co.kr/bbs/board4c39.html]
[ringpuppy2.dothome.co.kr/bbs/board3294.html]
[ringpuppy2.dothome.co.kr/bbs/board0a8e.html]
[ringpuppy2.dothome.co.kr/bbs/board0d6a.html]
[ringpuppy2.dothome.co.kr/bbs/board9696.html]
[ringpuppy2.dothome.co.kr/bbs/board175b.html]
[ringpuppy2.dothome.co.kr/bbs/board5d33.html]
[ringpuppy2.dothome.co.kr/bbs/boardcd26.html]
[ringpuppy2.dothome.co.kr/bbs/board0786.html]
[ringpuppy2.dothome.co.kr/bbs/boardf2aa.html]
[ringpuppy2.dothome.co.kr/bbs/board2301.html]
[ringpuppy2.dothome.co.kr/bbs/board05c3.html]
[ringpuppy2.dothome.co.kr/bbs/board6298.html]
[ringpuppy2.dothome.co.kr/bbs/boarde217.html]
[ringpuppy2.dothome.co.kr/bbs/boardbfa9.html]
[ringpuppy2.dothome.co.kr/bbs/board35de.html]
[ringpuppy2.dothome.co.kr/bbs/board194d.html]
[ringpuppy2.dothome.co.kr/bbs/boarda980.html]
[ringpuppy2.dothome.co.kr/bbs/board64b5.html]
[ringpuppy2.dothome.co.kr/bbs/board0adf.html]
[ringpuppy2.dothome.co.kr/bbs/board4eff.html]
[ringpuppy2.dothome.co.kr/bbs/board3376.html]
[ringpuppy2.dothome.co.kr/bbs/boardbaec.html]
[ringpuppy2.dothome.co.kr/bbs/board6e74.html]
[ringpuppy2.dothome.co.kr/bbs/board8ba5.html]
[ringpuppy2.dothome.co.kr/bbs/board79db.html]
[ringpuppy2.dothome.co.kr/bbs/board1aa7.html]
[ringpuppy2.dothome.co.kr/bbs/boardc9a5.html]
[ringpuppy2.dothome.co.kr/bbs/boardfa11.html]
[ringpuppy2.dothome.co.kr/bbs/boardb7ca.html]
[ringpuppy2.dothome.co.kr/bbs/boardb2d3.html]
[ringpuppy2.dothome.co.kr/bbs/board5eee.html]
[ringpuppy2.dothome.co.kr/bbs/board1326.html]
[ringpuppy2.dothome.co.kr/bbs/boarda1bc.html]
[ringpuppy2.dothome.co.kr/bbs/boardb6a7.html]
[ringpuppy2.dothome.co.kr/bbs/boardebc1.html]
[ringpuppy2.dothome.co.kr/bbs/board4a35.html]
[ringpuppy2.dothome.co.kr/bbs/boardcef1.html]
[ringpuppy2.dothome.co.kr/bbs/boarde3bd.html]
[ringpuppy2.dothome.co.kr/bbs/boarda95a.html]
[ringpuppy2.dothome.co.kr/bbs/board82a6.html]
[ringpuppy2.dothome.co.kr/bbs/board1d0a.html]
[ringpuppy2.dothome.co.kr/bbs/board4e47.html]
[ringpuppy2.dothome.co.kr/bbs/board5080.html]
[ringpuppy2.dothome.co.kr/bbs/board4db0.html]
[ringpuppy2.dothome.co.kr/bbs/boarddcaa.html]
[ringpuppy2.dothome.co.kr/bbs/board8070.html]
[ringpuppy2.dothome.co.kr/bbs/boardb850.html]
[ringpuppy2.dothome.co.kr/bbs/board6cba.html]
[ringpuppy2.dothome.co.kr/bbs/board5d2f.html]
[ringpuppy2.dothome.co.kr/bbs/board1180.html]
[ringpuppy2.dothome.co.kr/bbs/board126c.html]
[ringpuppy2.dothome.co.kr/bbs/board87f6.html]
[ringpuppy2.dothome.co.kr/bbs/board8481.html]
[ringpuppy2.dothome.co.kr/bbs/board40b8.html]
