[backblue.gif]
[fade.gif]
[index.html]
[songyi-portfolio.pe.kr/img/portfolio-pavicon.png]
[songyi-portfolio.pe.kr/js/jquery-1.10.2.min.js]
[songyi-portfolio.pe.kr/js/jquery.js]
[songyi-portfolio.pe.kr/bootstrap/js/bootstrap.js]
[songyi-portfolio.pe.kr/js/jquery.vide.js]
[songyi-portfolio.pe.kr/ppt/palgongtea-renewal.pptx]
[songyi-portfolio.pe.kr/ppt/canon-renewal.pptx]
[songyi-portfolio.pe.kr/ppt/kopri-renewal.pptx]
[songyi-portfolio.pe.kr/img/ill.png]
[songyi-portfolio.pe.kr/img/photo.png]
[songyi-portfolio.pe.kr/img/PI.png]
[songyi-portfolio.pe.kr/img/hover1-img.png]
[songyi-portfolio.pe.kr/img/hover2-img.png]
[songyi-portfolio.pe.kr/img/concept.png]
[songyi-portfolio.pe.kr/img/palgongtea-concept.png]
[songyi-portfolio.pe.kr/img/figma-concept.png]
[songyi-portfolio.pe.kr/photo/promo-2-last.gif]
[songyi-portfolio.pe.kr/pi/pi.png]
[songyi-portfolio.pe.kr/index.html]
[songyi-portfolio.pe.kr/css/reset.css]
[songyi-portfolio.pe.kr/css/common.css]
[songyi-portfolio.pe.kr/img/profile-icon.png]
[songyi-portfolio.pe.kr/img/profile-img.png]
[songyi-portfolio.pe.kr/img/profile-icon-after.png]
[songyi-portfolio.pe.kr/img/profile-img2.png]
[songyi-portfolio.pe.kr/img/website-img.png]
[songyi-portfolio.pe.kr/img/sec3-palgong-icon2.png]
[songyi-portfolio.pe.kr/img/sec3-palgong-icon1.png]
[songyi-portfolio.pe.kr/img/sec3-canon-icon2.png]
[songyi-portfolio.pe.kr/img/sec3-canon-icon1.png]
[songyi-portfolio.pe.kr/img/sec3-kopri-icon2.png]
[songyi-portfolio.pe.kr/img/sec3-kopri-icon.png]
[songyi-portfolio.pe.kr/img/sec3-newjeans-icon2.png]
[songyi-portfolio.pe.kr/img/sec3-newjeans-icon1.png]
[songyi-portfolio.pe.kr/img/sec3-vibeicon1.png]
[songyi-portfolio.pe.kr/img/sec3-vibeicon2.png]
[songyi-portfolio.pe.kr/img/hover2-2-img.png]
[songyi-portfolio.pe.kr/css/index.css]
[songyi-portfolio.pe.kr/bootstrap/css/bootstrap.css]
[fonts.googleapis.com/css2b210.css]
[fonts.googleapis.com/css230c1.css]
[songyi-portfolio.pe.kr/web/respon01/img/cherrys.png]
[kit.fontawesome.com/979b8c848e.js]
[songyi-portfolio.pe.kr/web/respon01/img/hamster.png]
[ajax.googleapis.com/ajax/libs/jquery/1.11.3/jquery.min.js]
[songyi-portfolio.pe.kr/web/respon01/js/jquery.vide.js]
[songyi-portfolio.pe.kr/web/respon01/respon01.html]
[songyi-portfolio.pe.kr/dy/dy01/img/mov.mp4]
[cdn.jsdelivr.net/npm/xeicon@2.3.3/xeicon.min.css]
[songyi-portfolio.pe.kr/dy/dy01/img/mov2.mp4]
[songyi-portfolio.pe.kr/dy/dy01/img/mov3.mp4]
[songyi-portfolio.pe.kr/dy/dy01/img/mov4.mp4]
[songyi-portfolio.pe.kr/dy/dy01/dy01.html]
[songyi-portfolio.pe.kr/ill/img/candy-2.png]
[songyi-portfolio.pe.kr/ill/img/iphone-shadow.png]
[songyi-portfolio.pe.kr/ill/img/iphone.png]
[songyi-portfolio.pe.kr/ill/img/shopbag.png]
[songyi-portfolio.pe.kr/ill/img/openbox-body.png]
[songyi-portfolio.pe.kr/ill/img/gifbox-white.png]
[songyi-portfolio.pe.kr/ill/img/shopbag-small.png]
[songyi-portfolio.pe.kr/ill/img/coppon.png]
[songyi-portfolio.pe.kr/ill/img/redshose.png]
[songyi-portfolio.pe.kr/ill/img/car.png]
[songyi-portfolio.pe.kr/ill/img/gifbox-pink.png]
[songyi-portfolio.pe.kr/ill/img/openbox-body2.png]
[songyi-portfolio.pe.kr/ill/img/hotballoon.png]
[songyi-portfolio.pe.kr/ill/img/cloud.png]
[songyi-portfolio.pe.kr/ill/img/map.png]
[songyi-portfolio.pe.kr/ill/img/glasses.png]
[songyi-portfolio.pe.kr/ill/img/shop.png]
[songyi-portfolio.pe.kr/ill/img/card1.png]
[songyi-portfolio.pe.kr/ill/img/card2.png]
[songyi-portfolio.pe.kr/ill/img/card3.png]
[songyi-portfolio.pe.kr/ill/img/Calculator.png]
[songyi-portfolio.pe.kr/ill/img/letter-head.png]
[songyi-portfolio.pe.kr/ill/img/letter-do.png]
[songyi-portfolio.pe.kr/ill/img/move-letter.png]
[songyi-portfolio.pe.kr/ill/img/letter-stick.png]
[songyi-portfolio.pe.kr/ill/ill.html]
[songyi-portfolio.pe.kr/web/respon01/css/reset.css]
[songyi-portfolio.pe.kr/web/respon01/img/logo1.png]
[songyi-portfolio.pe.kr/web/respon01/img/pic2.jpg]
[songyi-portfolio.pe.kr/web/respon01/img/pic3.jpg]
[songyi-portfolio.pe.kr/web/respon01/img/haribo.png]
[songyi-portfolio.pe.kr/web/respon01/img/newjeans.jpg]
[songyi-portfolio.pe.kr/web/respon01/img/logo2.png]
[songyi-portfolio.pe.kr/web/respon01/img/logo3.png]
[songyi-portfolio.pe.kr/web/respon01/css/respon01.css]
[songyi-portfolio.pe.kr/dy/dy01/css/reset.css]
[songyi-portfolio.pe.kr/dy/dy01/koverwatch.eot]
[songyi-portfolio.pe.kr/dy/dy01/koverwatch.woff]
[songyi-portfolio.pe.kr/dy/dy01/koverwatch.ttf]
[songyi-portfolio.pe.kr/dy/dy01/img/logo2.png]
[songyi-portfolio.pe.kr/dy/dy01/img/pic1.png]
[songyi-portfolio.pe.kr/dy/dy01/img/pic2.png]
[songyi-portfolio.pe.kr/dy/dy01/img/pic3.png]
[songyi-portfolio.pe.kr/dy/dy01/css/dy01.css]
[cdn.jsdelivr.net/npm/xeicon@2.3.3/fonts/xeicon75d5.woff2]
[cdn.jsdelivr.net/npm/xeicon@2.3.3/fonts/xeicon75d5.eot]
[cdn.jsdelivr.net/npm/xeicon@2.3.3/fonts/xeicon75d5.woff]
[cdn.jsdelivr.net/npm/xeicon@2.3.3/fonts/xeicon75d5.ttf]
[cdn.jsdelivr.net/npm/xeicon@2.3.3/fonts/xeicon75d5.svg]
[cdn.jsdelivr.net/npm/xeicon@2.3.3/xeicon.min.css]
[songyi-portfolio.pe.kr/ill/img/money.png]
[songyi-portfolio.pe.kr/ill/img/money-blue.png]
[songyi-portfolio.pe.kr/ill/img/facebook.png]
[songyi-portfolio.pe.kr/ill/img/twitter.png]
[songyi-portfolio.pe.kr/ill/css/ill.css]
[songyi-portfolio.pe.kr/ill/css/reset.css]
[cdn.jsdelivr.net/npm/xeicon@2.3.3/fonts/xeicon75d5.svg]
