[backblue.gif]
[fade.gif]
[index.html]
[www.i-butchicken.com/img/og-image.png]
[www.i-butchicken.com/favicon.ico]
[www.i-butchicken.com/js/jquery-1.12.4.min4fe0.js]
[www.i-butchicken.com/js/jquery-migrate-1.4.1.min4fe0.js]
[www.i-butchicken.com/js/jquery.menu4fe0.js]
[www.i-butchicken.com/js/common4fe0.js]
[www.i-butchicken.com/js/wrest4fe0.js]
[www.i-butchicken.com/js/placeholders.min4fe0.js]
[cdn.jsdelivr.net/npm/swiper@8.4.6/swiper.min.css]
[cdn.jsdelivr.net/npm/swiper@8.4.6/swiper-bundle.css]
[kit.fontawesome.com/15dfde8f2b.js]
[ajax.googleapis.com/ajax/libs/jquery/1.12.4/jquery.min.js]
[www.i-butchicken.com/js/header.js]
[cdn.jsdelivr.net/npm/swiper@8.4.6/swiper-bundle.esm.browser.js]
[www.i-butchicken.com/img/visual-img1.png]
[www.i-butchicken.com/img/visual-img2.png]
[www.i-butchicken.com/img/visual-img3.png]
[www.i-butchicken.com/img/visual-img4.png]
[www.i-butchicken.com/img/menu-img1.png]
[www.i-butchicken.com/img/menu-img2.png]
[www.i-butchicken.com/img/menu-img3.png]
[www.i-butchicken.com/img/menu-img4.png]
[www.i-butchicken.com/img/menu-img5.png]
[www.i-butchicken.com/img/menu-img6.png]
[www.i-butchicken.com/img/menu-img7.png]
[www.i-butchicken.com/img/menu-img8.png]
[www.i-butchicken.com/img/franchise-img.png]
[www.i-butchicken.com/img/brand-img.png]
[www.i-butchicken.com/index.html]
[www.i-butchicken.com/img/captcha2.png]
[www.i-butchicken.com/img/btn_first.gif]
[www.i-butchicken.com/img/btn_end.gif]
[www.i-butchicken.com/css/default7d54.css]
[cdn.jsdelivr.net/npm/swiper@8.4.6/swiper-bundle.min.js]
[www.i-butchicken.com/js/font-awesome/fonts/fontawesome-webfont3e6e.eot]
[www.i-butchicken.com/js/font-awesome/fonts/fontawesome-webfontd41d.eot]
[www.i-butchicken.com/js/font-awesome/fonts/fontawesome-webfont3e6e.woff2]
[www.i-butchicken.com/js/font-awesome/fonts/fontawesome-webfont3e6e.woff]
[www.i-butchicken.com/js/font-awesome/fonts/fontawesome-webfont3e6e.ttf]
[www.i-butchicken.com/js/font-awesome/css/font-awesome.min7d54.css]
[www.i-butchicken.com/skin/latest/basic_news/style7d54.css]
[www.i-butchicken.com/bbs/index.html]
[www.i-butchicken.com/img/visual-arrow.png]
[www.i-butchicken.com/css/main.css]
[www.i-butchicken.com/img/visual-arrow-small.png]
[cdn.jsdelivr.net/npm/swiper@8.4.6/swiper.min.css]
[cdn.jsdelivr.net/npm/swiper@8.4.6/swiper-bundle.css]
[www.i-butchicken.com/img/logo-w.svg]
[www.i-butchicken.com/sub/sub1-1.html]
[www.i-butchicken.com/img/sub1-1-img.png]
[www.i-butchicken.com/img/sub1-2-img1.png]
[www.i-butchicken.com/img/sub1-2-img2.png]
[www.i-butchicken.com/img/sub1-2-img3.png]
[www.i-butchicken.com/img/sub1-2-img4.png]
[www.i-butchicken.com/img/sub1-2-img5.png]
[www.i-butchicken.com/sub/sub1-2.html]
[www.i-butchicken.com/img/i-friend-bi.zip]
[www.i-butchicken.com/img/sub1-3-symbol-mark.png]
[www.i-butchicken.com/img/sub1-3-logotype1.png]
[www.i-butchicken.com/img/sub1-3-logotype2.png]
[www.i-butchicken.com/img/sub1-3-signature1.png]
[www.i-butchicken.com/img/sub1-3-signature2.png]
[www.i-butchicken.com/img/sub1-3-circular1.png]
[www.i-butchicken.com/img/sub1-3-circular2.png]
[www.i-butchicken.com/sub/sub1-3.html]
[www.i-butchicken.com/sub/sub1-4.html]
[cdn.jsdelivr.net/npm/swiper/swiper-bundle.min.css]
[www.i-butchicken.com/img/sub3-1-img1.png]
[www.i-butchicken.com/img/sub3-1-img2.png]
[www.i-butchicken.com/img/sub3-1-img3.png]
[www.i-butchicken.com/img/sub3-1-img4.png]
[www.i-butchicken.com/sub/sub3-1.html]
[www.i-butchicken.com/img/sub3-2-intro01.png]
[www.i-butchicken.com/img/sub3-2-intro02.png]
[www.i-butchicken.com/img/sub3-2-review01.png]
[www.i-butchicken.com/img/sub3-2-review02.png]
[www.i-butchicken.com/img/sub3-2-review03.png]
[www.i-butchicken.com/img/sub3-2-review04.png]
[www.i-butchicken.com/img/sub3-2-review05.png]
[www.i-butchicken.com/img/sub3-2-review06.png]
[www.i-butchicken.com/img/sub3-2-review07.png]
[www.i-butchicken.com/img/sub3-2-review08.png]
[www.i-butchicken.com/img/sub3-2-review09.png]
[www.i-butchicken.com/img/sub3-2-map01.png]
[www.i-butchicken.com/img/sub3-2-map02.png]
[www.i-butchicken.com/sub/sub3-2.html]
[www.i-butchicken.com/sub/sub3-3.html]
[www.i-butchicken.com/bbs/register.html]
[www.i-butchicken.com/bbs/login.html]
[www.i-butchicken.com/img/logo-b.svg]
[www.i-butchicken.com/bbs/content02b1.html]
[www.i-butchicken.com/bbs/content200d.html]
[www.i-butchicken.com/bbs/contentdb27.html]
[www.i-butchicken.com/js/font-awesome/fonts/fontawesome-webfont3e6e.svg]
[www.i-butchicken.com/css/sub-common.css]
[www.i-butchicken.com/img/sub-visual1.png]
[www.i-butchicken.com/img/sub1-2-icon.png]
[www.i-butchicken.com/css/sub1.css]
[cdn.jsdelivr.net/npm/swiper/swiper-bundle.min.js]
[fonts.googleapis.com/css230c1.css]
[www.i-butchicken.com/img/sub-visual3.png]
[www.i-butchicken.com/img/sub3-2-intro03.png]
[www.i-butchicken.com/img/sub3-2-low01.png]
[www.i-butchicken.com/img/sub3-2-taste01.png]
[www.i-butchicken.com/img/sub3-2-taste03.png]
[www.i-butchicken.com/img/sub3-2-taste04.png]
[www.i-butchicken.com/img/sub3-2-review11.png]
[www.i-butchicken.com/img/sub3-2-education01.png]
[www.i-butchicken.com/img/sub3-2-consulting01.png]
[www.i-butchicken.com/img/sub3-2-consulting02.png]
[www.i-butchicken.com/img/sub3-2-consulting03.png]
[www.i-butchicken.com/img/sub3-3-icon.png]
[www.i-butchicken.com/css/sub3.css]
[cdn.jsdelivr.net/npm/swiper/swiper-bundle.min.css]
[www.i-butchicken.com/skin/member/basic/img/chk.png]
[www.i-butchicken.com/skin/member/basic/style7d54.css]
[www.i-butchicken.com/img/sub-visual6.png]
[www.i-butchicken.com/css/sub6.css]
[www.i-butchicken.com/img/login-logo.png]
[www.i-butchicken.com/plugin/kcaptcha/kcaptcha.js]
[www.i-butchicken.com/bbs/password_lost.html]
[www.i-butchicken.com/plugin/kcaptcha/img/dot.gif]
[www.i-butchicken.com/skin/content/basic/style7d54.css]
[www.i-butchicken.com/plugin/kcaptcha/index.html]
