[backblue.gif]
[fade.gif]
[index.html]
[juhee.co.kr/img/favicon/apple-icon-57x57.png]
[juhee.co.kr/img/favicon/apple-icon-60x60.png]
[juhee.co.kr/img/favicon/apple-icon-72x72.png]
[juhee.co.kr/img/favicon/apple-icon-76x76.png]
[juhee.co.kr/img/favicon/apple-icon-114x114.png]
[juhee.co.kr/img/favicon/apple-icon-120x120.png]
[juhee.co.kr/img/favicon/apple-icon-144x144.png]
[juhee.co.kr/img/favicon/apple-icon-152x152.png]
[juhee.co.kr/img/favicon/apple-icon-180x180.png]
[juhee.co.kr/img/favicon/android-icon-192x192.png]
[juhee.co.kr/img/favicon/favicon-32x32.png]
[juhee.co.kr/img/favicon/favicon-96x96.png]
[juhee.co.kr/img/favicon/favicon-16x16.png]
[juhee.co.kr/img/favicon/manifest.json]
[juhee.co.kr/img/favicon/ms-icon-144x144.png]
[unpkg.com/aos@2.3.1/dist/aos.css]
[ajax.googleapis.com/ajax/libs/jquery/3.5.1/jquery.min.js]
[juhee.co.kr/bootstrap/js/bootstrap.min.js]
[unpkg.com/aos@2.3.1/dist/aos.js]
[juhee.co.kr/js/main.js]
[juhee.co.kr/img/about-img.jpg]
[juhee.co.kr/concept/dunkin.pdf]
[juhee.co.kr/img/dunkin-img.jpg]
[juhee.co.kr/img/concept-dunkin.jpg]
[juhee.co.kr/img/woosung-img.png]
[juhee.co.kr/concept/kasi.pdf]
[juhee.co.kr/img/kasi-img.jpg]
[juhee.co.kr/img/concept-kasi.jpg]
[juhee.co.kr/img/app-img02.png]
[juhee.co.kr/img/app-img01.png]
[juhee.co.kr/img/concept-app.jpg]
[juhee.co.kr/img/graphic-img01.jpg]
[juhee.co.kr/img/graphic-img02.jpg]
[juhee.co.kr/img/graphic-img03.jpg]
[juhee.co.kr/img/concept-pi.jpg]
[juhee.co.kr/img/graphic.jpg]
[juhee.co.kr/img/leaflet.jpg]
[juhee.co.kr/img/dy-img.jpg]
[juhee.co.kr/img/hover01.jpg]
[juhee.co.kr/img/hover02-01.jpg]
[juhee.co.kr/img/hover02-02.jpg]
[juhee.co.kr/index.html]
[juhee.co.kr/css/reset.css]
[juhee.co.kr/css/common.css]
[juhee.co.kr/img/more-bg.png]
[juhee.co.kr/img/logo.png]
[juhee.co.kr/img/all-bg.png]
[juhee.co.kr/img/about-img02.png]
[juhee.co.kr/img/about-img03.png]
[juhee.co.kr/img/dunkin-img02.png]
[juhee.co.kr/img/dunkin-img03.png]
[juhee.co.kr/img/kasi-img02.png]
[juhee.co.kr/img/kasi-img03.png]
[juhee.co.kr/img/kasi-img04.png]
[juhee.co.kr/img/icon.png]
[juhee.co.kr/img/dy-img02.png]
[juhee.co.kr/img/dy-img03.png]
[juhee.co.kr/css/main.css]
[juhee.co.kr/css/hover.css]
[fonts.googleapis.com/css2a9bd.css]
[juhee.co.kr/bootstrap/css/bootstrap.css]
[juhee.co.kr/bootstrap/css/bootstrap-theme.min.css]
[unpkg.com/aos@2.3.1/dist/aos.css]
[juhee.co.kr/web/woosung/html/img/og-img.jpg]
[juhee.co.kr/web/woosung/html/img/favicon/apple-icon-57x57.png]
[juhee.co.kr/web/woosung/html/img/favicon/apple-icon-60x60.png]
[juhee.co.kr/web/woosung/html/img/favicon/apple-icon-72x72.png]
[juhee.co.kr/web/woosung/html/img/favicon/apple-icon-76x76.png]
[juhee.co.kr/web/woosung/html/img/favicon/apple-icon-114x114.png]
[juhee.co.kr/web/woosung/html/img/favicon/apple-icon-120x120.png]
[juhee.co.kr/web/woosung/html/img/favicon/apple-icon-144x144.png]
[juhee.co.kr/web/woosung/html/img/favicon/apple-icon-152x152.png]
[juhee.co.kr/web/woosung/html/img/favicon/apple-icon-180x180.png]
[juhee.co.kr/web/woosung/html/img/favicon/android-icon-192x192.png]
[juhee.co.kr/web/woosung/html/img/favicon/favicon-32x32.png]
[juhee.co.kr/web/woosung/html/img/favicon/favicon-96x96.png]
[juhee.co.kr/web/woosung/html/img/favicon/favicon-16x16.png]
[juhee.co.kr/web/woosung/html/img/favicon/manifest.json]
[juhee.co.kr/web/woosung/html/img/favicon/ms-icon-144x144.png]
[cdn.jsdelivr.net/npm/swiper@8/swiper-bundle.min.css]
[ajax.googleapis.com/ajax/libs/jquery/3.6.0/jquery.min.js]
[juhee.co.kr/web/woosung/html/js/main.js]
[juhee.co.kr/web/woosung/html/index.html]
[cdnjs.cloudflare.com/ajax/libs/gsap/3.7.1/gsap.min.js]
[juhee.co.kr/web/kasi/html/img/og-img.jpg]
[cdn.jsdelivr.net/npm/swiper@8/swiper-bundle.min.js]
[juhee.co.kr/web/kasi/html/img/favicon/apple-icon-57x57.png]
[juhee.co.kr/web/kasi/html/img/favicon/apple-icon-60x60.png]
[juhee.co.kr/web/kasi/html/img/favicon/apple-icon-72x72.png]
[juhee.co.kr/web/kasi/html/img/favicon/apple-icon-76x76.png]
[juhee.co.kr/web/kasi/html/img/favicon/apple-icon-114x114.png]
[juhee.co.kr/web/kasi/html/img/favicon/apple-icon-120x120.png]
[juhee.co.kr/web/kasi/html/img/favicon/apple-icon-144x144.png]
[juhee.co.kr/web/kasi/html/img/favicon/apple-icon-152x152.png]
[juhee.co.kr/web/kasi/html/img/favicon/apple-icon-180x180.png]
[juhee.co.kr/web/kasi/html/img/favicon/android-icon-192x192.png]
[juhee.co.kr/web/kasi/html/img/favicon/favicon-32x32.png]
[juhee.co.kr/web/kasi/html/img/favicon/favicon-96x96.png]
[juhee.co.kr/web/kasi/html/img/favicon/favicon-16x16.png]
[unpkg.com/swiper@8/swiper-bundle.min.72.delayed]
[unpkg.com/swiper@8.4.7/swiper-bundle.min.css]
[unpkg.com/swiper/swiper-bundle.min.74.delayed]
[unpkg.com/swiper@9.1.1/swiper-bundle.min.css]
[unpkg.com/swiper@8/swiper-bundle.min.js]
[juhee.co.kr/web/kasi/html/js/jquery-1.12.3.js]
[juhee.co.kr/web/kasi/html/js/main.js]
[unpkg.com/swiper@8.4.7/swiper-bundle.min.js]
[juhee.co.kr/web/kasi/html/img/gnb-img.png]
[juhee.co.kr/web/kasi/html/img/swiper-button-prev-icon.png]
[juhee.co.kr/web/kasi/html/img/swiper-button-next-icon.png]
[juhee.co.kr/web/kasi/html/img/img-infor-kasi.jpg]
[juhee.co.kr/web/kasi/html/img/img-infor-photo.jpg]
[juhee.co.kr/web/kasi/html/img/img-infor-visit.jpg]
[juhee.co.kr/web/kasi/html/img/img-infra-alma.jpg]
[juhee.co.kr/web/kasi/html/img/img-infra-nssao.jpg]
[juhee.co.kr/web/kasi/html/img/img-infra-gmt.jpg]
[juhee.co.kr/web/kasi/html/img/img-media01.jpg]
[juhee.co.kr/web/kasi/html/img/img-media02.jpg]
[juhee.co.kr/web/kasi/html/img/img-media03.jpg]
[unpkg.com/swiper/swiper-bundle.min.js]
[juhee.co.kr/web/kasi/html/index.html]
[unpkg.com/swiper@9.1.1/swiper-bundle.min.js]
[juhee.co.kr/web/dy/html/js/jquery-1.12.3.js]
[juhee.co.kr/web/dy/html/js/main.js]
[juhee.co.kr/web/dy/html/img/monsters.mp4]
[juhee.co.kr/web/dy/html/img/toystory.mp4]
[juhee.co.kr/web/dy/html/img/dory.mp4]
[juhee.co.kr/web/dy/html/img/up.mp4]
[juhee.co.kr/web/dy/html/img/pic1.jpg]
[juhee.co.kr/web/dy/html/img/pic2.jpg]
[juhee.co.kr/web/dy/html/img/pic3.jpg]
[juhee.co.kr/web/dy/html/dy.html]
[juhee.co.kr/web/woosung/html/css/common.css]
[juhee.co.kr/web/woosung/html/img/logo.png]
[juhee.co.kr/web/woosung/html/img/tnb-menu-bg.jpg]
[juhee.co.kr/web/woosung/html/img/icon.png]
[juhee.co.kr/web/woosung/html/img/visual-img.jpg]
[juhee.co.kr/web/woosung/html/img/company-bg.png]
[juhee.co.kr/web/woosung/html/img/product-img01.jpg]
[juhee.co.kr/web/woosung/html/img/product-img02.jpg]
[juhee.co.kr/web/woosung/html/img/product-img03.jpg]
[juhee.co.kr/web/woosung/html/img/product-img04.jpg]
[juhee.co.kr/web/woosung/html/img/product-img05.jpg]
[juhee.co.kr/web/woosung/html/img/product-img06.jpg]
[juhee.co.kr/web/woosung/html/img/rd-img.jpg]
[juhee.co.kr/web/woosung/html/img/news-bg.jpg]
[juhee.co.kr/web/woosung/html/img/farm-bg.jpg]
[juhee.co.kr/web/woosung/html/img/farm-img01.jpg]
[juhee.co.kr/web/woosung/html/img/farm-img02.jpg]
[juhee.co.kr/web/woosung/html/img/farm-img03.jpg]
[juhee.co.kr/web/woosung/html/img/farm-img04.jpg]
[juhee.co.kr/web/woosung/html/img/farm-img05.jpg]
[juhee.co.kr/web/woosung/html/img/farm-img06.jpg]
[juhee.co.kr/web/woosung/html/img/farm-img07.jpg]
[juhee.co.kr/web/woosung/html/img/farm-img08.jpg]
[juhee.co.kr/web/woosung/html/img/farm-img09.jpg]
[juhee.co.kr/web/woosung/html/img/farm-img10.jpg]
[juhee.co.kr/web/woosung/html/img/recruit-bg.jpg]
[juhee.co.kr/web/woosung/html/img/logo2.png]
[juhee.co.kr/web/woosung/html/img/logo1.png]
[juhee.co.kr/web/woosung/html/css/main.css]
[fonts.googleapis.com/css25d0e.css]
[cdn.jsdelivr.net/npm/swiper@8/swiper-bundle.min.css]
[juhee.co.kr/web/kasi/html/img/bg-main.png]
[juhee.co.kr/web/kasi/html/img/logo.png]
[juhee.co.kr/web/kasi/html/img/tnb-icon.png]
[juhee.co.kr/web/kasi/html/img/logo-hover.png]
[juhee.co.kr/web/kasi/html/img/tnb-icon-hover.png]
[juhee.co.kr/web/kasi/html/img/f-sns-icon.png]
[juhee.co.kr/web/kasi/html/img/f-family-icon.png]
[juhee.co.kr/web/kasi/html/css/common.css]
[juhee.co.kr/web/kasi/html/img/bg-infra.png]
[juhee.co.kr/web/kasi/html/img/img-visual03.jpg]
[juhee.co.kr/web/kasi/html/img/img-visual02.jpg]
[juhee.co.kr/web/kasi/html/img/img-visual01.jpg]
[juhee.co.kr/web/kasi/html/img/icon-infor.png]
[juhee.co.kr/web/kasi/html/img/infra-icon.png]
[juhee.co.kr/web/kasi/html/img/bg-banner.jpg]
[juhee.co.kr/web/kasi/html/img/media-more-btn.png]
[juhee.co.kr/web/kasi/html/css/main.css]
[fonts.googleapis.com/css230c1.css]
[unpkg.com/swiper@8.4.7/swiper-bundle.min.css]
[unpkg.com/swiper@9.1.1/swiper-bundle.min.css]
[juhee.co.kr/index-2.html]
[juhee.co.kr/web/kasi/html/sub/sub01-02.html]
[juhee.co.kr/web/kasi/html/sub/sub05-01.html]
[juhee.co.kr/web/dy/html/css/reset.css]
[juhee.co.kr/web/dy/html/css/common.css]
[juhee.co.kr/web/dy/html/img/logo-1.png]
[juhee.co.kr/web/dy/html/css/dy.css]
[juhee.co.kr/web/kasi/html/img/img-visual.jpg]
[juhee.co.kr/web/kasi/html/img/vision-bg.jpg]
[juhee.co.kr/web/kasi/html/img/vision-bg.png]
[juhee.co.kr/web/kasi/html/img/vision-logo.png]
[juhee.co.kr/web/kasi/html/img/management-box.png]
[juhee.co.kr/web/kasi/html/img/development-bg.png]
[juhee.co.kr/web/kasi/html/img/development-plus.png]
[juhee.co.kr/web/kasi/html/img/development-icon.png]
[juhee.co.kr/web/kasi/html/img/mission-graph.png]
[juhee.co.kr/web/kasi/html/css/sub01-02.css]
[juhee.co.kr/web/kasi/html/img/sub-visual-05.jpg]
[juhee.co.kr/web/kasi/html/img/page-f-prev.png]
[juhee.co.kr/web/kasi/html/img/page-prev.png]
[juhee.co.kr/web/kasi/html/img/page-f-next.png]
[juhee.co.kr/web/kasi/html/img/page-next.png]
[juhee.co.kr/web/kasi/html/img/page-f-prev-hover.png]
[juhee.co.kr/web/kasi/html/img/page-prev-hover.png]
[juhee.co.kr/web/kasi/html/img/page-f-next-hover.png]
[juhee.co.kr/web/kasi/html/img/page-next-hover.png]
[juhee.co.kr/web/kasi/html/css/sub05-01.css]
