[backblue.gif]
[fade.gif]
[index.html]
[songyi1.dothome.co.kr/img/og.png]
[songyi1.dothome.co.kr/img/pavicon.png]
[cdn.jsdelivr.net/npm/swiper/swiper-bundle.min.css]
[kit.fontawesome.com/979b8c848e.js]
[songyi1.dothome.co.kr/js/jquery-1.10.2.min.js]
[songyi1.dothome.co.kr/js/slide.js]
[songyi1.dothome.co.kr/js/jquery-01.js]
[songyi1.dothome.co.kr/img/check-acive.png]
[songyi1.dothome.co.kr/img/check-uses.png]
[songyi1.dothome.co.kr/img/check-virtual.png]
[ajax.googleapis.com/ajax/libs/jquery/1.12.4/jquery.min.js]
[songyi1.dothome.co.kr/index.html]
[fonts.googleapis.com/css2a9bd.css]
[cdn.jsdelivr.net/npm/swiper/swiper-bundle.min.css]
[songyi1.dothome.co.kr/css/reset.css]
[songyi1.dothome.co.kr/img/visual-1.png]
[songyi1.dothome.co.kr/img/visual-2.png]
[songyi1.dothome.co.kr/img/visual-3.png]
[cdn.jsdelivr.net/npm/swiper/swiper-bundle.min.js]
[songyi1.dothome.co.kr/img/visual-4.png]
[songyi1.dothome.co.kr/img/visual-5.png]
[songyi1.dothome.co.kr/img/infra-bg.png]
[songyi1.dothome.co.kr/img/infra-araon-slide.png]
[songyi1.dothome.co.kr/img/infra-dasan-po.png]
[songyi1.dothome.co.kr/img/infra-jangbogo-slide.png]
[songyi1.dothome.co.kr/img/infra-saejong-slide.png]
[songyi1.dothome.co.kr/img/icon/infra-icon.png]
[songyi1.dothome.co.kr/img/icon/infra-prev.png]
[songyi1.dothome.co.kr/img/bg-top.png]
[songyi1.dothome.co.kr/img/icon/check-icon.png]
[songyi1.dothome.co.kr/img/icon/infra-small-prev.png]
[songyi1.dothome.co.kr/img/quick-menu1-aticle.png]
[songyi1.dothome.co.kr/img/quick-menu2-aticle.png]
[songyi1.dothome.co.kr/img/quick-menu3-aticle.png]
[songyi1.dothome.co.kr/img/quick-menu4-aticle1.png]
[songyi1.dothome.co.kr/img/quick-menu5-aticle.png]
[songyi1.dothome.co.kr/img/sence-bg-.png]
[songyi1.dothome.co.kr/img/bg-bottom.png]
[songyi1.dothome.co.kr/css/index.css]
[songyi1.dothome.co.kr/img/logo.png]
[songyi1.dothome.co.kr/img/submenu_bg-1.png]
[songyi1.dothome.co.kr/img/submenu_bg-2.png]
[songyi1.dothome.co.kr/img/submenu_bg-3.png]
[songyi1.dothome.co.kr/img/submenu_bg-4.png]
[songyi1.dothome.co.kr/img/submenu_bg-5.png]
[songyi1.dothome.co.kr/img/icon/sns-icon.png]
[songyi1.dothome.co.kr/css/common.css]
[songyi1.dothome.co.kr/sub/sub-1.html]
[songyi1.dothome.co.kr/sub/sub-2.html]
[songyi1.dothome.co.kr/img/bg.png]
[songyi1.dothome.co.kr/css/sub-common.css]
[songyi1.dothome.co.kr/sub/img/sub-visual.png]
[songyi1.dothome.co.kr/sub/img/sub-intro-sec1-bg.png]
[songyi1.dothome.co.kr/sub/img/sub-intro-sec2-bg.png]
[songyi1.dothome.co.kr/sub/img/sub-intro-sec3-bg.png]
[songyi1.dothome.co.kr/sub/img/sub-intro-sec4-boxbg.png]
[songyi1.dothome.co.kr/sub/img/sub-intro-sec4-icon.png]
[songyi1.dothome.co.kr/sub/img/sub-intro-ci.png]
[songyi1.dothome.co.kr/sub/img/sub-intro-sec5-download.png]
[songyi1.dothome.co.kr/css/sub-index.css]
[songyi1.dothome.co.kr/index-2.html]
[songyi1.dothome.co.kr/img/icon/save_FILL0_wght400_GRAD0_opsz48.png]
[songyi1.dothome.co.kr/css/sub-2-index.css]
